Component: ARM Compiler 5.06 update 1 (build 61) Tool: armlink [4d35a8]

==============================================================================

Section Cross References

    main.o(i.main) refers to fun.o(i.StartSys) for StartSys
    main.o(i.main) refers to coreinit.o(i._delay_ms) for _delay_ms
    main.o(i.main) refers to fun.o(i.DHT11Init) for DHT11Init
    main.o(i.main) refers to wifimgr.o(i.WiFi_IsWiFiConnected) for WiFi_IsWiFiConnected
    main.o(i.main) refers to wifimgr.o(i.WiFi_StartWiFiConnecting) for WiFi_StartWiFiConnecting
    main.o(i.main) refers to strcpy.o(.text) for strcpy
    main.o(i.main) refers to serverdriver.o(i.Server_checkForResponse) for Server_checkForResponse
    main.o(i.main) refers to serverdriver.o(i.Server_ConnectTo) for Server_ConnectTo
    main.o(i.main) refers to serverdriver.o(i.Server_Request) for Server_Request
    main.o(i.main) refers to fun.o(i.getSoilMoisture) for getSoilMoisture
    main.o(i.main) refers to printfa.o(i.__0sprintf) for __2sprintf
    main.o(i.main) refers to fun.o(i.getDHTData) for getDHTData
    main.o(i.main) refers to fun.o(i.getInsolation) for getInsolation
    main.o(i.main) refers to uartdrv.o(.bss) for _UART1_RxLine
    main.o(i.main) refers to globalvar.o(.bss) for rxLocker
    fun.o(i.BlinkError) refers to coreinit.o(i._delay_ms) for _delay_ms
    fun.o(i.DHT11Init) refers to coreinit.o(i._delay_ms) for _delay_ms
    fun.o(i.DHT11Init) refers to fun.o(i.getDHTData) for getDHTData
    fun.o(i.EngineInit) refers to timerhighdrv.o(i.TimerBaseInit) for TimerBaseInit
    fun.o(i.EngineInit) refers to timerhighdrv.o(i.TimerPWMxOutInit) for TimerPWMxOutInit
    fun.o(i.EngineInit) refers to timerhighdrv.o(i.TimerPWMStart) for TimerPWMStart
    fun.o(i.MemoryInit) refers to i2cdrv.o(i.I2C1_init) for I2C1_init
    fun.o(i.MemoryInit) refers to coreinit.o(i._delay_ms) for _delay_ms
    fun.o(i.MemoryInit) refers to eeprom.o(i.EERead_Byte) for EERead_Byte
    fun.o(i.SoilHygrometerInsolationInit) refers to dmadrv.o(i.DMAforADC_config) for DMAforADC_config
    fun.o(i.SoilHygrometerInsolationInit) refers to adchighdrv.o(i.ADC_config) for ADC_config
    fun.o(i.SoilHygrometerInsolationInit) refers to stm32f10x_adc.o(i.ADC_SoftwareStartConvCmd) for ADC_SoftwareStartConvCmd
    fun.o(i.SoilHygrometerInsolationInit) refers to fun.o(.bss) for adcData
    fun.o(i.StartSys) refers to coreinit.o(i.CoreInit) for CoreInit
    fun.o(i.StartSys) refers to fun.o(i.EngineInit) for EngineInit
    fun.o(i.StartSys) refers to fun.o(i.SoilHygrometerInsolationInit) for SoilHygrometerInsolationInit
    fun.o(i.StartSys) refers to fun.o(i.DHT11Init) for DHT11Init
    fun.o(i.StartSys) refers to fun.o(i.MemoryInit) for MemoryInit
    fun.o(i.StartSys) refers to fun.o(i.WiFiInit) for WiFiInit
    fun.o(i.StartSys) refers to serverdriver.o(i.Server_StartRxListener) for Server_StartRxListener
    fun.o(i.StartSys) refers to fun.o(.conststring) for .conststring
    fun.o(i.WiFiInit) refers to dmadrv.o(i.DMAforUART1_RX_config) for DMAforUART1_RX_config
    fun.o(i.WiFiInit) refers to uartdrv.o(i.UART1_init) for UART1_init
    fun.o(i.WiFiInit) refers to coreinit.o(i._delay_ms) for _delay_ms
    fun.o(i.WiFiInit) refers to wifimgr.o(i.WiFi_InitApMode) for WiFi_InitApMode
    fun.o(i.WiFiInit) refers to wifimgr.o(i.WiFi_InitClientMode) for WiFi_InitClientMode
    fun.o(i.WiFiInit) refers to fun.o(i.BlinkError) for BlinkError
    fun.o(i.WiFiInit) refers to uartdrv.o(.bss) for _UART1_RxLine
    fun.o(i.getDHTData) refers to coreinit.o(i._delay_ms) for _delay_ms
    fun.o(i.getDHTData) refers to coreinit.o(i._delay_us) for _delay_us
    fun.o(i.getDHTData) refers to fun.o(i.DHT11_waitFor) for DHT11_waitFor
    fun.o(i.getDHTData) refers to coreinit.o(i.getTimeStamp) for getTimeStamp
    fun.o(i.getDHTData) refers to coreinit.o(i.getDuration) for getDuration
    fun.o(i.getInsolation) refers to coreinit.o(i._delay_ms) for _delay_ms
    fun.o(i.getInsolation) refers to fun.o(.bss) for adcData
    fun.o(i.getSoilMoisture) refers to coreinit.o(i._delay_ms) for _delay_ms
    fun.o(i.getSoilMoisture) refers to fun.o(.bss) for adcData
    esp8266drv.o(i.esp8266_checkResponse) refers to strstr.o(.text) for strstr
    esp8266drv.o(i.esp8266_checkResponse) refers to uartdrv.o(.bss) for _UART1_RxLine
    esp8266drv.o(i.esp8266_sendAsk) refers to uartdrv.o(i.UART1_flushRx) for UART1_flushRx
    esp8266drv.o(i.esp8266_sendAsk) refers to uartdrv.o(i.UART1_putStr) for UART1_putStr
    esp8266drv.o(i.esp8266_sendCmd) refers to uartdrv.o(i.UART1_flushRx) for UART1_flushRx
    esp8266drv.o(i.esp8266_sendCmd) refers to uartdrv.o(i.UART1_putStr) for UART1_putStr
    esp8266drv.o(i.esp8266_sendData) refers to uartdrv.o(i.UART1_flushRx) for UART1_flushRx
    esp8266drv.o(i.esp8266_sendData) refers to uartdrv.o(i.UART1_putStr) for UART1_putStr
    esp8266drv.o(i.esp8266_waitForPrompt) refers to strstr.o(.text) for strstr
[...]
    esp8266drv.o(i.esp8266_waitForSpecResp) refers to strstr.o(.text) for strstr
    esp8266drv.o(i.esp8266_waitForSpecResp) refers to uartdrv.o(.bss) for _UART1_RxLine
    serverdriver.o(i.Server_ConnectTo) refers to printfa.o(i.__0sprintf) for __2sprintf
    serverdriver.o(i.Server_ConnectTo) refers to esp8266drv.o(i.esp8266_sendData) for esp8266_sendData
    serverdriver.o(i.Server_ConnectTo) refers to esp8266drv.o(i.esp8266_waitForResp) for esp8266_waitForResp
    serverdriver.o(i.Server_Request) refers to strlen.o(.text) for strlen
    serverdriver.o(i.Server_Request) refers to printfa.o(i.__0sprintf) for __2sprintf
    serverdriver.o(i.Server_Request) refers to serverdriver.o(i.Server_getRequestLength) for Server_getRequestLength
    serverdriver.o(i.Server_Request) refers to esp8266drv.o(i.esp8266_sendData) for esp8266_sendData
    serverdriver.o(i.Server_Request) refers to esp8266drv.o(i.esp8266_waitForPrompt) for esp8266_waitForPrompt
    serverdriver.o(i.Server_Request) refers to uartdrv.o(i.UART1_putStr) for UART1_putStr
    serverdriver.o(i.Server_Request) refers to serverdriver.o(i.Server_putHttpRequestParams) for Server_putHttpRequestParams
    serverdriver.o(i.Server_RxListen) refers to _scanf_int.o(.text) for _scanf_int
    serverdriver.o(i.Server_RxListen) refers to strstr.o(.text) for strstr
    serverdriver.o(i.Server_RxListen) refers to __0sscanf.o(.text) for __0sscanf
    serverdriver.o(i.Server_RxListen) refers to uartdrv.o(i.UART1_flushRx) for UART1_flushRx
    serverdriver.o(i.Server_RxListen) refers to serverdriver.o(i.Server_SendData) for Server_SendData
    serverdriver.o(i.Server_RxListen) refers to printfa.o(i.__0sprintf) for __2sprintf
    serverdriver.o(i.Server_RxListen) refers to esp8266drv.o(i.esp8266_sendData) for esp8266_sendData
    serverdriver.o(i.Server_RxListen) refers to uartdrv.o(.bss) for _UART1_RxLine
    serverdriver.o(i.Server_RxListen) refers to serverdriver.o(.data) for client
    serverdriver.o(i.Server_SendData) refers to printfa.o(i.__0sprintf) for __2sprintf
    serverdriver.o(i.Server_SendData) refers to strlen.o(.text) for strlen
    serverdriver.o(i.Server_SendData) refers to esp8266drv.o(i.esp8266_sendData) for esp8266_sendData
    serverdriver.o(i.Server_SendData) refers to esp8266drv.o(i.esp8266_waitForPrompt) for esp8266_waitForPrompt
    serverdriver.o(i.Server_SendData) refers to uartdrv.o(i.UART1_putStr) for UART1_putStr
    serverdriver.o(i.Server_SendData) refers to globalvar.o(.data) for seconds
    serverdriver.o(i.Server_StartRxListener) refers to uartdrv.o(i.UART1_flushRx) for UART1_flushRx
    serverdriver.o(i.Server_StartRxListener) refers to serverdriver.o(.data) for serverResp
    serverdriver.o(i.Server_checkForResponse) refers to strstr.o(.text) for strstr
    serverdriver.o(i.Server_checkForResponse) refers to strcpy.o(.text) for strcpy
    serverdriver.o(i.Server_checkForResponse) refers to uartdrv.o(.bss) for _UART1_RxLine
    serverdriver.o(i.Server_getRequestLength) refers to strlen.o(.text) for strlen
    serverdriver.o(i.Server_putHttpRequestParams) refers to uartdrv.o(i.UART1_putStr) for UART1_putStr
    json.o(i.JSON_FromString) refers to malloc.o(i.malloc) for malloc
    json.o(i.JSON_FromString) refers to json.o(i.JSON_getFirstJObj) for JSON_getFirstJObj
    json.o(i.JSON_FromString) refers to strstr.o(.text) for strstr
    json.o(i.JSON_getFirstJObj) refers to strstr.o(.text) for strstr
    json.o(i.JSON_getFirstJObj) refers to malloc.o(i.malloc) for malloc
    json.o(i.JSON_getFirstJObj) refers to strncpy.o(.text) for strncpy
    wifimgr.o(i.WiFi_InitApMode) refers to esp8266drv.o(i.esp8266_sendData) for esp8266_sendData
    wifimgr.o(i.WiFi_InitApMode) refers to esp8266drv.o(i.esp8266_waitForResp) for esp8266_waitForResp
    wifimgr.o(i.WiFi_InitApMode) refers to printfa.o(i.__0sprintf) for __2sprintf
    wifimgr.o(i.WiFi_InitClientMode) refers to esp8266drv.o(i.esp8266_sendData) for esp8266_sendData
    wifimgr.o(i.WiFi_InitClientMode) refers to esp8266drv.o(i.esp8266_waitForResp) for esp8266_waitForResp
    wifimgr.o(i.WiFi_IsWiFiConnected) refers to esp8266drv.o(i.esp8266_sendAsk) for esp8266_sendAsk
    wifimgr.o(i.WiFi_IsWiFiConnected) refers to esp8266drv.o(i.esp8266_waitForSpecResp) for esp8266_waitForSpecResp
    wifimgr.o(i.WiFi_StartWiFiConnecting) refers to printfa.o(i.__0sprintf) for __2sprintf
    wifimgr.o(i.WiFi_StartWiFiConnecting) refers to esp8266drv.o(i.esp8266_sendData) for esp8266_sendData
    wifimgr.o(i.WiFi_StartWiFiConnecting) refers to esp8266drv.o(i.esp8266_waitForResp) for esp8266_waitForResp
    staticmemorydrv.o(i.StaticMemory_Format) refers to stm32f10x_flash.o(i.FLASH_Unlock) for FLASH_Unlock
    staticmemorydrv.o(i.StaticMemory_Format) refers to stm32f10x_flash.o(i.FLASH_ErasePage) for FLASH_ErasePage
    staticmemorydrv.o(i.StaticMemory_Format) refers to stm32f10x_flash.o(i.FLASH_Lock) for FLASH_Lock
    staticmemorydrv.o(i.StaticMemory_Write) refers to stm32f10x_flash.o(i.FLASH_Unlock) for FLASH_Unlock
    staticmemorydrv.o(i.StaticMemory_Write) refers to stm32f10x_flash.o(i.FLASH_ProgramHalfWord) for FLASH_ProgramHalfWord
    staticmemorydrv.o(i.StaticMemory_Write) refers to stm32f10x_flash.o(i.FLASH_Lock) for FLASH_Lock
    eeprom.o(i.EEInit) refers to eeprom.o(.data) for sla
    eeprom.o(i.EERead_Byte) refers to i2cdrv.o(i.I2C1_read_buf) for I2C1_read_buf
    eeprom.o(i.EERead_Byte) refers to eeprom.o(.data) for sla
    eeprom.o(i.EERead_String) refers to eeprom.o(.data) for sla
    stm32f10x_adc.o(i.ADC_DeInit) refers to stm32f10x_rcc.o(i.RCC_APB2PeriphResetCmd) for RCC_APB2PeriphResetCmd
    stm32f10x_bkp.o(i.BKP_DeInit) refers to stm32f10x_rcc.o(i.RCC_BackupResetCmd) for RCC_BackupResetCmd
    stm32f10x_flash.o(i.FLASH_EnableWriteProtection) refers to stm32f10x_flash.o(i.FLASH_WaitForLastOperation) for FLASH_WaitForLastOperation
    stm32f10x_flash.o(i.FLASH_EraseAllBank1Pages) refers to stm32f10x_flash.o(i.FLASH_WaitForLastBank1Operation) for FLASH_WaitForLastBank1Operation
    stm32f10x_flash.o(i.FLASH_EraseAllPages) refers to stm32f10x_flash.o(i.FLASH_WaitForLastOperation) for FLASH_WaitForLastOperation
    stm32f10x_flash.o(i.FLASH_EraseOptionBytes) refers to stm32f10x_flash.o(i.FLASH_GetReadOutProtectionStatus) for FLASH_GetReadOutProtectionStatus
    stm32f10x_flash.o(i.FLASH_EraseOptionBytes) refers to stm32f10x_flash.o(i.FLASH_WaitForLastOperation) for FLASH_WaitForLastOperation
    stm32f10x_flash.o(i.FLASH_ErasePage) refers to stm32f10x_flash.o(i.FLASH_WaitForLastOperation) for FLASH_WaitForLastOperation
    stm32f10x_flash.o(i.FLASH_ProgramHalfWord) refers to stm32f10x_flash.o(i.FLASH_WaitForLastOperation) for FLASH_WaitForLastOperation
    stm32f10x_flash.o(i.FLASH_ProgramOptionByteData) refers to stm32f10x_flash.o(i.FLASH_WaitForLastOperation) for FLASH_WaitForLastOperation
    stm32f10x_flash.o(i.FLASH_ProgramWord) refers to stm32f10x_flash.o(i.FLASH_WaitForLastOperation) for FLASH_WaitForLastOperation
    stm32f10x_flash.o(i.FLASH_ReadOutProtection) refers to stm32f10x_flash.o(i.FLASH_WaitForLastOperation) for FLASH_WaitForLastOperation
    stm32f10x_flash.o(i.FLASH_UserOptionByteConfig) refers to stm32f10x_flash.o(i.FLASH_WaitForLastOperation) for FLASH_WaitForLastOperation
    stm32f10x_flash.o(i.FLASH_WaitForLastBank1Operation) refers to stm32f10x_flash.o(i.FLASH_GetBank1Status) for FLASH_GetBank1Status
    stm32f10x_flash.o(i.FLASH_WaitForLastOperation) refers to stm32f10x_flash.o(i.FLASH_GetBank1Status) for FLASH_GetBank1Status
    stm32f10x_gpio.o(i.GPIO_AFIODeInit) refers to stm32f10x_rcc.o(i.RCC_APB2PeriphResetCmd) for RCC_APB2PeriphResetCmd
    stm32f10x_gpio.o(i.GPIO_DeInit) refers to stm32f10x_rcc.o(i.RCC_APB2PeriphResetCmd) for RCC_APB2PeriphResetCmd
    stm32f10x_pwr.o(i.PWR_DeInit) refers to stm32f10x_rcc.o(i.RCC_APB1PeriphResetCmd) for RCC_APB1PeriphResetCmd
    stm32f10x_rtc.o(i.RTC_SetAlarm) refers to stm32f10x_rtc.o(i.RTC_EnterConfigMode) for RTC_EnterConfigMode
    stm32f10x_rtc.o(i.RTC_SetAlarm) refers to stm32f10x_rtc.o(i.RTC_ExitConfigMode) for RTC_ExitConfigMode
    stm32f10x_rtc.o(i.RTC_SetCounter) refers to stm32f10x_rtc.o(i.RTC_EnterConfigMode) for RTC_EnterConfigMode
    stm32f10x_rtc.o(i.RTC_SetCounter) refers to stm32f10x_rtc.o(i.RTC_ExitConfigMode) for RTC_ExitConfigMode
    stm32f10x_rtc.o(i.RTC_SetPrescaler) refers to stm32f10x_rtc.o(i.RTC_EnterConfigMode) for RTC_EnterConfigMode
    stm32f10x_rtc.o(i.RTC_SetPrescaler) refers to stm32f10x_rtc.o(i.RTC_ExitConfigMode) for RTC_ExitConfigMode
    stm32f10x_rcc.o(i.RCC_GetClocksFreq) refers to stm32f10x_rcc.o(.data) for APBAHBPrescTable
    stm32f10x_rcc.o(i.RCC_WaitForHSEStartUp) refers to stm32f10x_rcc.o(i.RCC_GetFlagStatus) for RCC_GetFlagStatus
    stm32f10x_usart.o(i.USART_DeInit) refers to stm32f10x_rcc.o(i.RCC_APB2PeriphResetCmd) for RCC_APB2PeriphResetCmd
    stm32f10x_usart.o(i.USART_DeInit) refers to stm32f10x_rcc.o(i.RCC_APB1PeriphResetCmd) for RCC_APB1PeriphResetCmd
    stm32f10x_usart.o(i.USART_Init) refers to stm32f10x_rcc.o(i.RCC_GetClocksFreq) for RCC_GetClocksFreq
    stm32f10x_tim.o(i.TIM_DeInit) refers to stm32f10x_rcc.o(i.RCC_APB2PeriphResetCmd) for RCC_APB2PeriphResetCmd
    stm32f10x_tim.o(i.TIM_DeInit) refers to stm32f10x_rcc.o(i.RCC_APB1PeriphResetCmd) for RCC_APB1PeriphResetCmd
    stm32f10x_tim.o(i.TIM_ETRClockMode1Config) refers to stm32f10x_tim.o(i.TIM_ETRConfig) for TIM_ETRConfig
    stm32f10x_tim.o(i.TIM_ETRClockMode2Config) refers to stm32f10x_tim.o(i.TIM_ETRConfig) for TIM_ETRConfig
    stm32f10x_tim.o(i.TIM_ICInit) refers to stm32f10x_tim.o(i.TI1_Config) for TI1_Config
    stm32f10x_tim.o(i.TIM_ICInit) refers to stm32f10x_tim.o(i.TIM_SetIC1Prescaler) for TIM_SetIC1Prescaler
    stm32f10x_tim.o(i.TIM_ICInit) refers to stm32f10x_tim.o(i.TI2_Config) for TI2_Config
    stm32f10x_tim.o(i.TIM_ICInit) refers to stm32f10x_tim.o(i.TIM_SetIC2Prescaler) for TIM_SetIC2Prescaler
    stm32f10x_tim.o(i.TIM_ICInit) refers to stm32f10x_tim.o(i.TI3_Config) for TI3_Config
    stm32f10x_tim.o(i.TIM_ICInit) refers to stm32f10x_tim.o(i.TIM_SetIC3Prescaler) for TIM_SetIC3Prescaler
    stm32f10x_tim.o(i.TIM_ICInit) refers to stm32f10x_tim.o(i.TI4_Config) for TI4_Config
    stm32f10x_tim.o(i.TIM_ICInit) refers to stm32f10x_tim.o(i.TIM_SetIC4Prescaler) for TIM_SetIC4Prescaler
    stm32f10x_tim.o(i.TIM_ITRxExternalClockConfig) refers to stm32f10x_tim.o(i.TIM_SelectInputTrigger) for TIM_SelectInputTrigger
    stm32f10x_tim.o(i.TIM_PWMIConfig) refers to stm32f10x_tim.o(i.TI1_Config) for TI1_Config
    stm32f10x_tim.o(i.TIM_PWMIConfig) refers to stm32f10x_tim.o(i.TIM_SetIC1Prescaler) for TIM_SetIC1Prescaler
    stm32f10x_tim.o(i.TIM_PWMIConfig) refers to stm32f10x_tim.o(i.TI2_Config) for TI2_Config
    stm32f10x_tim.o(i.TIM_PWMIConfig) refers to stm32f10x_tim.o(i.TIM_SetIC2Prescaler) for TIM_SetIC2Prescaler
    stm32f10x_tim.o(i.TIM_TIxExternalClockConfig) refers to stm32f10x_tim.o(i.TI2_Config) for TI2_Config
    stm32f10x_tim.o(i.TIM_TIxExternalClockConfig) refers to stm32f10x_tim.o(i.TI1_Config) for TI1_Config
    stm32f10x_tim.o(i.TIM_TIxExternalClockConfig) refers to stm32f10x_tim.o(i.TIM_SelectInputTrigger) for TIM_SelectInputTrigger
    stm32f10x_i2c.o(i.I2C_DeInit) refers to stm32f10x_rcc.o(i.RCC_APB1PeriphResetCmd) for RCC_APB1PeriphResetCmd
    stm32f10x_i2c.o(i.I2C_Init) refers to stm32f10x_rcc.o(i.RCC_GetClocksFreq) for RCC_GetClocksFreq
    adchighdrv.o(i.ADC_ChPrepare) refers to stm32f10x_adc.o(i.ADC_RegularChannelConfig) for ADC_RegularChannelConfig
    adchighdrv.o(i.ADC_DMAStartUp) refers to stm32f10x_adc.o(i.ADC_DMACmd) for ADC_DMACmd
    adchighdrv.o(i.ADC_StartUp) refers to stm32f10x_adc.o(i.ADC_Cmd) for ADC_Cmd
    adchighdrv.o(i.ADC_StartUp) refers to stm32f10x_adc.o(i.ADC_ResetCalibration) for ADC_ResetCalibration
    adchighdrv.o(i.ADC_StartUp) refers to stm32f10x_adc.o(i.ADC_GetResetCalibrationStatus) for ADC_GetResetCalibrationStatus
    adchighdrv.o(i.ADC_StartUp) refers to stm32f10x_adc.o(i.ADC_StartCalibration) for ADC_StartCalibration
    adchighdrv.o(i.ADC_StartUp) refers to stm32f10x_adc.o(i.ADC_GetCalibrationStatus) for ADC_GetCalibrationStatus
    adchighdrv.o(i.ADC_StartUp) refers to stm32f10x_adc.o(i.ADC_SoftwareStartConvCmd) for ADC_SoftwareStartConvCmd
    adchighdrv.o(i.ADC_config) refers to stm32f10x_adc.o(i.ADC_Init) for ADC_Init
    adchighdrv.o(i.ADC_config) refers to stm32f10x_adc.o(i.ADC_RegularChannelConfig) for ADC_RegularChannelConfig
    adchighdrv.o(i.ADC_config) refers to stm32f10x_adc.o(i.ADC_DMACmd) for ADC_DMACmd
    adchighdrv.o(i.ADC_config) refers to stm32f10x_adc.o(i.ADC_Cmd) for ADC_Cmd
    adchighdrv.o(i.ADC_config) refers to stm32f10x_adc.o(i.ADC_ResetCalibration) for ADC_ResetCalibration
    adchighdrv.o(i.ADC_config) refers to stm32f10x_adc.o(i.ADC_GetResetCalibrationStatus) for ADC_GetResetCalibrationStatus
    adchighdrv.o(i.ADC_config) refers to stm32f10x_adc.o(i.ADC_StartCalibration) for ADC_StartCalibration
    adchighdrv.o(i.ADC_config) refers to stm32f10x_adc.o(i.ADC_GetCalibrationStatus) for ADC_GetCalibrationStatus
    adchighdrv.o(i.ADC_init) refers to stm32f10x_adc.o(i.ADC_Init) for ADC_Init
    dmadrv.o(i.DMAforADC_config) refers to stm32f10x_dma.o(i.DMA_DeInit) for DMA_DeInit
    dmadrv.o(i.DMAforADC_config) refers to stm32f10x_dma.o(i.DMA_Init) for DMA_Init
    dmadrv.o(i.DMAforADC_config) refers to stm32f10x_dma.o(i.DMA_Cmd) for DMA_Cmd
    dmadrv.o(i.DMAforUART1_RX_config) refers to stm32f10x_dma.o(i.DMA_DeInit) for DMA_DeInit
    dmadrv.o(i.DMAforUART1_RX_config) refers to stm32f10x_dma.o(i.DMA_Init) for DMA_Init
    dmadrv.o(i.DMAforUART1_RX_config) refers to stm32f10x_usart.o(i.USART_DMACmd) for USART_DMACmd
    dmadrv.o(i.DMAforUART1_RX_config) refers to stm32f10x_dma.o(i.DMA_Cmd) for DMA_Cmd
    timerhighdrv.o(i.TimerBaseInit) refers to stm32f10x_tim.o(i.TIM_TimeBaseInit) for TIM_TimeBaseInit
    timerhighdrv.o(i.TimerChannelDirInInit) refers to stm32f10x_tim.o(i.TIM_ICInit) for TIM_ICInit
    timerhighdrv.o(i.TimerChannelIndirInInit) refers to stm32f10x_tim.o(i.TIM_ICInit) for TIM_ICInit
    timerhighdrv.o(i.TimerChannelPWMCcaptureInit) refers to stm32f10x_tim.o(i.TIM_PWMIConfig) for TIM_PWMIConfig
    timerhighdrv.o(i.TimerPWMStart) refers to stm32f10x_tim.o(i.TIM_CtrlPWMOutputs) for TIM_CtrlPWMOutputs
    timerhighdrv.o(i.TimerPWMStart) refers to stm32f10x_tim.o(i.TIM_ARRPreloadConfig) for TIM_ARRPreloadConfig
    timerhighdrv.o(i.TimerPWMStart) refers to stm32f10x_tim.o(i.TIM_Cmd) for TIM_Cmd
    timerhighdrv.o(i.TimerPWMxOutInit) refers to stm32f10x_tim.o(i.TIM_OC1Init) for TIM_OC1Init
    timerhighdrv.o(i.TimerPWMxOutInit) refers to stm32f10x_tim.o(i.TIM_OC1PreloadConfig) for TIM_OC1PreloadConfig
    timerhighdrv.o(i.TimerPWMxOutInit) refers to stm32f10x_tim.o(i.TIM_OC2Init) for TIM_OC2Init
    timerhighdrv.o(i.TimerPWMxOutInit) refers to stm32f10x_tim.o(i.TIM_OC2PreloadConfig) for TIM_OC2PreloadConfig
    timerhighdrv.o(i.TimerPWMxOutInit) refers to stm32f10x_tim.o(i.TIM_OC3Init) for TIM_OC3Init
    timerhighdrv.o(i.TimerPWMxOutInit) refers to stm32f10x_tim.o(i.TIM_OC3PreloadConfig) for TIM_OC3PreloadConfig
    timerhighdrv.o(i.TimerPWMxOutInit) refers to stm32f10x_tim.o(i.TIM_OC4Init) for TIM_OC4Init
    timerhighdrv.o(i.TimerPWMxOutInit) refers to stm32f10x_tim.o(i.TIM_OC4PreloadConfig) for TIM_OC4PreloadConfig
    timerhighdrv.o(i.TimerStart) refers to stm32f10x_tim.o(i.TIM_Cmd) for TIM_Cmd
    uartdrv.o(i.UART1_flushRx) refers to uartdrv.o(.bss) for _UART1_RxLine
    uartdrv.o(i.UART1_getKey) refers to uartdrv.o(.data) for key_lastPos
    uartdrv.o(i.UART1_getKey) refers to uartdrv.o(.bss) for _UART1_RxLine
    uartdrv.o(i.UART1_init) refers to stm32f10x_rcc.o(i.RCC_APB2PeriphClockCmd) for RCC_APB2PeriphClockCmd
    uartdrv.o(i.UART1_init) refers to stm32f10x_usart.o(i.USART_Init) for USART_Init
    uartdrv.o(i.UART1_init) refers to stm32f10x_usart.o(i.USART_Cmd) for USART_Cmd
    uartdrv.o(i.UART1_putCSVi) refers to uartdrv.o(i.UART1_putInt) for UART1_putInt
    uartdrv.o(i.UART1_putCSVi) refers to uartdrv.o(i.UART1_putStr) for UART1_putStr
    uartdrv.o(i.UART1_putFloat) refers to f2d.o(.text) for __aeabi_f2d
    uartdrv.o(i.UART1_putFloat) refers to printfa.o(i.__0sprintf) for __2sprintf
    uartdrv.o(i.UART1_putFloat) refers to uartdrv.o(i.UART1_putStr) for UART1_putStr
    uartdrv.o(i.UART1_putFloatIf) refers to f2d.o(.text) for __aeabi_f2d
    uartdrv.o(i.UART1_putFloatIf) refers to printfa.o(i.__0sprintf) for __2sprintf
    uartdrv.o(i.UART1_putFloatIf) refers to uartdrv.o(i.UART1_putStr) for UART1_putStr
    uartdrv.o(i.UART1_putHex) refers to uartdrv.o(i.UART1_putStr) for UART1_putStr
    uartdrv.o(i.UART1_putInt) refers to printfa.o(i.__0sprintf) for __2sprintf
    uartdrv.o(i.UART1_putInt) refers to uartdrv.o(i.UART1_putStr) for UART1_putStr
    uartdrv.o(i.UART1_putIntIf) refers to printfa.o(i.__0sprintf) for __2sprintf
    uartdrv.o(i.UART1_putIntIf) refers to uartdrv.o(i.UART1_putStr) for UART1_putStr
    uartdrv.o(i.UART1_putShortHex) refers to uartdrv.o(i.UART1_putStr) for UART1_putStr
    uartdrv.o(i.UART1_putStr) refers to uartdrv.o(i.uart1_putc) for uart1_putc
    uartdrv.o(i.UART_putCSVf) refers to uartdrv.o(i.UART1_putFloat) for UART1_putFloat
    uartdrv.o(i.UART_putCSVf) refers to uartdrv.o(i.UART1_putStr) for UART1_putStr
    uartdrv.o(i.uart1_putc) refers to stm32f10x_usart.o(i.USART_ITConfig) for USART_ITConfig
    uartdrv.o(i.uart1_putc) refers to uartdrv.o(.data) for _UART1_TxHead
    uartdrv.o(i.uart1_putc) refers to uartdrv.o(.bss) for UART1_TxLine
    i2cdrv.o(i.I2C1_init) refers to stm32f10x_rcc.o(i.RCC_APB1PeriphClockCmd) for RCC_APB1PeriphClockCmd
    i2cdrv.o(i.I2C1_init) refers to stm32f10x_i2c.o(i.I2C_Init) for I2C_Init
    i2cdrv.o(i.I2C1_init) refers to stm32f10x_i2c.o(i.I2C_Cmd) for I2C_Cmd
    i2cdrv.o(i.I2C1_read_buf) refers to stm32f10x_i2c.o(i.I2C_CheckEvent) for I2C_CheckEvent
    i2cdrv.o(i.I2C1_read_buf) refers to stm32f10x_i2c.o(i.I2C_Send7bitAddress) for I2C_Send7bitAddress
    i2cdrv.o(i.I2C1_read_buf) refers to stm32f10x_i2c.o(i.I2C_SendData) for I2C_SendData
    i2cdrv.o(i.I2C1_read_buf) refers to stm32f10x_i2c.o(i.I2C_AcknowledgeConfig) for I2C_AcknowledgeConfig
    i2cdrv.o(i.I2C1_write_buf) refers to stm32f10x_i2c.o(i.I2C_GenerateSTART) for I2C_GenerateSTART
    i2cdrv.o(i.I2C1_write_buf) refers to stm32f10x_i2c.o(i.I2C_CheckEvent) for I2C_CheckEvent
    i2cdrv.o(i.I2C1_write_buf) refers to stm32f10x_i2c.o(i.I2C_Send7bitAddress) for I2C_Send7bitAddress
    i2cdrv.o(i.I2C1_write_buf) refers to stm32f10x_i2c.o(i.I2C_SendData) for I2C_SendData
    i2cdrv.o(i.I2C1_write_buf) refers to stm32f10x_i2c.o(i.I2C_GenerateSTOP) for I2C_GenerateSTOP
    i2cdrv.o(i.I2C2_init) refers to stm32f10x_rcc.o(i.RCC_APB1PeriphClockCmd) for RCC_APB1PeriphClockCmd
    i2cdrv.o(i.I2C2_init) refers to stm32f10x_i2c.o(i.I2C_Init) for I2C_Init
    i2cdrv.o(i.I2C2_init) refers to stm32f10x_i2c.o(i.I2C_Cmd) for I2C_Cmd
    i2cdrv.o(i.I2C2_read_buf) refers to stm32f10x_i2c.o(i.I2C_CheckEvent) for I2C_CheckEvent
    i2cdrv.o(i.I2C2_read_buf) refers to stm32f10x_i2c.o(i.I2C_Send7bitAddress) for I2C_Send7bitAddress
    i2cdrv.o(i.I2C2_read_buf) refers to stm32f10x_i2c.o(i.I2C_SendData) for I2C_SendData
    i2cdrv.o(i.I2C2_read_buf) refers to stm32f10x_i2c.o(i.I2C_AcknowledgeConfig) for I2C_AcknowledgeConfig
    i2cdrv.o(i.I2C2_write_buf) refers to stm32f10x_i2c.o(i.I2C_GenerateSTART) for I2C_GenerateSTART
    i2cdrv.o(i.I2C2_write_buf) refers to stm32f10x_i2c.o(i.I2C_CheckEvent) for I2C_CheckEvent
    i2cdrv.o(i.I2C2_write_buf) refers to stm32f10x_i2c.o(i.I2C_Send7bitAddress) for I2C_Send7bitAddress
    i2cdrv.o(i.I2C2_write_buf) refers to stm32f10x_i2c.o(i.I2C_SendData) for I2C_SendData
    i2cdrv.o(i.I2C2_write_buf) refers to stm32f10x_i2c.o(i.I2C_GenerateSTOP) for I2C_GenerateSTOP
    stm32f10x_it.o(i.SysTick_Handler) refers to globalvar.o(.data) for seconds
    stm32f10x_it.o(i.USART1_IRQHandler) refers to stm32f10x_usart.o(i.USART_GetITStatus) for USART_GetITStatus
    stm32f10x_it.o(i.USART1_IRQHandler) refers to stm32f10x_usart.o(i.USART_SendData) for USART_SendData
    stm32f10x_it.o(i.USART1_IRQHandler) refers to stm32f10x_usart.o(i.USART_ITConfig) for USART_ITConfig
    stm32f10x_it.o(i.USART1_IRQHandler) refers to uartdrv.o(.data) for _UART1_TxHead
    stm32f10x_it.o(i.USART1_IRQHandler) refers to uartdrv.o(.bss) for UART1_TxLine
    coreinit.o(i.CoreInit) refers to coreinit.o(i.RCC_config) for RCC_config
    coreinit.o(i.CoreInit) refers to coreinit.o(i.RTC_Init) for RTC_Init
    coreinit.o(i.CoreInit) refers to coreinit.o(i.SysTick_Init) for SysTick_Init
    coreinit.o(i.CoreInit) refers to coreinit.o(i.GPIO_config) for GPIO_config
    coreinit.o(i.CoreInit) refers to coreinit.o(i.NVIC_config) for NVIC_config
    coreinit.o(i.GPIO_config) refers to stm32f10x_gpio.o(i.GPIO_PinRemapConfig) for GPIO_PinRemapConfig
    coreinit.o(i.GPIO_config) refers to stm32f10x_gpio.o(i.GPIO_Init) for GPIO_Init
    coreinit.o(i.NVIC_config) refers to misc.o(i.NVIC_SetVectorTable) for NVIC_SetVectorTable
    coreinit.o(i.NVIC_config) refers to misc.o(i.NVIC_PriorityGroupConfig) for NVIC_PriorityGroupConfig
    coreinit.o(i.NVIC_config) refers to misc.o(i.NVIC_Init) for NVIC_Init
    coreinit.o(i.RCC_config) refers to stm32f10x_rcc.o(i.RCC_DeInit) for RCC_DeInit
    coreinit.o(i.RCC_config) refers to stm32f10x_rcc.o(i.RCC_HSEConfig) for RCC_HSEConfig
    coreinit.o(i.RCC_config) refers to stm32f10x_rcc.o(i.RCC_WaitForHSEStartUp) for RCC_WaitForHSEStartUp
    coreinit.o(i.RCC_config) refers to stm32f10x_flash.o(i.FLASH_PrefetchBufferCmd) for FLASH_PrefetchBufferCmd
    coreinit.o(i.RCC_config) refers to stm32f10x_flash.o(i.FLASH_SetLatency) for FLASH_SetLatency
    coreinit.o(i.RCC_config) refers to stm32f10x_rcc.o(i.RCC_HCLKConfig) for RCC_HCLKConfig
    coreinit.o(i.RCC_config) refers to stm32f10x_rcc.o(i.RCC_PCLK2Config) for RCC_PCLK2Config
    coreinit.o(i.RCC_config) refers to stm32f10x_rcc.o(i.RCC_PCLK1Config) for RCC_PCLK1Config
    coreinit.o(i.RCC_config) refers to stm32f10x_rcc.o(i.RCC_PLLConfig) for RCC_PLLConfig
    coreinit.o(i.RCC_config) refers to stm32f10x_rcc.o(i.RCC_PLLCmd) for RCC_PLLCmd
    coreinit.o(i.RCC_config) refers to stm32f10x_rcc.o(i.RCC_GetFlagStatus) for RCC_GetFlagStatus
    coreinit.o(i.RCC_config) refers to stm32f10x_rcc.o(i.RCC_SYSCLKConfig) for RCC_SYSCLKConfig
    coreinit.o(i.RCC_config) refers to stm32f10x_rcc.o(i.RCC_GetSYSCLKSource) for RCC_GetSYSCLKSource
    coreinit.o(i.RCC_config) refers to stm32f10x_rcc.o(i.RCC_HSICmd) for RCC_HSICmd
    coreinit.o(i.RCC_config) refers to stm32f10x_rcc.o(i.RCC_ADCCLKConfig) for RCC_ADCCLKConfig
    coreinit.o(i.RCC_config) refers to stm32f10x_rcc.o(i.RCC_APB2PeriphClockCmd) for RCC_APB2PeriphClockCmd
    coreinit.o(i.RCC_config) refers to stm32f10x_rcc.o(i.RCC_APB1PeriphClockCmd) for RCC_APB1PeriphClockCmd
    coreinit.o(i.RCC_config) refers to stm32f10x_rcc.o(i.RCC_AHBPeriphClockCmd) for RCC_AHBPeriphClockCmd
    coreinit.o(i.RTC_Init) refers to stm32f10x_pwr.o(i.PWR_BackupAccessCmd) for PWR_BackupAccessCmd
    coreinit.o(i.RTC_Init) refers to stm32f10x_bkp.o(i.BKP_DeInit) for BKP_DeInit
    coreinit.o(i.RTC_Init) refers to stm32f10x_rcc.o(i.RCC_LSICmd) for RCC_LSICmd
    coreinit.o(i.RTC_Init) refers to stm32f10x_rcc.o(i.RCC_GetFlagStatus) for RCC_GetFlagStatus
    coreinit.o(i.RTC_Init) refers to stm32f10x_rcc.o(i.RCC_RTCCLKConfig) for RCC_RTCCLKConfig
    coreinit.o(i.RTC_Init) refers to stm32f10x_rcc.o(i.RCC_RTCCLKCmd) for RCC_RTCCLKCmd
    coreinit.o(i.RTC_Init) refers to stm32f10x_rtc.o(i.RTC_WaitForSynchro) for RTC_WaitForSynchro
    coreinit.o(i.RTC_Init) refers to stm32f10x_rtc.o(i.RTC_WaitForLastTask) for RTC_WaitForLastTask
    coreinit.o(i.RTC_Init) refers to stm32f10x_rtc.o(i.RTC_SetPrescaler) for RTC_SetPrescaler
    coreinit.o(i._delay_ms) refers to coreinit.o(i._delay_us) for _delay_us
    coreinit.o(i._delay_us) refers to globalvar.o(.data) for seconds
    coreinit.o(i.getDuration) refers to globalvar.o(.data) for seconds
    coreinit.o(i.getTimeStamp) refers to globalvar.o(.data) for seconds
    mod_startup_stm32f10x_md.o(RESET) refers to mod_startup_stm32f10x_md.o(STACK) for __initial_sp
    mod_startup_stm32f10x_md.o(RESET) refers to mod_startup_stm32f10x_md.o(.text) for Reset_Handler
    mod_startup_stm32f10x_md.o(RESET) refers to stm32f10x_it.o(i.NMI_Handler) for NMI_Handler
    mod_startup_stm32f10x_md.o(RESET) refers to stm32f10x_it.o(i.HardFault_Handler) for HardFault_Handler
    mod_startup_stm32f10x_md.o(RESET) refers to stm32f10x_it.o(i.MemManage_Handler) for MemManage_Handler
    mod_startup_stm32f10x_md.o(RESET) refers to stm32f10x_it.o(i.BusFault_Handler) for BusFault_Handler
    mod_startup_stm32f10x_md.o(RESET) refers to stm32f10x_it.o(i.UsageFault_Handler) for UsageFault_Handler
    mod_startup_stm32f10x_md.o(RESET) refers to stm32f10x_it.o(i.SVC_Handler) for SVC_Handler
    mod_startup_stm32f10x_md.o(RESET) refers to stm32f10x_it.o(i.DebugMon_Handler) for DebugMon_Handler
    mod_startup_stm32f10x_md.o(RESET) refers to stm32f10x_it.o(i.PendSV_Handler) for PendSV_Handler
    mod_startup_stm32f10x_md.o(RESET) refers to stm32f10x_it.o(i.SysTick_Handler) for SysTick_Handler
    mod_startup_stm32f10x_md.o(RESET) refers to stm32f10x_it.o(i.WWDG_IRQHandler) for WWDG_IRQHandler
    mod_startup_stm32f10x_md.o(RESET) refers to stm32f10x_it.o(i.PVD_IRQHandler) for PVD_IRQHandler
    mod_startup_stm32f10x_md.o(RESET) refers to stm32f10x_it.o(i.TAMPER_IRQHandler) for TAMPER_IRQHandler
    mod_startup_stm32f10x_md.o(RESET) refers to stm32f10x_it.o(i.RTC_IRQHandler) for RTC_IRQHandler
    mod_startup_stm32f10x_md.o(RESET) refers to stm32f10x_it.o(i.FLASH_IRQHandler) for FLASH_IRQHandler
    mod_startup_stm32f10x_md.o(RESET) refers to stm32f10x_it.o(i.RCC_IRQHandler) for RCC_IRQHandler
    mod_startup_stm32f10x_md.o(RESET) refers to stm32f10x_it.o(i.EXTI0_IRQHandler) for EXTI0_IRQHandler
    mod_startup_stm32f10x_md.o(RESET) refers to stm32f10x_it.o(i.EXTI1_IRQHandler) for EXTI1_IRQHandler
    mod_startup_stm32f10x_md.o(RESET) refers to stm32f10x_it.o(i.EXTI2_IRQHandler) for EXTI2_IRQHandler
    mod_startup_stm32f10x_md.o(RESET) refers to stm32f10x_it.o(i.EXTI3_IRQHandler) for EXTI3_IRQHandler
    mod_startup_stm32f10x_md.o(RESET) refers to stm32f10x_it.o(i.EXTI4_IRQHandler) for EXTI4_IRQHandler
    mod_startup_stm32f10x_md.o(RESET) refers to stm32f10x_it.o(i.DMA1_Channel1_IRQHandler) for DMA1_Channel1_IRQHandler
    mod_startup_stm32f10x_md.o(RESET) refers to stm32f10x_it.o(i.DMA1_Channel2_IRQHandler) for DMA1_Channel2_IRQHandler
    mod_startup_stm32f10x_md.o(RESET) refers to stm32f10x_it.o(i.DMA1_Channel3_IRQHandler) for DMA1_Channel3_IRQHandler
    mod_startup_stm32f10x_md.o(RESET) refers to stm32f10x_it.o(i.DMA1_Channel4_IRQHandler) for DMA1_Channel4_IRQHandler
    mod_startup_stm32f10x_md.o(RESET) refers to stm32f10x_it.o(i.DMA1_Channel5_IRQHandler) for DMA1_Channel5_IRQHandler
    mod_startup_stm32f10x_md.o(RESET) refers to stm32f10x_it.o(i.DMA1_Channel6_IRQHandler) for DMA1_Channel6_IRQHandler
    mod_startup_stm32f10x_md.o(RESET) refers to stm32f10x_it.o(i.DMA1_Channel7_IRQHandler) for DMA1_Channel7_IRQHandler
    mod_startup_stm32f10x_md.o(RESET) refers to stm32f10x_it.o(i.ADC1_2_IRQHandler) for ADC1_2_IRQHandler
    mod_startup_stm32f10x_md.o(RESET) refers to stm32f10x_it.o(i.EXTI9_5_IRQHandler) for EXTI9_5_IRQHandler
    mod_startup_stm32f10x_md.o(RESET) refers to stm32f10x_it.o(i.TIM1_BRK_IRQHandler) for TIM1_BRK_IRQHandler
    mod_startup_stm32f10x_md.o(RESET) refers to stm32f10x_it.o(i.TIM1_UP_IRQHandler) for TIM1_UP_IRQHandler
    mod_startup_stm32f10x_md.o(RESET) refers to stm32f10x_it.o(i.TIM1_TRG_COM_IRQHandler) for TIM1_TRG_COM_IRQHandler
    mod_startup_stm32f10x_md.o(RESET) refers to stm32f10x_it.o(i.TIM1_CC_IRQHandler) for TIM1_CC_IRQHandler
    mod_startup_stm32f10x_md.o(RESET) refers to stm32f10x_it.o(i.TIM2_IRQHandler) for TIM2_IRQHandler
    mod_startup_stm32f10x_md.o(RESET) refers to stm32f10x_it.o(i.TIM3_IRQHandler) for TIM3_IRQHandler
    mod_startup_stm32f10x_md.o(RESET) refers to stm32f10x_it.o(i.TIM4_IRQHandler) for TIM4_IRQHandler
    mod_startup_stm32f10x_md.o(RESET) refers to stm32f10x_it.o(i.I2C1_EV_IRQHandler) for I2C1_EV_IRQHandler
    mod_startup_stm32f10x_md.o(RESET) refers to stm32f10x_it.o(i.I2C1_ER_IRQHandler) for I2C1_ER_IRQHandler
    mod_startup_stm32f10x_md.o(RESET) refers to stm32f10x_it.o(i.I2C2_EV_IRQHandler) for I2C2_EV_IRQHandler
    mod_startup_stm32f10x_md.o(RESET) refers to stm32f10x_it.o(i.I2C2_ER_IRQHandler) for I2C2_ER_IRQHandler
    mod_startup_stm32f10x_md.o(RESET) refers to stm32f10x_it.o(i.SPI1_IRQHandler) for SPI1_IRQHandler
    mod_startup_stm32f10x_md.o(RESET) refers to stm32f10x_it.o(i.SPI2_IRQHandler) for SPI2_IRQHandler
    mod_startup_stm32f10x_md.o(RESET) refers to stm32f10x_it.o(i.USART1_IRQHandler) for USART1_IRQHandler
    mod_startup_stm32f10x_md.o(RESET) refers to stm32f10x_it.o(i.USART2_IRQHandler) for USART2_IRQHandler
    mod_startup_stm32f10x_md.o(RESET) refers to stm32f10x_it.o(i.USART3_IRQHandler) for USART3_IRQHandler
    mod_startup_stm32f10x_md.o(RESET) refers to stm32f10x_it.o(i.EXTI15_10_IRQHandler) for EXTI15_10_IRQHandler
    mod_startup_stm32f10x_md.o(RESET) refers to stm32f10x_it.o(i.RTCAlarm_IRQHandler) for RTCAlarm_IRQHandler
    mod_startup_stm32f10x_md.o(RESET) refers to stm32f10x_it.o(i.USBWakeUp_IRQHandler) for USBWakeUp_IRQHandler
    mod_startup_stm32f10x_md.o(.text) refers to entry.o(.ARM.Collect$$$$00000000) for __main
    system_stm32f10x.o(i.SetSysClock) refers to system_stm32f10x.o(i.SetSysClockTo72) for SetSysClockTo72
    system_stm32f10x.o(i.SystemCoreClockUpdate) refers to system_stm32f10x.o(.data) for SystemCoreClock
    system_stm32f10x.o(i.SystemInit) refers to system_stm32f10x.o(i.SetSysClock) for SetSysClock
    entry.o(.ARM.Collect$$$$00000000) refers (Special) to entry10a.o(.ARM.Collect$$$$0000000D) for __rt_final_cpp
    entry.o(.ARM.Collect$$$$00000000) refers (Special) to entry11a.o(.ARM.Collect$$$$0000000F) for __rt_final_exit
    entry.o(.ARM.Collect$$$$00000000) refers (Special) to entry7b.o(.ARM.Collect$$$$00000008) for _main_clock
    entry.o(.ARM.Collect$$$$00000000) refers (Special) to entry8b.o(.ARM.Collect$$$$0000000A) for _main_cpp_init
    entry.o(.ARM.Collect$$$$00000000) refers (Special) to entry9a.o(.ARM.Collect$$$$0000000B) for _main_init
    entry.o(.ARM.Collect$$$$00000000) refers (Special) to entry5.o(.ARM.Collect$$$$00000004) for _main_scatterload
    entry.o(.ARM.Collect$$$$00000000) refers (Special) to entry2.o(.ARM.Collect$$$$00000001) for _main_stk
    printfb.o(i.__0fprintf$bare) refers to printfb.o(i._printf_core) for _printf_core
    printfb.o(i.__0fprintf$bare) refers to fputc.o(i.fputc) for fputc
    printfb.o(i.__0printf$bare) refers to printfb.o(i._printf_core) for _printf_core
    printfb.o(i.__0printf$bare) refers to fputc.o(i.fputc) for fputc
    printfb.o(i.__0printf$bare) refers to stdout.o(.data) for __stdout
    printfb.o(i.__0snprintf$bare) refers to printfb.o(i._printf_core) for _printf_core
    printfb.o(i.__0snprintf$bare) refers to printfb.o(i._snputc) for _snputc
    printfb.o(i.__0sprintf$bare) refers to printfb.o(i._printf_core) for _printf_core
    printfb.o(i.__0sprintf$bare) refers to printfb.o(i._sputc) for _sputc
    printfb.o(i.__0vfprintf$bare) refers to printfb.o(i._printf_core) for _printf_core
    printfb.o(i.__0vfprintf$bare) refers to fputc.o(i.fputc) for fputc
    printfb.o(i.__0vprintf$bare) refers to printfb.o(i._printf_core) for _printf_core
    printfb.o(i.__0vprintf$bare) refers to fputc.o(i.fputc) for fputc
    printfb.o(i.__0vprintf$bare) refers to stdout.o(.data) for __stdout
    printfb.o(i.__0vsnprintf$bare) refers to printfb.o(i._printf_core) for _printf_core
    printfb.o(i.__0vsnprintf$bare) refers to printfb.o(i._snputc) for _snputc
    printfb.o(i.__0vsprintf$bare) refers to printfb.o(i._printf_core) for _printf_core
    printfb.o(i.__0vsprintf$bare) refers to printfb.o(i._sputc) for _sputc
    printf0.o(i.__0fprintf$0) refers to printf0.o(i._printf_core) for _printf_core
    printf0.o(i.__0fprintf$0) refers to fputc.o(i.fputc) for fputc
    printf0.o(i.__0printf$0) refers to printf0.o(i._printf_core) for _printf_core
    printf0.o(i.__0printf$0) refers to fputc.o(i.fputc) for fputc
    printf0.o(i.__0printf$0) refers to stdout.o(.data) for __stdout
    printf0.o(i.__0snprintf$0) refers to printf0.o(i._printf_core) for _printf_core
    printf0.o(i.__0snprintf$0) refers to printf0.o(i._snputc) for _snputc
    printf0.o(i.__0sprintf$0) refers to printf0.o(i._printf_core) for _printf_core
    printf0.o(i.__0sprintf$0) refers to printf0.o(i._sputc) for _sputc
    printf0.o(i.__0vfprintf$0) refers to printf0.o(i._printf_core) for _printf_core
    printf0.o(i.__0vfprintf$0) refers to fputc.o(i.fputc) for fputc
    printf0.o(i.__0vprintf$0) refers to printf0.o(i._printf_core) for _printf_core
    printf0.o(i.__0vprintf$0) refers to fputc.o(i.fputc) for fputc
    printf0.o(i.__0vprintf$0) refers to stdout.o(.data) for __stdout
    printf0.o(i.__0vsnprintf$0) refers to printf0.o(i._printf_core) for _printf_core
    printf0.o(i.__0vsnprintf$0) refers to printf0.o(i._snputc) for _snputc
    printf0.o(i.__0vsprintf$0) refers to printf0.o(i._printf_core) for _printf_core
    printf0.o(i.__0vsprintf$0) refers to printf0.o(i._sputc) for _sputc
    printf1.o(i.__0fprintf$1) refers to printf1.o(i._printf_core) for _printf_core
    printf1.o(i.__0fprintf$1) refers to fputc.o(i.fputc) for fputc
    printf1.o(i.__0printf$1) refers to printf1.o(i._printf_core) for _printf_core
    printf1.o(i.__0printf$1) refers to fputc.o(i.fputc) for fputc
    printf1.o(i.__0printf$1) refers to stdout.o(.data) for __stdout
    printf1.o(i.__0snprintf$1) refers to printf1.o(i._printf_core) for _printf_core
    printf1.o(i.__0snprintf$1) refers to printf1.o(i._snputc) for _snputc
    printf1.o(i.__0sprintf$1) refers to printf1.o(i._printf_core) for _printf_core
    printf1.o(i.__0sprintf$1) refers to printf1.o(i._sputc) for _sputc
    printf1.o(i.__0vfprintf$1) refers to printf1.o(i._printf_core) for _printf_core
    printf1.o(i.__0vfprintf$1) refers to fputc.o(i.fputc) for fputc
    printf1.o(i.__0vprintf$1) refers to printf1.o(i._printf_core) for _printf_core
    printf1.o(i.__0vprintf$1) refers to fputc.o(i.fputc) for fputc
    printf1.o(i.__0vprintf$1) refers to stdout.o(.data) for __stdout
    printf1.o(i.__0vsnprintf$1) refers to printf1.o(i._printf_core) for _printf_core
    printf1.o(i.__0vsnprintf$1) refers to printf1.o(i._snputc) for _snputc
    printf1.o(i.__0vsprintf$1) refers to printf1.o(i._printf_core) for _printf_core
    printf1.o(i.__0vsprintf$1) refers to printf1.o(i._sputc) for _sputc
    printf1.o(i._printf_core) refers to uidiv.o(.text) for __aeabi_uidivmod
    printf2.o(i.__0fprintf$2) refers to printf2.o(i._printf_core) for _printf_core
    printf2.o(i.__0fprintf$2) refers to fputc.o(i.fputc) for fputc
    printf2.o(i.__0printf$2) refers to printf2.o(i._printf_core) for _printf_core
    printf2.o(i.__0printf$2) refers to fputc.o(i.fputc) for fputc
    printf2.o(i.__0printf$2) refers to stdout.o(.data) for __stdout
    printf2.o(i.__0snprintf$2) refers to printf2.o(i._printf_core) for _printf_core
    printf2.o(i.__0snprintf$2) refers to printf2.o(i._snputc) for _snputc
    printf2.o(i.__0sprintf$2) refers to printf2.o(i._printf_core) for _printf_core
    printf2.o(i.__0sprintf$2) refers to printf2.o(i._sputc) for _sputc
    printf2.o(i.__0vfprintf$2) refers to printf2.o(i._printf_core) for _printf_core
    printf2.o(i.__0vfprintf$2) refers to fputc.o(i.fputc) for fputc
    printf2.o(i.__0vprintf$2) refers to printf2.o(i._printf_core) for _printf_core
    printf2.o(i.__0vprintf$2) refers to fputc.o(i.fputc) for fputc
    printf2.o(i.__0vprintf$2) refers to stdout.o(.data) for __stdout
    printf2.o(i.__0vsnprintf$2) refers to printf2.o(i._printf_core) for _printf_core
    printf2.o(i.__0vsnprintf$2) refers to printf2.o(i._snputc) for _snputc
    printf2.o(i.__0vsprintf$2) refers to printf2.o(i._printf_core) for _printf_core
    printf2.o(i.__0vsprintf$2) refers to printf2.o(i._sputc) for _sputc
    printf3.o(i.__0fprintf$3) refers to printf3.o(i._printf_core) for _printf_core
    printf3.o(i.__0fprintf$3) refers to fputc.o(i.fputc) for fputc
    printf3.o(i.__0printf$3) refers to printf3.o(i._printf_core) for _printf_core
    printf3.o(i.__0printf$3) refers to fputc.o(i.fputc) for fputc
    printf3.o(i.__0printf$3) refers to stdout.o(.data) for __stdout
    printf3.o(i.__0snprintf$3) refers to printf3.o(i._printf_core) for _printf_core
    printf3.o(i.__0snprintf$3) refers to printf3.o(i._snputc) for _snputc
    printf3.o(i.__0sprintf$3) refers to printf3.o(i._printf_core) for _printf_core
    printf3.o(i.__0sprintf$3) refers to printf3.o(i._sputc) for _sputc
    printf3.o(i.__0vfprintf$3) refers to printf3.o(i._printf_core) for _printf_core
    printf3.o(i.__0vfprintf$3) refers to fputc.o(i.fputc) for fputc
    printf3.o(i.__0vprintf$3) refers to printf3.o(i._printf_core) for _printf_core
    printf3.o(i.__0vprintf$3) refers to fputc.o(i.fputc) for fputc
    printf3.o(i.__0vprintf$3) refers to stdout.o(.data) for __stdout
    printf3.o(i.__0vsnprintf$3) refers to printf3.o(i._printf_core) for _printf_core
    printf3.o(i.__0vsnprintf$3) refers to printf3.o(i._snputc) for _snputc
    printf3.o(i.__0vsprintf$3) refers to printf3.o(i._printf_core) for _printf_core
    printf3.o(i.__0vsprintf$3) refers to printf3.o(i._sputc) for _sputc
    printf3.o(i._printf_core) refers to uidiv.o(.text) for __aeabi_uidivmod
    printf4.o(i.__0fprintf$4) refers to printf4.o(i._printf_core) for _printf_core
    printf4.o(i.__0fprintf$4) refers to fputc.o(i.fputc) for fputc
    printf4.o(i.__0printf$4) refers to printf4.o(i._printf_core) for _printf_core
    printf4.o(i.__0printf$4) refers to fputc.o(i.fputc) for fputc
    printf4.o(i.__0printf$4) refers to stdout.o(.data) for __stdout
    printf4.o(i.__0snprintf$4) refers to printf4.o(i._printf_core) for _printf_core
    printf4.o(i.__0snprintf$4) refers to printf4.o(i._snputc) for _snputc
    printf4.o(i.__0sprintf$4) refers to printf4.o(i._printf_core) for _printf_core
    printf4.o(i.__0sprintf$4) refers to printf4.o(i._sputc) for _sputc
    printf4.o(i.__0vfprintf$4) refers to printf4.o(i._printf_core) for _printf_core
    printf4.o(i.__0vfprintf$4) refers to fputc.o(i.fputc) for fputc
    printf4.o(i.__0vprintf$4) refers to printf4.o(i._printf_core) for _printf_core
    printf4.o(i.__0vprintf$4) refers to fputc.o(i.fputc) for fputc
    printf4.o(i.__0vprintf$4) refers to stdout.o(.data) for __stdout
    printf4.o(i.__0vsnprintf$4) refers to printf4.o(i._printf_core) for _printf_core
    printf4.o(i.__0vsnprintf$4) refers to printf4.o(i._snputc) for _snputc
    printf4.o(i.__0vsprintf$4) refers to printf4.o(i._printf_core) for _printf_core
    printf4.o(i.__0vsprintf$4) refers to printf4.o(i._sputc) for _sputc
    printf4.o(i._printf_core) refers to uldiv.o(.text) for __aeabi_uldivmod
    printf5.o(i.__0fprintf$5) refers to printf5.o(i._printf_core) for _printf_core
    printf5.o(i.__0fprintf$5) refers to fputc.o(i.fputc) for fputc
    printf5.o(i.__0printf$5) refers to printf5.o(i._printf_core) for _printf_core
    printf5.o(i.__0printf$5) refers to fputc.o(i.fputc) for fputc
    printf5.o(i.__0printf$5) refers to stdout.o(.data) for __stdout
    printf5.o(i.__0snprintf$5) refers to printf5.o(i._printf_core) for _printf_core
    printf5.o(i.__0snprintf$5) refers to printf5.o(i._snputc) for _snputc
    printf5.o(i.__0sprintf$5) refers to printf5.o(i._printf_core) for _printf_core
    printf5.o(i.__0sprintf$5) refers to printf5.o(i._sputc) for _sputc
    printf5.o(i.__0vfprintf$5) refers to printf5.o(i._printf_core) for _printf_core
    printf5.o(i.__0vfprintf$5) refers to fputc.o(i.fputc) for fputc
    printf5.o(i.__0vprintf$5) refers to printf5.o(i._printf_core) for _printf_core
    printf5.o(i.__0vprintf$5) refers to fputc.o(i.fputc) for fputc
    printf5.o(i.__0vprintf$5) refers to stdout.o(.data) for __stdout
    printf5.o(i.__0vsnprintf$5) refers to printf5.o(i._printf_core) for _printf_core
    printf5.o(i.__0vsnprintf$5) refers to printf5.o(i._snputc) for _snputc
    printf5.o(i.__0vsprintf$5) refers to printf5.o(i._printf_core) for _printf_core
    printf5.o(i.__0vsprintf$5) refers to printf5.o(i._sputc) for _sputc
    printf5.o(i._printf_core) refers to uldiv.o(.text) for __aeabi_uldivmod
    printf6.o(i.__0fprintf$6) refers to printf6.o(i._printf_core) for _printf_core
    printf6.o(i.__0fprintf$6) refers to fputc.o(i.fputc) for fputc
    printf6.o(i.__0printf$6) refers to printf6.o(i._printf_core) for _printf_core
    printf6.o(i.__0printf$6) refers to fputc.o(i.fputc) for fputc
    printf6.o(i.__0printf$6) refers to stdout.o(.data) for __stdout
    printf6.o(i.__0snprintf$6) refers to printf6.o(i._printf_core) for _printf_core
    printf6.o(i.__0snprintf$6) refers to printf6.o(i._snputc) for _snputc
    printf6.o(i.__0sprintf$6) refers to printf6.o(i._printf_core) for _printf_core
    printf6.o(i.__0sprintf$6) refers to printf6.o(i._sputc) for _sputc
    printf6.o(i.__0vfprintf$6) refers to printf6.o(i._printf_core) for _printf_core
    printf6.o(i.__0vfprintf$6) refers to fputc.o(i.fputc) for fputc
    printf6.o(i.__0vprintf$6) refers to printf6.o(i._printf_core) for _printf_core
    printf6.o(i.__0vprintf$6) refers to fputc.o(i.fputc) for fputc
    printf6.o(i.__0vprintf$6) refers to stdout.o(.data) for __stdout
    printf6.o(i.__0vsnprintf$6) refers to printf6.o(i._printf_core) for _printf_core
    printf6.o(i.__0vsnprintf$6) refers to printf6.o(i._snputc) for _snputc
    printf6.o(i.__0vsprintf$6) refers to printf6.o(i._printf_core) for _printf_core
    printf6.o(i.__0vsprintf$6) refers to printf6.o(i._sputc) for _sputc
    printf6.o(i._printf_core) refers to printf6.o(i._printf_pre_padding) for _printf_pre_padding
    printf6.o(i._printf_core) refers to uidiv.o(.text) for __aeabi_uidivmod
    printf6.o(i._printf_core) refers to printf6.o(i._printf_post_padding) for _printf_post_padding
    printf7.o(i.__0fprintf$7) refers to printf7.o(i._printf_core) for _printf_core
    printf7.o(i.__0fprintf$7) refers to fputc.o(i.fputc) for fputc
    printf7.o(i.__0printf$7) refers to printf7.o(i._printf_core) for _printf_core
    printf7.o(i.__0printf$7) refers to fputc.o(i.fputc) for fputc
    printf7.o(i.__0printf$7) refers to stdout.o(.data) for __stdout
    printf7.o(i.__0snprintf$7) refers to printf7.o(i._printf_core) for _printf_core
    printf7.o(i.__0snprintf$7) refers to printf7.o(i._snputc) for _snputc
    printf7.o(i.__0sprintf$7) refers to printf7.o(i._printf_core) for _printf_core
    printf7.o(i.__0sprintf$7) refers to printf7.o(i._sputc) for _sputc
    printf7.o(i.__0vfprintf$7) refers to printf7.o(i._printf_core) for _printf_core
    printf7.o(i.__0vfprintf$7) refers to fputc.o(i.fputc) for fputc
    printf7.o(i.__0vprintf$7) refers to printf7.o(i._printf_core) for _printf_core
    printf7.o(i.__0vprintf$7) refers to fputc.o(i.fputc) for fputc
    printf7.o(i.__0vprintf$7) refers to stdout.o(.data) for __stdout
    printf7.o(i.__0vsnprintf$7) refers to printf7.o(i._printf_core) for _printf_core
    printf7.o(i.__0vsnprintf$7) refers to printf7.o(i._snputc) for _snputc
    printf7.o(i.__0vsprintf$7) refers to printf7.o(i._printf_core) for _printf_core
    printf7.o(i.__0vsprintf$7) refers to printf7.o(i._sputc) for _sputc
    printf7.o(i._printf_core) refers to printf7.o(i._printf_pre_padding) for _printf_pre_padding
    printf7.o(i._printf_core) refers to uldiv.o(.text) for __aeabi_uldivmod
    printf7.o(i._printf_core) refers to printf7.o(i._printf_post_padding) for _printf_post_padding
    printf8.o(i.__0fprintf$8) refers to printf8.o(i._printf_core) for _printf_core
    printf8.o(i.__0fprintf$8) refers to fputc.o(i.fputc) for fputc
    printf8.o(i.__0printf$8) refers to printf8.o(i._printf_core) for _printf_core
    printf8.o(i.__0printf$8) refers to fputc.o(i.fputc) for fputc
    printf8.o(i.__0printf$8) refers to stdout.o(.data) for __stdout
    printf8.o(i.__0snprintf$8) refers to printf8.o(i._printf_core) for _printf_core
    printf8.o(i.__0snprintf$8) refers to printf8.o(i._snputc) for _snputc
    printf8.o(i.__0sprintf$8) refers to printf8.o(i._printf_core) for _printf_core
    printf8.o(i.__0sprintf$8) refers to printf8.o(i._sputc) for _sputc
    printf8.o(i.__0vfprintf$8) refers to printf8.o(i._printf_core) for _printf_core
    printf8.o(i.__0vfprintf$8) refers to fputc.o(i.fputc) for fputc
    printf8.o(i.__0vprintf$8) refers to printf8.o(i._printf_core) for _printf_core
    printf8.o(i.__0vprintf$8) refers to fputc.o(i.fputc) for fputc
    printf8.o(i.__0vprintf$8) refers to stdout.o(.data) for __stdout
    printf8.o(i.__0vsnprintf$8) refers to printf8.o(i._printf_core) for _printf_core
    printf8.o(i.__0vsnprintf$8) refers to printf8.o(i._snputc) for _snputc
    printf8.o(i.__0vsprintf$8) refers to printf8.o(i._printf_core) for _printf_core
    printf8.o(i.__0vsprintf$8) refers to printf8.o(i._sputc) for _sputc
    printf8.o(i._printf_core) refers to printf8.o(i._printf_pre_padding) for _printf_pre_padding
    printf8.o(i._printf_core) refers to uldiv.o(.text) for __aeabi_uldivmod
    printf8.o(i._printf_core) refers to printf8.o(i._printf_post_padding) for _printf_post_padding
    printfa.o(i.__0fprintf) refers (Special) to iusefp.o(.text) for __I$use$fp
    printfa.o(i.__0fprintf) refers to printfa.o(i._printf_core) for _printf_core
    printfa.o(i.__0fprintf) refers to fputc.o(i.fputc) for fputc
    printfa.o(i.__0printf) refers (Special) to iusefp.o(.text) for __I$use$fp
    printfa.o(i.__0printf) refers to printfa.o(i._printf_core) for _printf_core
    printfa.o(i.__0printf) refers to fputc.o(i.fputc) for fputc
    printfa.o(i.__0printf) refers to stdout.o(.data) for __stdout
    printfa.o(i.__0snprintf) refers (Special) to iusefp.o(.text) for __I$use$fp
    printfa.o(i.__0snprintf) refers to printfa.o(i._printf_core) for _printf_core
    printfa.o(i.__0snprintf) refers to printfa.o(i._snputc) for _snputc
    printfa.o(i.__0sprintf) refers (Special) to iusefp.o(.text) for __I$use$fp
    printfa.o(i.__0sprintf) refers to printfa.o(i._printf_core) for _printf_core
    printfa.o(i.__0sprintf) refers to printfa.o(i._sputc) for _sputc
    printfa.o(i.__0vfprintf) refers (Special) to iusefp.o(.text) for __I$use$fp
    printfa.o(i.__0vfprintf) refers to printfa.o(i._printf_core) for _printf_core
    printfa.o(i.__0vfprintf) refers to fputc.o(i.fputc) for fputc
    printfa.o(i.__0vprintf) refers (Special) to iusefp.o(.text) for __I$use$fp
    printfa.o(i.__0vprintf) refers to printfa.o(i._printf_core) for _printf_core
    printfa.o(i.__0vprintf) refers to fputc.o(i.fputc) for fputc
    printfa.o(i.__0vprintf) refers to stdout.o(.data) for __stdout
    printfa.o(i.__0vsnprintf) refers (Special) to iusefp.o(.text) for __I$use$fp
    printfa.o(i.__0vsnprintf) refers to printfa.o(i._printf_core) for _printf_core
    printfa.o(i.__0vsnprintf) refers to printfa.o(i._snputc) for _snputc
    printfa.o(i.__0vsprintf) refers (Special) to iusefp.o(.text) for __I$use$fp
    printfa.o(i.__0vsprintf) refers to printfa.o(i._printf_core) for _printf_core
    printfa.o(i.__0vsprintf) refers to printfa.o(i._sputc) for _sputc
    printfa.o(i._fp_digits) refers (Special) to iusefp.o(.text) for __I$use$fp
    printfa.o(i._fp_digits) refers to dmul.o(.text) for __aeabi_dmul
    printfa.o(i._fp_digits) refers to ddiv.o(.text) for __aeabi_ddiv
    printfa.o(i._fp_digits) refers to cdrcmple.o(.text) for __aeabi_cdrcmple
    printfa.o(i._fp_digits) refers to dadd.o(.text) for __aeabi_dadd
    printfa.o(i._fp_digits) refers to dfixul.o(.text) for __aeabi_d2ulz
    printfa.o(i._fp_digits) refers to uldiv.o(.text) for __aeabi_uldivmod
    printfa.o(i._printf_core) refers (Special) to iusefp.o(.text) for __I$use$fp
    printfa.o(i._printf_core) refers to printfa.o(i._printf_pre_padding) for _printf_pre_padding
    printfa.o(i._printf_core) refers to uldiv.o(.text) for __aeabi_uldivmod
    printfa.o(i._printf_core) refers to printfa.o(i._printf_post_padding) for _printf_post_padding
    printfa.o(i._printf_core) refers to printfa.o(i._fp_digits) for _fp_digits
    printfa.o(i._printf_core) refers to uidiv.o(.text) for __aeabi_uidivmod
    printfa.o(i._printf_post_padding) refers (Special) to iusefp.o(.text) for __I$use$fp
    printfa.o(i._printf_pre_padding) refers (Special) to iusefp.o(.text) for __I$use$fp
    printfa.o(i._snputc) refers (Special) to iusefp.o(.text) for __I$use$fp
    printfa.o(i._sputc) refers (Special) to iusefp.o(.text) for __I$use$fp
    malloc.o(i.free) refers to mvars.o(.data) for __microlib_freelist
    malloc.o(i.malloc) refers to mvars.o(.data) for __microlib_freelist_initialised
    malloc.o(i.malloc) refers to mvars.o(.data) for __microlib_freelist
    malloc.o(i.malloc) refers to mod_startup_stm32f10x_md.o(HEAP) for __heap_base
    mallocr.o(i.__free$realloc) refers to mvars.o(.data) for __microlib_freelist
    mallocr.o(i.__malloc$realloc) refers to mallocr.o(i.internal_alloc) for internal_alloc
    mallocr.o(i.__malloc$realloc) refers to mvars.o(.data) for __microlib_freelist_initialised
    mallocr.o(i.__malloc$realloc) refers to mod_startup_stm32f10x_md.o(HEAP) for __heap_base
    mallocr.o(i.__malloc$realloc) refers to mvars.o(.data) for __microlib_freelist
    mallocr.o(i.internal_alloc) refers to memcpya.o(.text) for __aeabi_memcpy
    mallocr.o(i.internal_alloc) refers to mvars.o(.data) for __microlib_freelist
    mallocr.o(i.realloc) refers to mallocr.o(i.__free$realloc) for __free$realloc
    mallocr.o(i.realloc) refers to mallocr.o(i.internal_alloc) for internal_alloc
    mallocr.o(i.realloc) refers to mallocr.o(i.__malloc$realloc) for __malloc$realloc
    mallocr.o(i.realloc) refers to mvars.o(.data) for __microlib_freelist
    malloca.o(i.__aligned_malloc) refers to mvars.o(.data) for __microlib_freelist_initialised
    malloca.o(i.__aligned_malloc) refers to mvars.o(.data) for __microlib_freelist
    malloca.o(i.__aligned_malloc) refers to mod_startup_stm32f10x_md.o(HEAP) for __heap_base
    malloca.o(i.__free$memalign) refers to mvars.o(.data) for __microlib_freelist
    malloca.o(i.__malloc$memalign) refers to malloca.o(i.__aligned_malloc) for __aligned_malloc
    mallocra.o(i.__aligned_malloc$realloc) refers to mallocra.o(i.internal_alloc) for internal_alloc
    mallocra.o(i.__aligned_malloc$realloc) refers to mvars.o(.data) for __microlib_freelist_initialised
    mallocra.o(i.__aligned_malloc$realloc) refers to mod_startup_stm32f10x_md.o(HEAP) for __heap_base
    mallocra.o(i.__aligned_malloc$realloc) refers to mvars.o(.data) for __microlib_freelist
    mallocra.o(i.__free$realloc$memalign) refers to mvars.o(.data) for __microlib_freelist
    mallocra.o(i.__malloc$realloc$memalign) refers to mallocra.o(i.__aligned_malloc$realloc) for __aligned_malloc$realloc
    mallocra.o(i.__realloc$memalign) refers to mallocra.o(i.__free$realloc$memalign) for __free$realloc$memalign
    mallocra.o(i.__realloc$memalign) refers to mallocra.o(i.internal_alloc) for internal_alloc
    mallocra.o(i.__realloc$memalign) refers to mallocra.o(i.__malloc$realloc$memalign) for __malloc$realloc$memalign
    mallocra.o(i.__realloc$memalign) refers to mvars.o(.data) for __microlib_freelist
    mallocra.o(i.internal_alloc) refers to memcpya.o(.text) for __aeabi_memcpy
    mallocra.o(i.internal_alloc) refers to mvars.o(.data) for __microlib_freelist
    __0sscanf.o(.text) refers to scanf_char.o(.text) for __vfscanf_char
    __0sscanf.o(.text) refers to _sgetc.o(.text) for _sgetc
    _scanf_int.o(.text) refers to _chval.o(.text) for _chval
    f2d.o(.text) refers (Special) to iusefp.o(.text) for __I$use$fp
    entry2.o(.ARM.Collect$$$$00000001) refers to entry2.o(.ARM.Collect$$$$00002712) for __lit__00000000
    entry2.o(.ARM.Collect$$$$00002712) refers to mod_startup_stm32f10x_md.o(STACK) for __initial_sp
    entry2.o(__vectab_stack_and_reset_area) refers to mod_startup_stm32f10x_md.o(STACK) for __initial_sp
    entry2.o(__vectab_stack_and_reset_area) refers to entry.o(.ARM.Collect$$$$00000000) for __main
    entry5.o(.ARM.Collect$$$$00000004) refers to init.o(.text) for __scatterload
    entry9a.o(.ARM.Collect$$$$0000000B) refers to main.o(i.main) for main
    entry9b.o(.ARM.Collect$$$$0000000C) refers to main.o(i.main) for main
    fputc.o(i.fputc) refers (Special) to iusesemip.o(.text) for __I$use$semihosting$fputc
    fputc.o(i.fputc) refers (Special) to semi.o(.text) for __semihosting_library_function
    uldiv.o(.text) refers to llushr.o(.text) for __aeabi_llsr
    uldiv.o(.text) refers to llshl.o(.text) for __aeabi_llsl
    scanf_char.o(.text) refers to _scanf.o(.text) for __vfscanf
    scanf_char.o(.text) refers to isspace_c.o(.text) for isspace
    dadd.o(.text) refers to llshl.o(.text) for __aeabi_llsl
    dadd.o(.text) refers to llsshr.o(.text) for __aeabi_lasr
    dadd.o(.text) refers to depilogue.o(.text) for _double_epilogue
    dmul.o(.text) refers to depilogue.o(.text) for _double_epilogue
    ddiv.o(.text) refers to depilogue.o(.text) for _double_round
    dfixul.o(.text) refers to llushr.o(.text) for __aeabi_llsr
    dfixul.o(.text) refers to llshl.o(.text) for __aeabi_llsl
    init.o(.text) refers to entry5.o(.ARM.Collect$$$$00000004) for __main_after_scatterload
    isspace_c.o(.text) refers to ctype_c.o(.text) for __ctype_lookup
    _scanf.o(.text) refers (Weak) to _scanf_int.o(.text) for _scanf_int
    depilogue.o(.text) refers to llshl.o(.text) for __aeabi_llsl
    depilogue.o(.text) refers to llushr.o(.text) for __aeabi_llsr
    ctype_c.o(.text) refers to ctype_c.o(.constdata) for .constdata


==============================================================================

Removing Unused input sections from the image.

    Removing fun.o(i.NormalModeLoopStep), (2 bytes).
    Removing fun.o(i.setEngineRPM), (12 bytes).
    Removing esp8266drv.o(i.esp8266_sendCmd), (36 bytes).
    Removing serverdriver.o(i.Server_RxListen), (128 bytes).
    Removing serverdriver.o(i.Server_SendData), (252 bytes).
    Removing json.o(i.JSON_FromString), (96 bytes).
    Removing json.o(i.JSON_ToString), (4 bytes).
    Removing json.o(i.JSON_getFirstJObj), (108 bytes).
    Removing json.o(i.JSON_getValue), (64 bytes).
    Removing staticmemorydrv.o(i.StaticMemory_Format), (24 bytes).
    Removing staticmemorydrv.o(i.StaticMemory_Read), (28 bytes).
    Removing staticmemorydrv.o(i.StaticMemory_Write), (44 bytes).
    Removing eeprom.o(i.EEInit), (12 bytes).
    Removing eeprom.o(i.EERead_String), (24 bytes).
    Removing misc.o(i.NVIC_SystemLPConfig), (32 bytes).
    Removing misc.o(i.SysTick_CLKSourceConfig), (40 bytes).
    Removing stm32f10x_adc.o(i.ADC_AnalogWatchdogCmd), (20 bytes).
    Removing stm32f10x_adc.o(i.ADC_AnalogWatchdogSingleChannelConfig), (16 bytes).
    Removing stm32f10x_adc.o(i.ADC_AnalogWatchdogThresholdsConfig), (6 bytes).
    Removing stm32f10x_adc.o(i.ADC_AutoInjectedConvCmd), (22 bytes).
    Removing stm32f10x_adc.o(i.ADC_ClearFlag), (6 bytes).
    Removing stm32f10x_adc.o(i.ADC_ClearITPendingBit), (10 bytes).
    Removing stm32f10x_adc.o(i.ADC_DeInit), (92 bytes).
    Removing stm32f10x_adc.o(i.ADC_DiscModeChannelCountConfig), (24 bytes).
    Removing stm32f10x_adc.o(i.ADC_DiscModeCmd), (22 bytes).
    Removing stm32f10x_adc.o(i.ADC_ExternalTrigConvCmd), (22 bytes).
    Removing stm32f10x_adc.o(i.ADC_ExternalTrigInjectedConvCmd), (22 bytes).
    Removing stm32f10x_adc.o(i.ADC_ExternalTrigInjectedConvConfig), (16 bytes).
    Removing stm32f10x_adc.o(i.ADC_GetConversionValue), (8 bytes).
    Removing stm32f10x_adc.o(i.ADC_GetDualModeConversionValue), (12 bytes).
    Removing stm32f10x_adc.o(i.ADC_GetFlagStatus), (18 bytes).
    Removing stm32f10x_adc.o(i.ADC_GetITStatus), (36 bytes).
    Removing stm32f10x_adc.o(i.ADC_GetInjectedConversionValue), (28 bytes).
    Removing stm32f10x_adc.o(i.ADC_GetSoftwareStartConvStatus), (20 bytes).
    Removing stm32f10x_adc.o(i.ADC_GetSoftwareStartInjectedConvCmdStatus), (20 bytes).
    Removing stm32f10x_adc.o(i.ADC_ITConfig), (24 bytes).
    Removing stm32f10x_adc.o(i.ADC_InjectedChannelConfig), (130 bytes).
    Removing stm32f10x_adc.o(i.ADC_InjectedDiscModeCmd), (22 bytes).
    Removing stm32f10x_adc.o(i.ADC_InjectedSequencerLengthConfig), (24 bytes).
    Removing stm32f10x_adc.o(i.ADC_SetInjectedOffset), (20 bytes).
    Removing stm32f10x_adc.o(i.ADC_SoftwareStartInjectedConvCmd), (22 bytes).
    Removing stm32f10x_adc.o(i.ADC_StructInit), (18 bytes).
    Removing stm32f10x_adc.o(i.ADC_TempSensorVrefintCmd), (36 bytes).
    Removing stm32f10x_bkp.o(i.BKP_ClearFlag), (20 bytes).
    Removing stm32f10x_bkp.o(i.BKP_ClearITPendingBit), (20 bytes).
    Removing stm32f10x_bkp.o(i.BKP_GetFlagStatus), (12 bytes).
    Removing stm32f10x_bkp.o(i.BKP_GetITStatus), (12 bytes).
    Removing stm32f10x_bkp.o(i.BKP_ITConfig), (12 bytes).
    Removing stm32f10x_bkp.o(i.BKP_RTCOutputConfig), (28 bytes).
    Removing stm32f10x_bkp.o(i.BKP_ReadBackupRegister), (28 bytes).
    Removing stm32f10x_bkp.o(i.BKP_SetRTCCalibrationValue), (28 bytes).
    Removing stm32f10x_bkp.o(i.BKP_TamperPinCmd), (12 bytes).
    Removing stm32f10x_bkp.o(i.BKP_TamperPinLevelConfig), (12 bytes).
    Removing stm32f10x_bkp.o(i.BKP_WriteBackupRegister), (28 bytes).
    Removing stm32f10x_dma.o(i.DMA_ClearFlag), (28 bytes).
    Removing stm32f10x_dma.o(i.DMA_ClearITPendingBit), (28 bytes).
    Removing stm32f10x_dma.o(i.DMA_GetCurrDataCounter), (8 bytes).
    Removing stm32f10x_dma.o(i.DMA_GetFlagStatus), (44 bytes).
    Removing stm32f10x_dma.o(i.DMA_GetITStatus), (44 bytes).
    Removing stm32f10x_dma.o(i.DMA_ITConfig), (18 bytes).
    Removing stm32f10x_dma.o(i.DMA_SetCurrDataCounter), (4 bytes).
    Removing stm32f10x_dma.o(i.DMA_StructInit), (26 bytes).
    Removing stm32f10x_flash.o(i.FLASH_ClearFlag), (12 bytes).
    Removing stm32f10x_flash.o(i.FLASH_EnableWriteProtection), (196 bytes).
    Removing stm32f10x_flash.o(i.FLASH_EraseAllBank1Pages), (72 bytes).
    Removing stm32f10x_flash.o(i.FLASH_EraseAllPages), (72 bytes).
    Removing stm32f10x_flash.o(i.FLASH_EraseOptionBytes), (168 bytes).
    Removing stm32f10x_flash.o(i.FLASH_ErasePage), (76 bytes).
    Removing stm32f10x_flash.o(i.FLASH_GetBank1Status), (52 bytes).
    Removing stm32f10x_flash.o(i.FLASH_GetFlagStatus), (48 bytes).
    Removing stm32f10x_flash.o(i.FLASH_GetPrefetchBufferStatus), (24 bytes).
    Removing stm32f10x_flash.o(i.FLASH_GetReadOutProtectionStatus), (24 bytes).
    Removing stm32f10x_flash.o(i.FLASH_GetStatus), (52 bytes).
    Removing stm32f10x_flash.o(i.FLASH_GetUserOptionByte), (12 bytes).
    Removing stm32f10x_flash.o(i.FLASH_GetWriteProtectionOptionByte), (12 bytes).
    Removing stm32f10x_flash.o(i.FLASH_HalfCycleAccessCmd), (28 bytes).
    Removing stm32f10x_flash.o(i.FLASH_ITConfig), (32 bytes).
    Removing stm32f10x_flash.o(i.FLASH_Lock), (20 bytes).
    Removing stm32f10x_flash.o(i.FLASH_LockBank1), (20 bytes).
    Removing stm32f10x_flash.o(i.FLASH_ProgramHalfWord), (64 bytes).
    Removing stm32f10x_flash.o(i.FLASH_ProgramOptionByteData), (84 bytes).
    Removing stm32f10x_flash.o(i.FLASH_ProgramWord), (108 bytes).
    Removing stm32f10x_flash.o(i.FLASH_ReadOutProtection), (172 bytes).
    Removing stm32f10x_flash.o(i.FLASH_Unlock), (24 bytes).
    Removing stm32f10x_flash.o(i.FLASH_UnlockBank1), (24 bytes).
    Removing stm32f10x_flash.o(i.FLASH_UserOptionByteConfig), (104 bytes).
    Removing stm32f10x_flash.o(i.FLASH_WaitForLastBank1Operation), (38 bytes).
    Removing stm32f10x_flash.o(i.FLASH_WaitForLastOperation), (38 bytes).
    Removing stm32f10x_gpio.o(i.GPIO_AFIODeInit), (20 bytes).
    Removing stm32f10x_gpio.o(i.GPIO_DeInit), (200 bytes).
    Removing stm32f10x_gpio.o(i.GPIO_ETH_MediaInterfaceConfig), (12 bytes).
    Removing stm32f10x_gpio.o(i.GPIO_EXTILineConfig), (64 bytes).
    Removing stm32f10x_gpio.o(i.GPIO_EventOutputCmd), (12 bytes).
    Removing stm32f10x_gpio.o(i.GPIO_EventOutputConfig), (32 bytes).
    Removing stm32f10x_gpio.o(i.GPIO_PinLockConfig), (18 bytes).
    Removing stm32f10x_gpio.o(i.GPIO_ReadInputData), (8 bytes).
    Removing stm32f10x_gpio.o(i.GPIO_ReadInputDataBit), (18 bytes).
    Removing stm32f10x_gpio.o(i.GPIO_ReadOutputData), (8 bytes).
    Removing stm32f10x_gpio.o(i.GPIO_ReadOutputDataBit), (18 bytes).
    Removing stm32f10x_gpio.o(i.GPIO_ResetBits), (4 bytes).
    Removing stm32f10x_gpio.o(i.GPIO_SetBits), (4 bytes).
    Removing stm32f10x_gpio.o(i.GPIO_StructInit), (16 bytes).
    Removing stm32f10x_gpio.o(i.GPIO_Write), (4 bytes).
    Removing stm32f10x_gpio.o(i.GPIO_WriteBit), (10 bytes).
    Removing stm32f10x_pwr.o(i.PWR_ClearFlag), (20 bytes).
    Removing stm32f10x_pwr.o(i.PWR_DeInit), (22 bytes).
    Removing stm32f10x_pwr.o(i.PWR_EnterSTANDBYMode), (52 bytes).
    Removing stm32f10x_pwr.o(i.PWR_EnterSTOPMode), (64 bytes).
    Removing stm32f10x_pwr.o(i.PWR_GetFlagStatus), (24 bytes).
    Removing stm32f10x_pwr.o(i.PWR_PVDCmd), (12 bytes).
    Removing stm32f10x_pwr.o(i.PWR_PVDLevelConfig), (24 bytes).
    Removing stm32f10x_pwr.o(i.PWR_WakeUpPinCmd), (12 bytes).
    Removing stm32f10x_rtc.o(i.RTC_ClearFlag), (16 bytes).
    Removing stm32f10x_rtc.o(i.RTC_ClearITPendingBit), (16 bytes).
    Removing stm32f10x_rtc.o(i.RTC_GetCounter), (20 bytes).
    Removing stm32f10x_rtc.o(i.RTC_GetDivider), (24 bytes).
    Removing stm32f10x_rtc.o(i.RTC_GetFlagStatus), (24 bytes).
    Removing stm32f10x_rtc.o(i.RTC_GetITStatus), (36 bytes).
    Removing stm32f10x_rtc.o(i.RTC_ITConfig), (32 bytes).
    Removing stm32f10x_rtc.o(i.RTC_SetAlarm), (28 bytes).
    Removing stm32f10x_rtc.o(i.RTC_SetCounter), (28 bytes).
    Removing stm32f10x_rcc.o(i.RCC_APB1PeriphResetCmd), (32 bytes).
    Removing stm32f10x_rcc.o(i.RCC_APB2PeriphResetCmd), (32 bytes).
    Removing stm32f10x_rcc.o(i.RCC_AdjustHSICalibrationValue), (24 bytes).
    Removing stm32f10x_rcc.o(i.RCC_ClearFlag), (20 bytes).
    Removing stm32f10x_rcc.o(i.RCC_ClearITPendingBit), (12 bytes).
    Removing stm32f10x_rcc.o(i.RCC_ClockSecuritySystemCmd), (12 bytes).
    Removing stm32f10x_rcc.o(i.RCC_GetITStatus), (24 bytes).
    Removing stm32f10x_rcc.o(i.RCC_ITConfig), (32 bytes).
    Removing stm32f10x_rcc.o(i.RCC_LSEConfig), (52 bytes).
    Removing stm32f10x_rcc.o(i.RCC_MCOConfig), (12 bytes).
    Removing stm32f10x_rcc.o(i.RCC_USBCLKConfig), (12 bytes).
    Removing stm32f10x_usart.o(i.USART_ClearFlag), (18 bytes).
    Removing stm32f10x_usart.o(i.USART_ClearITPendingBit), (30 bytes).
    Removing stm32f10x_usart.o(i.USART_ClockInit), (34 bytes).
    Removing stm32f10x_usart.o(i.USART_ClockStructInit), (12 bytes).
    Removing stm32f10x_usart.o(i.USART_DeInit), (156 bytes).
    Removing stm32f10x_usart.o(i.USART_GetFlagStatus), (26 bytes).
    Removing stm32f10x_usart.o(i.USART_HalfDuplexCmd), (24 bytes).
    Removing stm32f10x_usart.o(i.USART_IrDACmd), (24 bytes).
    Removing stm32f10x_usart.o(i.USART_IrDAConfig), (18 bytes).
    Removing stm32f10x_usart.o(i.USART_LINBreakDetectLengthConfig), (18 bytes).
    Removing stm32f10x_usart.o(i.USART_LINCmd), (24 bytes).
    Removing stm32f10x_usart.o(i.USART_OneBitMethodCmd), (24 bytes).
    Removing stm32f10x_usart.o(i.USART_OverSampling8Cmd), (22 bytes).
    Removing stm32f10x_usart.o(i.USART_ReceiveData), (10 bytes).
    Removing stm32f10x_usart.o(i.USART_ReceiverWakeUpCmd), (24 bytes).
    Removing stm32f10x_usart.o(i.USART_SendBreak), (10 bytes).
    Removing stm32f10x_usart.o(i.USART_SetAddress), (18 bytes).
    Removing stm32f10x_usart.o(i.USART_SetGuardTime), (16 bytes).
    Removing stm32f10x_usart.o(i.USART_SetPrescaler), (16 bytes).
    Removing stm32f10x_usart.o(i.USART_SmartCardCmd), (24 bytes).
    Removing stm32f10x_usart.o(i.USART_SmartCardNACKCmd), (24 bytes).
    Removing stm32f10x_usart.o(i.USART_StructInit), (24 bytes).
    Removing stm32f10x_usart.o(i.USART_WakeUpConfig), (18 bytes).
    Removing stm32f10x_tim.o(i.TI1_Config), (128 bytes).
    Removing stm32f10x_tim.o(i.TI2_Config), (152 bytes).
    Removing stm32f10x_tim.o(i.TI3_Config), (144 bytes).
    Removing stm32f10x_tim.o(i.TI4_Config), (152 bytes).
    Removing stm32f10x_tim.o(i.TIM_BDTRConfig), (32 bytes).
    Removing stm32f10x_tim.o(i.TIM_BDTRStructInit), (18 bytes).
    Removing stm32f10x_tim.o(i.TIM_CCPreloadControl), (24 bytes).
    Removing stm32f10x_tim.o(i.TIM_CCxCmd), (30 bytes).
    Removing stm32f10x_tim.o(i.TIM_CCxNCmd), (30 bytes).
    Removing stm32f10x_tim.o(i.TIM_ClearFlag), (6 bytes).
    Removing stm32f10x_tim.o(i.TIM_ClearITPendingBit), (6 bytes).
    Removing stm32f10x_tim.o(i.TIM_ClearOC1Ref), (18 bytes).
    Removing stm32f10x_tim.o(i.TIM_ClearOC2Ref), (24 bytes).
    Removing stm32f10x_tim.o(i.TIM_ClearOC3Ref), (18 bytes).
    Removing stm32f10x_tim.o(i.TIM_ClearOC4Ref), (24 bytes).
    Removing stm32f10x_tim.o(i.TIM_CounterModeConfig), (18 bytes).
    Removing stm32f10x_tim.o(i.TIM_DMACmd), (18 bytes).
    Removing stm32f10x_tim.o(i.TIM_DMAConfig), (10 bytes).
    Removing stm32f10x_tim.o(i.TIM_DeInit), (488 bytes).
    Removing stm32f10x_tim.o(i.TIM_ETRClockMode1Config), (54 bytes).
    Removing stm32f10x_tim.o(i.TIM_ETRClockMode2Config), (32 bytes).
    Removing stm32f10x_tim.o(i.TIM_ETRConfig), (28 bytes).
    Removing stm32f10x_tim.o(i.TIM_EncoderInterfaceConfig), (66 bytes).
    Removing stm32f10x_tim.o(i.TIM_ForcedOC1Config), (18 bytes).
    Removing stm32f10x_tim.o(i.TIM_ForcedOC2Config), (26 bytes).
    Removing stm32f10x_tim.o(i.TIM_ForcedOC3Config), (18 bytes).
    Removing stm32f10x_tim.o(i.TIM_ForcedOC4Config), (26 bytes).
    Removing stm32f10x_tim.o(i.TIM_GenerateEvent), (4 bytes).
    Removing stm32f10x_tim.o(i.TIM_GetCapture1), (6 bytes).
    Removing stm32f10x_tim.o(i.TIM_GetCapture2), (6 bytes).
    Removing stm32f10x_tim.o(i.TIM_GetCapture3), (6 bytes).
    Removing stm32f10x_tim.o(i.TIM_GetCapture4), (8 bytes).
    Removing stm32f10x_tim.o(i.TIM_GetCounter), (6 bytes).
    Removing stm32f10x_tim.o(i.TIM_GetFlagStatus), (18 bytes).
    Removing stm32f10x_tim.o(i.TIM_GetITStatus), (34 bytes).
    Removing stm32f10x_tim.o(i.TIM_GetPrescaler), (6 bytes).
    Removing stm32f10x_tim.o(i.TIM_ICInit), (172 bytes).
    Removing stm32f10x_tim.o(i.TIM_ICStructInit), (18 bytes).
    Removing stm32f10x_tim.o(i.TIM_ITConfig), (18 bytes).
    Removing stm32f10x_tim.o(i.TIM_ITRxExternalClockConfig), (24 bytes).
    Removing stm32f10x_tim.o(i.TIM_InternalClockConfig), (12 bytes).
    Removing stm32f10x_tim.o(i.TIM_OC1FastConfig), (18 bytes).
    Removing stm32f10x_tim.o(i.TIM_OC1NPolarityConfig), (18 bytes).
    Removing stm32f10x_tim.o(i.TIM_OC1PolarityConfig), (18 bytes).
    Removing stm32f10x_tim.o(i.TIM_OC2FastConfig), (26 bytes).
    Removing stm32f10x_tim.o(i.TIM_OC2NPolarityConfig), (26 bytes).
    Removing stm32f10x_tim.o(i.TIM_OC2PolarityConfig), (26 bytes).
    Removing stm32f10x_tim.o(i.TIM_OC3FastConfig), (18 bytes).
    Removing stm32f10x_tim.o(i.TIM_OC3NPolarityConfig), (26 bytes).
    Removing stm32f10x_tim.o(i.TIM_OC3PolarityConfig), (26 bytes).
    Removing stm32f10x_tim.o(i.TIM_OC4FastConfig), (26 bytes).
    Removing stm32f10x_tim.o(i.TIM_OC4PolarityConfig), (26 bytes).
    Removing stm32f10x_tim.o(i.TIM_OCStructInit), (20 bytes).
    Removing stm32f10x_tim.o(i.TIM_PWMIConfig), (124 bytes).
    Removing stm32f10x_tim.o(i.TIM_PrescalerConfig), (6 bytes).
    Removing stm32f10x_tim.o(i.TIM_SelectCCDMA), (24 bytes).
    Removing stm32f10x_tim.o(i.TIM_SelectCOM), (24 bytes).
    Removing stm32f10x_tim.o(i.TIM_SelectHallSensor), (24 bytes).
    Removing stm32f10x_tim.o(i.TIM_SelectInputTrigger), (18 bytes).
    Removing stm32f10x_tim.o(i.TIM_SelectMasterSlaveMode), (18 bytes).
    Removing stm32f10x_tim.o(i.TIM_SelectOCxM), (82 bytes).
    Removing stm32f10x_tim.o(i.TIM_SelectOnePulseMode), (18 bytes).
    Removing stm32f10x_tim.o(i.TIM_SelectOutputTrigger), (18 bytes).
    Removing stm32f10x_tim.o(i.TIM_SelectSlaveMode), (18 bytes).
    Removing stm32f10x_tim.o(i.TIM_SetAutoreload), (4 bytes).
    Removing stm32f10x_tim.o(i.TIM_SetClockDivision), (18 bytes).
    Removing stm32f10x_tim.o(i.TIM_SetCompare1), (4 bytes).
    Removing stm32f10x_tim.o(i.TIM_SetCompare2), (4 bytes).
    Removing stm32f10x_tim.o(i.TIM_SetCompare3), (4 bytes).
    Removing stm32f10x_tim.o(i.TIM_SetCompare4), (6 bytes).
    Removing stm32f10x_tim.o(i.TIM_SetCounter), (4 bytes).
    Removing stm32f10x_tim.o(i.TIM_SetIC1Prescaler), (18 bytes).
    Removing stm32f10x_tim.o(i.TIM_SetIC2Prescaler), (26 bytes).
    Removing stm32f10x_tim.o(i.TIM_SetIC3Prescaler), (18 bytes).
    Removing stm32f10x_tim.o(i.TIM_SetIC4Prescaler), (26 bytes).
    Removing stm32f10x_tim.o(i.TIM_TIxExternalClockConfig), (62 bytes).
    Removing stm32f10x_tim.o(i.TIM_TimeBaseStructInit), (18 bytes).
    Removing stm32f10x_tim.o(i.TIM_UpdateDisableConfig), (24 bytes).
    Removing stm32f10x_tim.o(i.TIM_UpdateRequestConfig), (24 bytes).
    Removing stm32f10x_i2c.o(i.I2C_ARPCmd), (24 bytes).
    Removing stm32f10x_i2c.o(i.I2C_CalculatePEC), (24 bytes).
    Removing stm32f10x_i2c.o(i.I2C_ClearFlag), (12 bytes).
    Removing stm32f10x_i2c.o(i.I2C_ClearITPendingBit), (12 bytes).
    Removing stm32f10x_i2c.o(i.I2C_DMACmd), (24 bytes).
    Removing stm32f10x_i2c.o(i.I2C_DMALastTransferCmd), (24 bytes).
    Removing stm32f10x_i2c.o(i.I2C_DeInit), (56 bytes).
    Removing stm32f10x_i2c.o(i.I2C_DualAddressCmd), (24 bytes).
    Removing stm32f10x_i2c.o(i.I2C_FastModeDutyCycleConfig), (28 bytes).
    Removing stm32f10x_i2c.o(i.I2C_GeneralCallCmd), (24 bytes).
    Removing stm32f10x_i2c.o(i.I2C_GenerateSTART), (24 bytes).
    Removing stm32f10x_i2c.o(i.I2C_GenerateSTOP), (24 bytes).
    Removing stm32f10x_i2c.o(i.I2C_GetFlagStatus), (58 bytes).
    Removing stm32f10x_i2c.o(i.I2C_GetITStatus), (38 bytes).
    Removing stm32f10x_i2c.o(i.I2C_GetLastEvent), (26 bytes).
    Removing stm32f10x_i2c.o(i.I2C_GetPEC), (8 bytes).
    Removing stm32f10x_i2c.o(i.I2C_ITConfig), (18 bytes).
    Removing stm32f10x_i2c.o(i.I2C_NACKPositionConfig), (28 bytes).
    Removing stm32f10x_i2c.o(i.I2C_OwnAddress2Config), (22 bytes).
    Removing stm32f10x_i2c.o(i.I2C_PECPositionConfig), (28 bytes).
    Removing stm32f10x_i2c.o(i.I2C_ReadRegister), (22 bytes).
    Removing stm32f10x_i2c.o(i.I2C_ReceiveData), (8 bytes).
    Removing stm32f10x_i2c.o(i.I2C_SMBusAlertConfig), (28 bytes).
    Removing stm32f10x_i2c.o(i.I2C_SoftwareResetCmd), (22 bytes).
    Removing stm32f10x_i2c.o(i.I2C_StretchClockCmd), (24 bytes).
    Removing stm32f10x_i2c.o(i.I2C_StructInit), (30 bytes).
    Removing stm32f10x_i2c.o(i.I2C_TransmitPEC), (24 bytes).
    Removing adchighdrv.o(i.ADC_ChPrepare), (28 bytes).
    Removing adchighdrv.o(i.ADC_DMAStartUp), (16 bytes).
    Removing adchighdrv.o(i.ADC_StartUp), (60 bytes).
    Removing adchighdrv.o(i.ADC_init), (52 bytes).
    Removing timerhighdrv.o(i.TimerChannelDirInInit), (40 bytes).
    Removing timerhighdrv.o(i.TimerChannelIndirInInit), (40 bytes).
    Removing timerhighdrv.o(i.TimerChannelPWMCcaptureInit), (40 bytes).
    Removing timerhighdrv.o(i.TimerStart), (14 bytes).
    Removing uartdrv.o(i.UART1_getKey), (128 bytes).
    Removing uartdrv.o(i.UART1_putCSVi), (24 bytes).
    Removing uartdrv.o(i.UART1_putFloat), (40 bytes).
    Removing uartdrv.o(i.UART1_putFloatIf), (44 bytes).
    Removing uartdrv.o(i.UART1_putHex), (200 bytes).
    Removing uartdrv.o(i.UART1_putInt), (28 bytes).
    Removing uartdrv.o(i.UART1_putIntIf), (32 bytes).
    Removing uartdrv.o(i.UART1_putShortHex), (180 bytes).
    Removing uartdrv.o(i.UART_putCSVf), (24 bytes).
    Removing i2cdrv.o(i.I2C1_write16_buf), (6 bytes).
    Removing i2cdrv.o(i.I2C1_write_buf), (172 bytes).
    Removing i2cdrv.o(i.I2C2_init), (68 bytes).
    Removing i2cdrv.o(i.I2C2_read_buf), (252 bytes).
    Removing i2cdrv.o(i.I2C2_write_buf), (144 bytes).
    Removing stm32f10x_it.o(i.ADC3_IRQHandler), (2 bytes).
    Removing stm32f10x_it.o(i.CAN_RX1_IRQHandler), (2 bytes).
    Removing stm32f10x_it.o(i.CAN_SCE_IRQHandler), (2 bytes).
    Removing stm32f10x_it.o(i.DMA2_Channel1_IRQHandler), (2 bytes).
    Removing stm32f10x_it.o(i.DMA2_Channel2_IRQHandler), (2 bytes).
    Removing stm32f10x_it.o(i.DMA2_Channel3_IRQHandler), (2 bytes).
    Removing stm32f10x_it.o(i.DMA2_Channel4_5_IRQHandler), (2 bytes).
    Removing stm32f10x_it.o(i.FSMC_IRQHandler), (2 bytes).
    Removing stm32f10x_it.o(i.SDIO_IRQHandler), (2 bytes).
    Removing stm32f10x_it.o(i.SPI3_IRQHandler), (2 bytes).
    Removing stm32f10x_it.o(i.TIM5_IRQHandler), (2 bytes).
    Removing stm32f10x_it.o(i.TIM6_IRQHandler), (2 bytes).
    Removing stm32f10x_it.o(i.TIM7_IRQHandler), (2 bytes).
    Removing stm32f10x_it.o(i.TIM8_BRK_IRQHandler), (2 bytes).
    Removing stm32f10x_it.o(i.TIM8_CC_IRQHandler), (2 bytes).
    Removing stm32f10x_it.o(i.TIM8_TRG_COM_IRQHandler), (2 bytes).
    Removing stm32f10x_it.o(i.TIM8_UP_IRQHandler), (2 bytes).
    Removing stm32f10x_it.o(i.UART4_IRQHandler), (2 bytes).
    Removing stm32f10x_it.o(i.UART5_IRQHandler), (2 bytes).
    Removing stm32f10x_it.o(i.USB_HP_CAN_TX_IRQHandler), (2 bytes).
    Removing stm32f10x_it.o(i.USB_LP_CAN_RX0_IRQHandler), (2 bytes).
    Removing mod_startup_stm32f10x_md.o(HEAP), (512 bytes).
    Removing core_cm3.o(.emb_text), (32 bytes).
    Removing system_stm32f10x.o(i.SetSysClock), (8 bytes).
    Removing system_stm32f10x.o(i.SetSysClockTo72), (224 bytes).
    Removing system_stm32f10x.o(i.SystemCoreClockUpdate), (164 bytes).
    Removing system_stm32f10x.o(i.SystemInit), (96 bytes).
    Removing system_stm32f10x.o(.data), (20 bytes).
    Removing f2d.o(.text), (38 bytes).

312 unused section(s) (total 11696 bytes) removed from the image.

==============================================================================

Memory Map of the image

  Image Entry point : 0x00000000

  Load Region LR_IROM1 (Base: 0x08000000, Size: 0x00003654, Max: 0x00008000, ABSOLUTE)

    Execution Region ER_IROM1 (Base: 0x08000000, Size: 0x0000362c, Max: 0x00008000, ABSOLUTE)

    Base Addr    Size         Type   Attr      Idx    E Section Name        Object

    0x08000000   0x000000ec   Data   RO         3231    RESET               mod_startup_stm32f10x_md.o
    0x080000ec   0x00000000   Code   RO         3281  * .ARM.Collect$$$$00000000  mc_w.l(entry.o)
    0x080000ec   0x00000004   Code   RO         3587    .ARM.Collect$$$$00000001  mc_w.l(entry2.o)
    0x080000f0   0x00000004   Code   RO         3590    .ARM.Collect$$$$00000004  mc_w.l(entry5.o)
    0x080000f4   0x00000000   Code   RO         3592    .ARM.Collect$$$$00000008  mc_w.l(entry7b.o)
    0x080000f4   0x00000000   Code   RO         3594    .ARM.Collect$$$$0000000A  mc_w.l(entry8b.o)
    0x080000f4   0x00000008   Code   RO         3595    .ARM.Collect$$$$0000000B  mc_w.l(entry9a.o)
    0x080000fc   0x00000000   Code   RO         3597    .ARM.Collect$$$$0000000D  mc_w.l(entry10a.o)
    0x080000fc   0x00000000   Code   RO         3599    .ARM.Collect$$$$0000000F  mc_w.l(entry11a.o)
    0x080000fc   0x00000004   Code   RO         3588    .ARM.Collect$$$$00002712  mc_w.l(entry2.o)
    0x08000100   0x0000001c   Code   RO         3232    .text               mod_startup_stm32f10x_md.o
    0x0800011c   0x00000024   Code   RO         3284    .text               mc_w.l(strstr.o)
    0x08000140   0x0000000e   Code   RO         3288    .text               mc_w.l(strlen.o)
    0x0800014e   0x00000012   Code   RO         3290    .text               mc_w.l(strcpy.o)
    0x08000160   0x0000002c   Code   RO         3604    .text               mc_w.l(uidiv.o)
    0x0800018c   0x00000062   Code   RO         3606    .text               mc_w.l(uldiv.o)
    0x080001ee   0x00000000   Code   RO         3620    .text               mc_w.l(iusefp.o)
    0x080001ee   0x0000014e   Code   RO         3621    .text               mf_w.l(dadd.o)
    0x0800033c   0x000000e4   Code   RO         3623    .text               mf_w.l(dmul.o)
    0x08000420   0x000000de   Code   RO         3625    .text               mf_w.l(ddiv.o)
    0x080004fe   0x00000030   Code   RO         3627    .text               mf_w.l(dfixul.o)
    0x0800052e   0x00000002   PAD
    0x08000530   0x00000030   Code   RO         3629    .text               mf_w.l(cdrcmple.o)
    0x08000560   0x00000024   Code   RO         3631    .text               mc_w.l(init.o)
    0x08000584   0x0000001e   Code   RO         3634    .text               mc_w.l(llshl.o)
    0x080005a2   0x00000020   Code   RO         3636    .text               mc_w.l(llushr.o)
    0x080005c2   0x00000024   Code   RO         3638    .text               mc_w.l(llsshr.o)
    0x080005e6   0x000000ba   Code   RO         3645    .text               mf_w.l(depilogue.o)
    0x080006a0   0x00000002   Code   RO         2724    i.ADC1_2_IRQHandler  stm32f10x_it.o
    0x080006a2   0x00000016   Code   RO          543    i.ADC_Cmd           stm32f10x_adc.o
    0x080006b8   0x00000016   Code   RO          544    i.ADC_DMACmd        stm32f10x_adc.o
    0x080006ce   0x00000014   Code   RO          551    i.ADC_GetCalibrationStatus  stm32f10x_adc.o
    0x080006e2   0x00000014   Code   RO          557    i.ADC_GetResetCalibrationStatus  stm32f10x_adc.o
    0x080006f6   0x00000002   PAD
    0x080006f8   0x00000050   Code   RO          561    i.ADC_Init          stm32f10x_adc.o
    0x08000748   0x000000b8   Code   RO          565    i.ADC_RegularChannelConfig  stm32f10x_adc.o
    0x08000800   0x0000000a   Code   RO          566    i.ADC_ResetCalibration  stm32f10x_adc.o
    0x0800080a   0x00000016   Code   RO          568    i.ADC_SoftwareStartConvCmd  stm32f10x_adc.o
    0x08000820   0x0000000a   Code   RO          570    i.ADC_StartCalibration  stm32f10x_adc.o
    0x0800082a   0x00000002   PAD
    0x0800082c   0x000000a4   Code   RO         2482    i.ADC_config        adchighdrv.o
    0x080008d0   0x00000010   Code   RO          761    i.BKP_DeInit        stm32f10x_bkp.o
    0x080008e0   0x00000038   Code   RO          147    i.BlinkError        fun.o
    0x08000918   0x00000004   Code   RO         2726    i.BusFault_Handler  stm32f10x_it.o
    0x0800091c   0x00000020   Code   RO         3158    i.CoreInit          coreinit.o
    0x0800093c   0x00000054   Code   RO          148    i.DHT11Init         fun.o
    0x08000990   0x00000050   Code   RO          149    i.DHT11_waitFor     fun.o
    0x080009e0   0x00000002   Code   RO         2729    i.DMA1_Channel1_IRQHandler  stm32f10x_it.o
    0x080009e2   0x00000002   Code   RO         2730    i.DMA1_Channel2_IRQHandler  stm32f10x_it.o
    0x080009e4   0x00000002   Code   RO         2731    i.DMA1_Channel3_IRQHandler  stm32f10x_it.o
    0x080009e6   0x00000002   Code   RO         2732    i.DMA1_Channel4_IRQHandler  stm32f10x_it.o
    0x080009e8   0x00000002   Code   RO         2733    i.DMA1_Channel5_IRQHandler  stm32f10x_it.o
    0x080009ea   0x00000002   Code   RO         2734    i.DMA1_Channel6_IRQHandler  stm32f10x_it.o
    0x080009ec   0x00000002   Code   RO         2735    i.DMA1_Channel7_IRQHandler  stm32f10x_it.o
    0x080009ee   0x00000018   Code   RO          839    i.DMA_Cmd           stm32f10x_dma.o
    0x08000a06   0x00000002   PAD
    0x08000a08   0x0000014c   Code   RO          840    i.DMA_DeInit        stm32f10x_dma.o
    0x08000b54   0x0000003c   Code   RO          845    i.DMA_Init          stm32f10x_dma.o
    0x08000b90   0x00000054   Code   RO         2515    i.DMAforADC_config  dmadrv.o
    0x08000be4   0x00000060   Code   RO         2516    i.DMAforUART1_RX_config  dmadrv.o
    0x08000c44   0x00000002   Code   RO         2740    i.DebugMon_Handler  stm32f10x_it.o
    0x08000c46   0x00000002   PAD
    0x08000c48   0x0000001c   Code   RO          466    i.EERead_Byte       eeprom.o
    0x08000c64   0x00000002   Code   RO         2741    i.EXTI0_IRQHandler  stm32f10x_it.o
    0x08000c66   0x00000002   Code   RO         2742    i.EXTI15_10_IRQHandler  stm32f10x_it.o
    0x08000c68   0x00000002   Code   RO         2743    i.EXTI1_IRQHandler  stm32f10x_it.o
    0x08000c6a   0x00000002   Code   RO         2744    i.EXTI2_IRQHandler  stm32f10x_it.o
    0x08000c6c   0x00000002   Code   RO         2745    i.EXTI3_IRQHandler  stm32f10x_it.o
    0x08000c6e   0x00000002   Code   RO         2746    i.EXTI4_IRQHandler  stm32f10x_it.o
    0x08000c70   0x00000002   Code   RO         2747    i.EXTI9_5_IRQHandler  stm32f10x_it.o
    0x08000c72   0x00000024   Code   RO          150    i.EngineInit        fun.o
    0x08000c96   0x00000002   Code   RO         2748    i.FLASH_IRQHandler  stm32f10x_it.o
    0x08000c98   0x0000001c   Code   RO          926    i.FLASH_PrefetchBufferCmd  stm32f10x_flash.o
    0x08000cb4   0x00000018   Code   RO          931    i.FLASH_SetLatency  stm32f10x_flash.o
    0x08000ccc   0x00000116   Code   RO         1089    i.GPIO_Init         stm32f10x_gpio.o
    0x08000de2   0x00000002   PAD
    0x08000de4   0x00000090   Code   RO         1091    i.GPIO_PinRemapConfig  stm32f10x_gpio.o
    0x08000e74   0x00000114   Code   RO         3159    i.GPIO_config       coreinit.o
    0x08000f88   0x00000014   Code   RO         2750    i.HardFault_Handler  stm32f10x_it.o
    0x08000f9c   0x00000002   Code   RO         2751    i.I2C1_ER_IRQHandler  stm32f10x_it.o
    0x08000f9e   0x00000002   Code   RO         2752    i.I2C1_EV_IRQHandler  stm32f10x_it.o
    0x08000fa0   0x00000044   Code   RO         2673    i.I2C1_init         i2cdrv.o
    0x08000fe4   0x00000118   Code   RO         2674    i.I2C1_read_buf     i2cdrv.o
    0x080010fc   0x00000002   Code   RO         2753    i.I2C2_ER_IRQHandler  stm32f10x_it.o
    0x080010fe   0x00000002   Code   RO         2754    i.I2C2_EV_IRQHandler  stm32f10x_it.o
    0x08001100   0x00000018   Code   RO         2276    i.I2C_AcknowledgeConfig  stm32f10x_i2c.o
    0x08001118   0x0000002a   Code   RO         2278    i.I2C_CheckEvent    stm32f10x_i2c.o
    0x08001142   0x00000018   Code   RO         2281    i.I2C_Cmd           stm32f10x_i2c.o
    0x0800115a   0x00000002   PAD
    0x0800115c   0x000000ec   Code   RO         2295    i.I2C_Init          stm32f10x_i2c.o
    0x08001248   0x00000012   Code   RO         2302    i.I2C_Send7bitAddress  stm32f10x_i2c.o
    0x0800125a   0x00000004   Code   RO         2303    i.I2C_SendData      stm32f10x_i2c.o
    0x0800125e   0x00000004   Code   RO         2755    i.MemManage_Handler  stm32f10x_it.o
    0x08001262   0x00000016   Code   RO          151    i.MemoryInit        fun.o
    0x08001278   0x00000002   Code   RO         2756    i.NMI_Handler       stm32f10x_it.o
    0x0800127a   0x00000002   PAD
    0x0800127c   0x00000070   Code   RO          501    i.NVIC_Init         misc.o
    0x080012ec   0x00000014   Code   RO          502    i.NVIC_PriorityGroupConfig  misc.o
    0x08001300   0x00000014   Code   RO          503    i.NVIC_SetVectorTable  misc.o
    0x08001314   0x00000034   Code   RO         3160    i.NVIC_config       coreinit.o
    0x08001348   0x00000002   Code   RO         2757    i.PVD_IRQHandler    stm32f10x_it.o
    0x0800134a   0x00000002   PAD
    0x0800134c   0x0000000c   Code   RO         1197    i.PWR_BackupAccessCmd  stm32f10x_pwr.o
    0x08001358   0x00000002   Code   RO         2758    i.PendSV_Handler    stm32f10x_it.o
    0x0800135a   0x00000002   PAD
    0x0800135c   0x00000018   Code   RO         1347    i.RCC_ADCCLKConfig  stm32f10x_rcc.o
    0x08001374   0x00000020   Code   RO         1348    i.RCC_AHBPeriphClockCmd  stm32f10x_rcc.o
    0x08001394   0x00000020   Code   RO         1349    i.RCC_APB1PeriphClockCmd  stm32f10x_rcc.o
    0x080013b4   0x00000020   Code   RO         1351    i.RCC_APB2PeriphClockCmd  stm32f10x_rcc.o
    0x080013d4   0x0000000c   Code   RO         1354    i.RCC_BackupResetCmd  stm32f10x_rcc.o
    0x080013e0   0x0000004c   Code   RO         1358    i.RCC_DeInit        stm32f10x_rcc.o
    0x0800142c   0x000000d4   Code   RO         1359    i.RCC_GetClocksFreq  stm32f10x_rcc.o
    0x08001500   0x0000003c   Code   RO         1360    i.RCC_GetFlagStatus  stm32f10x_rcc.o
    0x0800153c   0x00000010   Code   RO         1362    i.RCC_GetSYSCLKSource  stm32f10x_rcc.o
    0x0800154c   0x00000018   Code   RO         1363    i.RCC_HCLKConfig    stm32f10x_rcc.o
    0x08001564   0x0000004c   Code   RO         1364    i.RCC_HSEConfig     stm32f10x_rcc.o
    0x080015b0   0x0000000c   Code   RO         1365    i.RCC_HSICmd        stm32f10x_rcc.o
    0x080015bc   0x00000002   Code   RO         2759    i.RCC_IRQHandler    stm32f10x_it.o
    0x080015be   0x00000002   PAD
    0x080015c0   0x0000000c   Code   RO         1368    i.RCC_LSICmd        stm32f10x_rcc.o
    0x080015cc   0x00000018   Code   RO         1370    i.RCC_PCLK1Config   stm32f10x_rcc.o
    0x080015e4   0x00000018   Code   RO         1371    i.RCC_PCLK2Config   stm32f10x_rcc.o
    0x080015fc   0x0000000c   Code   RO         1372    i.RCC_PLLCmd        stm32f10x_rcc.o
    0x08001608   0x0000001c   Code   RO         1373    i.RCC_PLLConfig     stm32f10x_rcc.o
    0x08001624   0x0000000c   Code   RO         1374    i.RCC_RTCCLKCmd     stm32f10x_rcc.o
    0x08001630   0x00000010   Code   RO         1375    i.RCC_RTCCLKConfig  stm32f10x_rcc.o
    0x08001640   0x00000018   Code   RO         1376    i.RCC_SYSCLKConfig  stm32f10x_rcc.o
    0x08001658   0x00000038   Code   RO         1378    i.RCC_WaitForHSEStartUp  stm32f10x_rcc.o
    0x08001690   0x000000ca   Code   RO         3161    i.RCC_config        coreinit.o
    0x0800175a   0x00000002   Code   RO         2760    i.RTCAlarm_IRQHandler  stm32f10x_it.o
    0x0800175c   0x00000014   Code   RO         1259    i.RTC_EnterConfigMode  stm32f10x_rtc.o
    0x08001770   0x00000014   Code   RO         1260    i.RTC_ExitConfigMode  stm32f10x_rtc.o
    0x08001784   0x00000002   Code   RO         2761    i.RTC_IRQHandler    stm32f10x_it.o
    0x08001786   0x00000042   Code   RO         3162    i.RTC_Init          coreinit.o
    0x080017c8   0x00000020   Code   RO         1268    i.RTC_SetPrescaler  stm32f10x_rtc.o
    0x080017e8   0x00000014   Code   RO         1269    i.RTC_WaitForLastTask  stm32f10x_rtc.o
    0x080017fc   0x00000024   Code   RO         1270    i.RTC_WaitForSynchro  stm32f10x_rtc.o
    0x08001820   0x00000002   Code   RO         2763    i.SPI1_IRQHandler   stm32f10x_it.o
    0x08001822   0x00000002   Code   RO         2764    i.SPI2_IRQHandler   stm32f10x_it.o
    0x08001824   0x00000002   Code   RO         2766    i.SVC_Handler       stm32f10x_it.o
    0x08001826   0x00000002   PAD
    0x08001828   0x00000040   Code   RO          307    i.Server_ConnectTo  serverdriver.o
    0x08001868   0x00000154   Code   RO          308    i.Server_Request    serverdriver.o
    0x080019bc   0x00000014   Code   RO          311    i.Server_StartRxListener  serverdriver.o
    0x080019d0   0x00000040   Code   RO          312    i.Server_checkForResponse  serverdriver.o
    0x08001a10   0x00000066   Code   RO          313    i.Server_getRequestLength  serverdriver.o
    0x08001a76   0x00000002   PAD
    0x08001a78   0x0000009c   Code   RO          314    i.Server_putHttpRequestParams  serverdriver.o
    0x08001b14   0x00000030   Code   RO          153    i.SoilHygrometerInsolationInit  fun.o
    0x08001b44   0x0000007c   Code   RO          154    i.StartSys          fun.o
    0x08001bc0   0x0000002c   Code   RO         2767    i.SysTick_Handler   stm32f10x_it.o
    0x08001bec   0x0000005c   Code   RO         3163    i.SysTick_Init      coreinit.o
    0x08001c48   0x00000002   Code   RO         2768    i.TAMPER_IRQHandler  stm32f10x_it.o
    0x08001c4a   0x00000002   Code   RO         2769    i.TIM1_BRK_IRQHandler  stm32f10x_it.o
    0x08001c4c   0x00000002   Code   RO         2770    i.TIM1_CC_IRQHandler  stm32f10x_it.o
    0x08001c4e   0x00000002   Code   RO         2771    i.TIM1_TRG_COM_IRQHandler  stm32f10x_it.o
    0x08001c50   0x00000002   Code   RO         2772    i.TIM1_UP_IRQHandler  stm32f10x_it.o
    0x08001c52   0x00000002   Code   RO         2773    i.TIM2_IRQHandler   stm32f10x_it.o
    0x08001c54   0x00000002   Code   RO         2774    i.TIM3_IRQHandler   stm32f10x_it.o
    0x08001c56   0x00000002   Code   RO         2775    i.TIM4_IRQHandler   stm32f10x_it.o
    0x08001c58   0x00000018   Code   RO         1731    i.TIM_ARRPreloadConfig  stm32f10x_tim.o
    0x08001c70   0x00000018   Code   RO         1743    i.TIM_Cmd           stm32f10x_tim.o
    0x08001c88   0x0000001e   Code   RO         1745    i.TIM_CtrlPWMOutputs  stm32f10x_tim.o
    0x08001ca6   0x00000002   PAD
    0x08001ca8   0x00000098   Code   RO         1772    i.TIM_OC1Init       stm32f10x_tim.o
    0x08001d40   0x00000012   Code   RO         1775    i.TIM_OC1PreloadConfig  stm32f10x_tim.o
    0x08001d52   0x00000002   PAD
    0x08001d54   0x000000a4   Code   RO         1777    i.TIM_OC2Init       stm32f10x_tim.o
    0x08001df8   0x0000001a   Code   RO         1780    i.TIM_OC2PreloadConfig  stm32f10x_tim.o
    0x08001e12   0x00000002   PAD
    0x08001e14   0x000000a0   Code   RO         1782    i.TIM_OC3Init       stm32f10x_tim.o
    0x08001eb4   0x00000012   Code   RO         1785    i.TIM_OC3PreloadConfig  stm32f10x_tim.o
    0x08001ec6   0x00000002   PAD
    0x08001ec8   0x0000007c   Code   RO         1787    i.TIM_OC4Init       stm32f10x_tim.o
    0x08001f44   0x0000001a   Code   RO         1789    i.TIM_OC4PreloadConfig  stm32f10x_tim.o
    0x08001f5e   0x00000002   PAD
    0x08001f60   0x000000a4   Code   RO         1814    i.TIM_TimeBaseInit  stm32f10x_tim.o
    0x08002004   0x00000028   Code   RO         2533    i.TimerBaseInit     timerhighdrv.o
    0x0800202c   0x00000034   Code   RO         2537    i.TimerPWMStart     timerhighdrv.o
    0x08002060   0x0000007c   Code   RO         2538    i.TimerPWMxOutInit  timerhighdrv.o
    0x080020dc   0x00000024   Code   RO         2581    i.UART1_flushRx     uartdrv.o
    0x08002100   0x0000003c   Code   RO         2583    i.UART1_init        uartdrv.o
    0x0800213c   0x00000016   Code   RO         2591    i.UART1_putStr      uartdrv.o
    0x08002152   0x00000002   PAD
    0x08002154   0x00000058   Code   RO         2785    i.USART1_IRQHandler  stm32f10x_it.o
    0x080021ac   0x00000002   Code   RO         2786    i.USART2_IRQHandler  stm32f10x_it.o
    0x080021ae   0x00000002   Code   RO         2787    i.USART3_IRQHandler  stm32f10x_it.o
    0x080021b0   0x00000018   Code   RO         1551    i.USART_Cmd         stm32f10x_usart.o
    0x080021c8   0x00000012   Code   RO         1552    i.USART_DMACmd      stm32f10x_usart.o
    0x080021da   0x00000054   Code   RO         1555    i.USART_GetITStatus  stm32f10x_usart.o
    0x0800222e   0x0000004a   Code   RO         1557    i.USART_ITConfig    stm32f10x_usart.o
    0x08002278   0x000000d8   Code   RO         1558    i.USART_Init        stm32f10x_usart.o
    0x08002350   0x00000008   Code   RO         1568    i.USART_SendData    stm32f10x_usart.o
    0x08002358   0x00000002   Code   RO         2788    i.USBWakeUp_IRQHandler  stm32f10x_it.o
    0x0800235a   0x00000004   Code   RO         2791    i.UsageFault_Handler  stm32f10x_it.o
    0x0800235e   0x00000002   Code   RO         2792    i.WWDG_IRQHandler   stm32f10x_it.o
    0x08002360   0x000000d8   Code   RO          155    i.WiFiInit          fun.o
    0x08002438   0x000000e4   Code   RO          408    i.WiFi_InitApMode   wifimgr.o
    0x0800251c   0x00000038   Code   RO          409    i.WiFi_InitClientMode  wifimgr.o
    0x08002554   0x0000002c   Code   RO          410    i.WiFi_IsWiFiConnected  wifimgr.o
    0x08002580   0x00000044   Code   RO          411    i.WiFi_StartWiFiConnecting  wifimgr.o
    0x080025c4   0x00000028   Code   RO         3527    i.__0sprintf        mc_w.l(printfa.o)
    0x080025ec   0x00000012   Code   RO         3164    i._delay_ms         coreinit.o
    0x080025fe   0x00000002   PAD
    0x08002600   0x0000003c   Code   RO         3165    i._delay_us         coreinit.o
    0x0800263c   0x00000164   Code   RO         3532    i._fp_digits        mc_w.l(printfa.o)
    0x080027a0   0x000006dc   Code   RO         3533    i._printf_core      mc_w.l(printfa.o)
    0x08002e7c   0x00000024   Code   RO         3534    i._printf_post_padding  mc_w.l(printfa.o)
    0x08002ea0   0x0000002e   Code   RO         3535    i._printf_pre_padding  mc_w.l(printfa.o)
    0x08002ece   0x0000000a   Code   RO         3537    i._sputc            mc_w.l(printfa.o)
    0x08002ed8   0x00000034   Code   RO          250    i.esp8266_checkResponse  esp8266drv.o
    0x08002f0c   0x00000030   Code   RO          251    i.esp8266_sendAsk   esp8266drv.o
    0x08002f3c   0x00000038   Code   RO          253    i.esp8266_sendData  esp8266drv.o
    0x08002f74   0x0000005c   Code   RO          254    i.esp8266_waitForPrompt  esp8266drv.o
    0x08002fd0   0x0000003c   Code   RO          255    i.esp8266_waitForResp  esp8266drv.o
    0x0800300c   0x00000058   Code   RO          256    i.esp8266_waitForSpecResp  esp8266drv.o
    0x08003064   0x0000011c   Code   RO          156    i.getDHTData        fun.o
    0x08003180   0x0000003c   Code   RO         3166    i.getDuration       coreinit.o
    0x080031bc   0x00000044   Code   RO          157    i.getInsolation     fun.o
    0x08003200   0x00000044   Code   RO          158    i.getSoilMoisture   fun.o
    0x08003244   0x00000024   Code   RO         3167    i.getTimeStamp      coreinit.o
    0x08003268   0x00000340   Code   RO           66    i.main              main.o
    0x080035a8   0x00000040   Code   RO         2593    i.uart1_putc        uartdrv.o
    0x080035e8   0x00000043   Data   RO          161    .conststring        fun.o
    0x0800362b   0x00000001   PAD
    0x0800362c   0x00000000   Data   RO         3650    Region$$Table       anon$$obj.o


    Execution Region RW_IRAM1 (Base: 0x20000000, Size: 0x00000a58, Max: 0x00002800, ABSOLUTE)

    Base Addr    Size         Type   Attr      Idx    E Section Name        Object

    0x20000000   0x00000005   Data   RW            2    .data               globalvar.o
    0x20000005   0x00000003   PAD
    0x20000008   0x00000006   Data   RW          315    .data               serverdriver.o
    0x2000000e   0x00000001   Data   RW          468    .data               eeprom.o
    0x2000000f   0x00000014   Data   RW         1379    .data               stm32f10x_rcc.o
    0x20000023   0x00000003   Data   RW         2595    .data               uartdrv.o
    0x20000026   0x00000002   PAD
    0x20000028   0x00000200   Zero   RW            1    .bss                globalvar.o
    0x20000228   0x0000000a   Zero   RW          160    .bss                fun.o
    0x20000232   0x00000420   Zero   RW         2594    .bss                uartdrv.o
    0x20000652   0x00000006   PAD
    0x20000658   0x00000400   Zero   RW         3229    STACK               mod_startup_stm32f10x_md.o

