Component: ARM Compiler 5.06 update 1 (build 61) Tool: armlink [4d35a8]

==============================================================================

Section Cross References

    main.o(i.main) refers to _scanf_int.o(.text) for _scanf_int
    main.o(i.main) refers to fun.o(i.StartSys) for StartSys
    main.o(i.main) refers to coreinit.o(i._delay_ms) for _delay_ms
    main.o(i.main) refers to fun.o(i.DHT11Init) for DHT11Init
    main.o(i.main) refers to wifimgr.o(i.WiFi_IsAsleep) for WiFi_IsAsleep
    main.o(i.main) refers to wifimgr.o(i.WiFi_Wakeup) for WiFi_Wakeup
    main.o(i.main) refers to wifimgr.o(i.WiFi_IsWiFiConnected) for WiFi_IsWiFiConnected
    main.o(i.main) refers to wifimgr.o(i.WiFi_StartWiFiConnecting) for WiFi_StartWiFiConnecting
    main.o(i.main) refers to uartdrv.o(i.UART1_getRxData) for UART1_getRxData
    main.o(i.main) refers to serverdriver.o(i.Server_checkForResponse) for Server_checkForResponse
    main.o(i.main) refers to wifimgr.o(i.WiFi_Sleep) for WiFi_Sleep
    main.o(i.main) refers to printfa.o(i.__0sprintf) for __2sprintf
    main.o(i.main) refers to serverdriver.o(i.Server_ConnectTo) for Server_ConnectTo
    main.o(i.main) refers to serverdriver.o(i.Server_Request) for Server_Request
    main.o(i.main) refers to fun.o(i.getSoilMoisture) for getSoilMoisture
    main.o(i.main) refers to fun.o(i.getDHTData) for getDHTData
    main.o(i.main) refers to fun.o(i.getInsolation) for getInsolation
    main.o(i.main) refers to fun.o(i.RegisterToServer) for RegisterToServer
    main.o(i.main) refers to serverdriver.o(i.Server_RxListen) for Server_RxListen
    main.o(i.main) refers to serverdriver.o(i.Server_getPOSTVar) for Server_getPOSTVar
    main.o(i.main) refers to eeprom.o(i.EEWrite_String) for EEWrite_String
    main.o(i.main) refers to malloc.o(i.free) for free
    main.o(i.main) refers to __0sscanf.o(.text) for __0sscanf
    main.o(i.main) refers to eeprom.o(i.EEWrite_Byte) for EEWrite_Byte
    main.o(i.main) refers to malloc.o(i.malloc) for malloc
    main.o(i.main) refers to fun.o(i.BuildAPResponse) for BuildAPResponse
    main.o(i.main) refers to serverdriver.o(i.Server_StartRxListener) for Server_StartRxListener
    fun.o(i.BlinkError) refers to coreinit.o(i._delay_ms) for _delay_ms
    fun.o(i.BuildAPResponse) refers to strlen.o(.text) for strlen
    fun.o(i.BuildAPResponse) refers to malloc.o(i.malloc) for malloc
    fun.o(i.BuildAPResponse) refers to printfa.o(i.__0sprintf) for __2sprintf
    fun.o(i.BuildAPResponse) refers to strcat.o(.text) for strcat
    fun.o(i.DHT11Init) refers to coreinit.o(i._delay_ms) for _delay_ms
    fun.o(i.DHT11Init) refers to fun.o(i.getDHTData) for getDHTData
    fun.o(i.EngineInit) refers to timerhighdrv.o(i.TimerBaseInit) for TimerBaseInit
    fun.o(i.EngineInit) refers to timerhighdrv.o(i.TimerPWMxOutInit) for TimerPWMxOutInit
    fun.o(i.EngineInit) refers to timerhighdrv.o(i.TimerPWMStart) for TimerPWMStart
    fun.o(i.MemoryInit) refers to eeprom.o(i.EEInit) for EEInit
    fun.o(i.MemoryInit) refers to coreinit.o(i._delay_ms) for _delay_ms
    fun.o(i.MemoryInit) refers to eeprom.o(i.EEWrite_Byte) for EEWrite_Byte
    fun.o(i.MemoryInit) refers to eeprom.o(i.EERead_Byte) for EERead_Byte
    fun.o(i.MemoryInit) refers to eeprom.o(i.EEWrite_String) for EEWrite_String
    fun.o(i.MemoryInit) refers to eeprom.o(i.EERead_String) for EERead_String
    fun.o(i.RegisterToServer) refers to _scanf_int.o(.text) for _scanf_int
    fun.o(i.RegisterToServer) refers to printfa.o(i.__0sprintf) for __2sprintf
    fun.o(i.RegisterToServer) refers to serverdriver.o(i.Server_ConnectTo) for Server_ConnectTo
    fun.o(i.RegisterToServer) refers to serverdriver.o(i.Server_Request) for Server_Request
    fun.o(i.RegisterToServer) refers to uartdrv.o(i.UART1_getRxData) for UART1_getRxData
    fun.o(i.RegisterToServer) refers to serverdriver.o(i.Server_checkForResponse) for Server_checkForResponse
    fun.o(i.RegisterToServer) refers to serverdriver.o(i.Server_GetBody) for Server_GetBody
    fun.o(i.RegisterToServer) refers to json.o(i.JSON_getJValue) for JSON_getJValue
    fun.o(i.RegisterToServer) refers to __0sscanf.o(.text) for __0sscanf
    fun.o(i.RegisterToServer) refers to malloc.o(i.free) for free
    fun.o(i.SoilHygrometerInsolationInit) refers to dmadrv.o(i.DMAforADC_config) for DMAforADC_config
    fun.o(i.SoilHygrometerInsolationInit) refers to adchighdrv.o(i.ADC_config) for ADC_config
    fun.o(i.SoilHygrometerInsolationInit) refers to stm32f10x_adc.o(i.ADC_SoftwareStartConvCmd) for ADC_SoftwareStartConvCmd
    fun.o(i.SoilHygrometerInsolationInit) refers to fun.o(.bss) for adcData
    fun.o(i.StartSys) refers to fun.o(i.getButtonState) for getButtonState
    fun.o(i.StartSys) refers to fun.o(i.EngineInit) for EngineInit
    fun.o(i.StartSys) refers to fun.o(i.SoilHygrometerInsolationInit) for SoilHygrometerInsolationInit
    fun.o(i.StartSys) refers to fun.o(i.DHT11Init) for DHT11Init
[...]
    fun\JSON.c                               0x00000000   Number         0  json.o ABSOLUTE
    fun\ServerDriver.c                       0x00000000   Number         0  serverdriver.o ABSOLUTE
    fun\StaticMemoryDrv.c                    0x00000000   Number         0  staticmemorydrv.o ABSOLUTE
    fun\WiFiMgr.c                            0x00000000   Number         0  wifimgr.o ABSOLUTE
    fun\coreInit.c                           0x00000000   Number         0  coreinit.o ABSOLUTE
    fun\eeprom.c                             0x00000000   Number         0  eeprom.o ABSOLUTE
    fun\esp8266Drv.c                         0x00000000   Number         0  esp8266drv.o ABSOLUTE
    fun\fun.c                                0x00000000   Number         0  fun.o ABSOLUTE
    handlers.s                               0x00000000   Number         0  handlers.o ABSOLUTE
    init.s                                   0x00000000   Number         0  init.o ABSOLUTE
    main.c                                   0x00000000   Number         0  main.o ABSOLUTE
    mod_startup_stm32f10x_md.s               0x00000000   Number         0  mod_startup_stm32f10x_md.o ABSOLUTE
    stm32f10x_it.c                           0x00000000   Number         0  stm32f10x_it.o ABSOLUTE
    RESET                                    0x08003000   Section      236  mod_startup_stm32f10x_md.o(RESET)
    .ARM.Collect$$$$00000000                 0x080030ec   Section        0  entry.o(.ARM.Collect$$$$00000000)
    .ARM.Collect$$$$00000001                 0x080030ec   Section        4  entry2.o(.ARM.Collect$$$$00000001)
    .ARM.Collect$$$$00000004                 0x080030f0   Section        4  entry5.o(.ARM.Collect$$$$00000004)
    .ARM.Collect$$$$00000008                 0x080030f4   Section        0  entry7b.o(.ARM.Collect$$$$00000008)
    .ARM.Collect$$$$0000000A                 0x080030f4   Section        0  entry8b.o(.ARM.Collect$$$$0000000A)
    .ARM.Collect$$$$0000000B                 0x080030f4   Section        8  entry9a.o(.ARM.Collect$$$$0000000B)
    .ARM.Collect$$$$0000000D                 0x080030fc   Section        0  entry10a.o(.ARM.Collect$$$$0000000D)
    .ARM.Collect$$$$0000000F                 0x080030fc   Section        0  entry11a.o(.ARM.Collect$$$$0000000F)
    .ARM.Collect$$$$00002712                 0x080030fc   Section        4  entry2.o(.ARM.Collect$$$$00002712)
    __lit__00000000                          0x080030fc   Data           4  entry2.o(.ARM.Collect$$$$00002712)
    .text                                    0x08003100   Section       36  mod_startup_stm32f10x_md.o(.text)
    .text                                    0x08003124   Section        0  strcat.o(.text)
    .text                                    0x0800313c   Section        0  strstr.o(.text)
    .text                                    0x08003160   Section        0  strncpy.o(.text)
    .text                                    0x08003178   Section        0  strlen.o(.text)
    .text                                    0x08003186   Section        0  strcmp.o(.text)
    .text                                    0x080031a4   Section        0  __0sscanf.o(.text)
    .text                                    0x080031dc   Section        0  _scanf_int.o(.text)
    .text                                    0x08003328   Section        0  uidiv.o(.text)
    .text                                    0x08003354   Section        0  uldiv.o(.text)
    .text                                    0x080033b6   Section        0  _chval.o(.text)
    .text                                    0x080033d4   Section        0  scanf_char.o(.text)
    _scanf_char_input                        0x080033d5   Thumb Code    12  scanf_char.o(.text)
    .text                                    0x080033fc   Section        0  _sgetc.o(.text)
    .text                                    0x0800343c   Section        0  iusefp.o(.text)
    .text                                    0x0800343c   Section        0  dadd.o(.text)
    .text                                    0x0800358a   Section        0  dmul.o(.text)
    .text                                    0x0800366e   Section        0  ddiv.o(.text)
    .text                                    0x0800374c   Section        0  dfixul.o(.text)
    .text                                    0x0800377c   Section       48  cdrcmple.o(.text)
    .text                                    0x080037ac   Section       36  init.o(.text)
    .text                                    0x080037d0   Section        0  llshl.o(.text)
    .text                                    0x080037ee   Section        0  llushr.o(.text)
    .text                                    0x0800380e   Section        0  llsshr.o(.text)
    .text                                    0x08003832   Section        0  isspace_c.o(.text)
    .text                                    0x0800383c   Section        0  _scanf.o(.text)
    .text                                    0x08003b68   Section        0  depilogue.o(.text)
    .text                                    0x08003c24   Section        0  ctype_c.o(.text)
    i.ADC1_2_IRQHandler                      0x08003c4c   Section        0  stm32f10x_it.o(i.ADC1_2_IRQHandler)
    i.ADC_Cmd                                0x08003c4e   Section        0  stm32f10x_adc.o(i.ADC_Cmd)
    i.ADC_DMACmd                             0x08003c64   Section        0  stm32f10x_adc.o(i.ADC_DMACmd)
    i.ADC_GetCalibrationStatus               0x08003c7a   Section        0  stm32f10x_adc.o(i.ADC_GetCalibrationStatus)
    i.ADC_GetResetCalibrationStatus          0x08003c8e   Section        0  stm32f10x_adc.o(i.ADC_GetResetCalibrationStatus)
    i.ADC_Init                               0x08003ca4   Section        0  stm32f10x_adc.o(i.ADC_Init)
    i.ADC_RegularChannelConfig               0x08003cf4   Section        0  stm32f10x_adc.o(i.ADC_RegularChannelConfig)
    i.ADC_ResetCalibration                   0x08003dac   Section        0  stm32f10x_adc.o(i.ADC_ResetCalibration)
    i.ADC_SoftwareStartConvCmd               0x08003db6   Section        0  stm32f10x_adc.o(i.ADC_SoftwareStartConvCmd)
    i.ADC_StartCalibration                   0x08003dcc   Section        0  stm32f10x_adc.o(i.ADC_StartCalibration)
    i.ADC_config                             0x08003dd8   Section        0  adchighdrv.o(i.ADC_config)
    i.BKP_DeInit                             0x08003e88   Section        0  stm32f10x_bkp.o(i.BKP_DeInit)
    i.BlinkError                             0x08003e98   Section        0  fun.o(i.BlinkError)
    i.BuildAPResponse                        0x08003ed0   Section        0  fun.o(i.BuildAPResponse)
    i.BusFault_Handler                       0x08004018   Section        0  stm32f10x_it.o(i.BusFault_Handler)
    i.ChangePage                             0x0800401c   Section        0  eeprom.o(i.ChangePage)
    ChangePage                               0x0800401d   Thumb Code   172  eeprom.o(i.ChangePage)
    i.CoreInit                               0x080040d0   Section        0  coreinit.o(i.CoreInit)
    i.DHT11Init                              0x080040f0   Section        0  fun.o(i.DHT11Init)
    i.DHT11_waitFor                          0x08004140   Section        0  fun.o(i.DHT11_waitFor)
    i.DMA1_Channel1_IRQHandler               0x08004190   Section        0  stm32f10x_it.o(i.DMA1_Channel1_IRQHandler)
    i.DMA1_Channel2_IRQHandler               0x08004192   Section        0  stm32f10x_it.o(i.DMA1_Channel2_IRQHandler)
    i.DMA1_Channel3_IRQHandler               0x08004194   Section        0  stm32f10x_it.o(i.DMA1_Channel3_IRQHandler)
    i.DMA1_Channel4_IRQHandler               0x08004196   Section        0  stm32f10x_it.o(i.DMA1_Channel4_IRQHandler)
    i.DMA1_Channel5_IRQHandler               0x08004198   Section        0  stm32f10x_it.o(i.DMA1_Channel5_IRQHandler)
    i.DMA1_Channel6_IRQHandler               0x0800419a   Section        0  stm32f10x_it.o(i.DMA1_Channel6_IRQHandler)
    i.DMA1_Channel7_IRQHandler               0x0800419c   Section        0  stm32f10x_it.o(i.DMA1_Channel7_IRQHandler)
    i.DMA_Cmd                                0x0800419e   Section        0  stm32f10x_dma.o(i.DMA_Cmd)
    i.DMA_DeInit                             0x080041b8   Section        0  stm32f10x_dma.o(i.DMA_DeInit)
    i.DMA_Init                               0x08004304   Section        0  stm32f10x_dma.o(i.DMA_Init)
    i.DMAforADC_config                       0x08004340   Section        0  dmadrv.o(i.DMAforADC_config)
    i.DMAforUART1_RX_config                  0x08004394   Section        0  dmadrv.o(i.DMAforUART1_RX_config)
    i.DebugMon_Handler                       0x080043f4   Section        0  stm32f10x_it.o(i.DebugMon_Handler)
    i.EEInit                                 0x080043f8   Section        0  eeprom.o(i.EEInit)
    i.EERead_Byte                            0x08004480   Section        0  eeprom.o(i.EERead_Byte)
    i.EERead_String                          0x08004484   Section        0  eeprom.o(i.EERead_String)
    i.EEWrite_Byte                           0x080044c8   Section        0  eeprom.o(i.EEWrite_Byte)
    i.EEWrite_String                         0x08004544   Section        0  eeprom.o(i.EEWrite_String)
    i.EXTI0_IRQHandler                       0x08004674   Section        0  stm32f10x_it.o(i.EXTI0_IRQHandler)
    i.EXTI15_10_IRQHandler                   0x08004676   Section        0  stm32f10x_it.o(i.EXTI15_10_IRQHandler)
    i.EXTI1_IRQHandler                       0x08004678   Section        0  stm32f10x_it.o(i.EXTI1_IRQHandler)
    i.EXTI2_IRQHandler                       0x0800467a   Section        0  stm32f10x_it.o(i.EXTI2_IRQHandler)
    i.EXTI3_IRQHandler                       0x0800467c   Section        0  stm32f10x_it.o(i.EXTI3_IRQHandler)
    i.EXTI4_IRQHandler                       0x0800467e   Section        0  stm32f10x_it.o(i.EXTI4_IRQHandler)
    i.EXTI9_5_IRQHandler                     0x08004680   Section        0  stm32f10x_it.o(i.EXTI9_5_IRQHandler)
    i.EngineInit                             0x08004682   Section        0  fun.o(i.EngineInit)
    i.FLASH_ClearFlag                        0x080046a8   Section        0  stm32f10x_flash.o(i.FLASH_ClearFlag)
    i.FLASH_ErasePage                        0x080046b4   Section        0  stm32f10x_flash.o(i.FLASH_ErasePage)
    i.FLASH_GetBank1Status                   0x08004700   Section        0  stm32f10x_flash.o(i.FLASH_GetBank1Status)
    i.FLASH_IRQHandler                       0x08004734   Section        0  stm32f10x_it.o(i.FLASH_IRQHandler)
    i.FLASH_Lock                             0x08004738   Section        0  stm32f10x_flash.o(i.FLASH_Lock)
    i.FLASH_PrefetchBufferCmd                0x0800474c   Section        0  stm32f10x_flash.o(i.FLASH_PrefetchBufferCmd)
    i.FLASH_ProgramWord                      0x08004768   Section        0  stm32f10x_flash.o(i.FLASH_ProgramWord)
    i.FLASH_SetLatency                       0x080047d4   Section        0  stm32f10x_flash.o(i.FLASH_SetLatency)
    i.FLASH_Unlock                           0x080047ec   Section        0  stm32f10x_flash.o(i.FLASH_Unlock)
    i.FLASH_WaitForLastOperation             0x08004804   Section        0  stm32f10x_flash.o(i.FLASH_WaitForLastOperation)
    i.FindMaxLessThan                        0x0800482a   Section        0  eeprom.o(i.FindMaxLessThan)
    FindMaxLessThan                          0x0800482b   Thumb Code    74  eeprom.o(i.FindMaxLessThan)
    i.FindOffset                             0x08004874   Section        0  eeprom.o(i.FindOffset)
    FindOffset                               0x08004875   Thumb Code    56  eeprom.o(i.FindOffset)
    i.FindVarAddress                         0x080048b0   Section        0  eeprom.o(i.FindVarAddress)
    FindVarAddress                           0x080048b1   Thumb Code    82  eeprom.o(i.FindVarAddress)
    i.GPIO_Init                              0x08004908   Section        0  stm32f10x_gpio.o(i.GPIO_Init)
    i.GPIO_PinRemapConfig                    0x08004a20   Section        0  stm32f10x_gpio.o(i.GPIO_PinRemapConfig)
    i.GPIO_config                            0x08004ab0   Section        0  coreinit.o(i.GPIO_config)
    i.HardFault_Handler                      0x08004bfc   Section        0  stm32f10x_it.o(i.HardFault_Handler)
    i.I2C1_ER_IRQHandler                     0x08004c10   Section        0  stm32f10x_it.o(i.I2C1_ER_IRQHandler)
    i.I2C1_EV_IRQHandler                     0x08004c12   Section        0  stm32f10x_it.o(i.I2C1_EV_IRQHandler)
    i.I2C2_ER_IRQHandler                     0x08004c14   Section        0  stm32f10x_it.o(i.I2C2_ER_IRQHandler)
    i.I2C2_EV_IRQHandler                     0x08004c16   Section        0  stm32f10x_it.o(i.I2C2_EV_IRQHandler)
    i.IsEnoughtMemory                        0x08004c18   Section        0  eeprom.o(i.IsEnoughtMemory)
    IsEnoughtMemory                          0x08004c19   Thumb Code    22  eeprom.o(i.IsEnoughtMemory)
    i.JSON_getJValue                         0x08004c34   Section        0  json.o(i.JSON_getJValue)
    i.MemManage_Handler                      0x08004cb8   Section        0  stm32f10x_it.o(i.MemManage_Handler)
    i.MemoryInit                             0x08004cbc   Section        0  fun.o(i.MemoryInit)
    i.NMI_Handler                            0x08004d5c   Section        0  stm32f10x_it.o(i.NMI_Handler)
    i.NVIC_Init                              0x08004d60   Section        0  misc.o(i.NVIC_Init)
    i.NVIC_PriorityGroupConfig               0x08004dd0   Section        0  misc.o(i.NVIC_PriorityGroupConfig)
    i.NVIC_config                            0x08004de4   Section        0  coreinit.o(i.NVIC_config)
    i.PVD_IRQHandler                         0x08004e0e   Section        0  stm32f10x_it.o(i.PVD_IRQHandler)
    i.PWR_BackupAccessCmd                    0x08004e10   Section        0  stm32f10x_pwr.o(i.PWR_BackupAccessCmd)
    i.PendSV_Handler                         0x08004e1c   Section        0  stm32f10x_it.o(i.PendSV_Handler)
    i.RCC_ADCCLKConfig                       0x08004e20   Section        0  stm32f10x_rcc.o(i.RCC_ADCCLKConfig)
    i.RCC_AHBPeriphClockCmd                  0x08004e38   Section        0  stm32f10x_rcc.o(i.RCC_AHBPeriphClockCmd)
    i.RCC_APB1PeriphClockCmd                 0x08004e58   Section        0  stm32f10x_rcc.o(i.RCC_APB1PeriphClockCmd)
    i.RCC_APB2PeriphClockCmd                 0x08004e78   Section        0  stm32f10x_rcc.o(i.RCC_APB2PeriphClockCmd)
    i.RCC_BackupResetCmd                     0x08004e98   Section        0  stm32f10x_rcc.o(i.RCC_BackupResetCmd)
    i.RCC_DeInit                             0x08004ea4   Section        0  stm32f10x_rcc.o(i.RCC_DeInit)
    i.RCC_GetClocksFreq                      0x08004ef0   Section        0  stm32f10x_rcc.o(i.RCC_GetClocksFreq)
    i.RCC_GetFlagStatus                      0x08004fc4   Section        0  stm32f10x_rcc.o(i.RCC_GetFlagStatus)
    i.RCC_GetSYSCLKSource                    0x08005000   Section        0  stm32f10x_rcc.o(i.RCC_GetSYSCLKSource)
    i.RCC_HCLKConfig                         0x08005010   Section        0  stm32f10x_rcc.o(i.RCC_HCLKConfig)
    i.RCC_HSEConfig                          0x08005028   Section        0  stm32f10x_rcc.o(i.RCC_HSEConfig)
    i.RCC_IRQHandler                         0x08005074   Section        0  stm32f10x_it.o(i.RCC_IRQHandler)
    i.RCC_LSICmd                             0x08005078   Section        0  stm32f10x_rcc.o(i.RCC_LSICmd)
    i.RCC_PCLK1Config                        0x08005084   Section        0  stm32f10x_rcc.o(i.RCC_PCLK1Config)
    i.RCC_PCLK2Config                        0x0800509c   Section        0  stm32f10x_rcc.o(i.RCC_PCLK2Config)
    i.RCC_PLLCmd                             0x080050b4   Section        0  stm32f10x_rcc.o(i.RCC_PLLCmd)
    i.RCC_PLLConfig                          0x080050c0   Section        0  stm32f10x_rcc.o(i.RCC_PLLConfig)
    i.RCC_RTCCLKCmd                          0x080050dc   Section        0  stm32f10x_rcc.o(i.RCC_RTCCLKCmd)
    i.RCC_RTCCLKConfig                       0x080050e8   Section        0  stm32f10x_rcc.o(i.RCC_RTCCLKConfig)
    i.RCC_SYSCLKConfig                       0x080050f8   Section        0  stm32f10x_rcc.o(i.RCC_SYSCLKConfig)
    i.RCC_WaitForHSEStartUp                  0x08005110   Section        0  stm32f10x_rcc.o(i.RCC_WaitForHSEStartUp)
    i.RCC_config                             0x08005148   Section        0  coreinit.o(i.RCC_config)
    i.RTCAlarm_IRQHandler                    0x08005214   Section        0  stm32f10x_it.o(i.RTCAlarm_IRQHandler)
    i.RTC_EnterConfigMode                    0x08005218   Section        0  stm32f10x_rtc.o(i.RTC_EnterConfigMode)
    i.RTC_ExitConfigMode                     0x0800522c   Section        0  stm32f10x_rtc.o(i.RTC_ExitConfigMode)
    i.RTC_IRQHandler                         0x08005240   Section        0  stm32f10x_it.o(i.RTC_IRQHandler)
    i.RTC_Init                               0x08005242   Section        0  coreinit.o(i.RTC_Init)
    i.RTC_SetPrescaler                       0x08005284   Section        0  stm32f10x_rtc.o(i.RTC_SetPrescaler)
    i.RTC_WaitForLastTask                    0x080052a4   Section        0  stm32f10x_rtc.o(i.RTC_WaitForLastTask)
    i.RTC_WaitForSynchro                     0x080052b8   Section        0  stm32f10x_rtc.o(i.RTC_WaitForSynchro)
    i.RegisterToServer                       0x080052dc   Section        0  fun.o(i.RegisterToServer)
    i.SPI1_IRQHandler                        0x080054cc   Section        0  stm32f10x_it.o(i.SPI1_IRQHandler)
    i.SPI2_IRQHandler                        0x080054ce   Section        0  stm32f10x_it.o(i.SPI2_IRQHandler)
    i.SVC_Handler                            0x080054d0   Section        0  stm32f10x_it.o(i.SVC_Handler)
    i.Server_ConnectTo                       0x080054d4   Section        0  serverdriver.o(i.Server_ConnectTo)
    i.Server_GetBody                         0x08005534   Section        0  serverdriver.o(i.Server_GetBody)
    i.Server_GetPOSTVars                     0x080055b8   Section        0  serverdriver.o(i.Server_GetPOSTVars)
    i.Server_Request                         0x0800563c   Section        0  serverdriver.o(i.Server_Request)
    i.Server_RxListen                        0x08005798   Section        0  serverdriver.o(i.Server_RxListen)
    i.Server_SendData                        0x080058ec   Section        0  serverdriver.o(i.Server_SendData)
    i.Server_StartRxListener                 0x08005998   Section        0  serverdriver.o(i.Server_StartRxListener)
    i.Server_checkForResponse                0x080059c0   Section        0  serverdriver.o(i.Server_checkForResponse)
    i.Server_getPOSTVar                      0x080059f8   Section        0  serverdriver.o(i.Server_getPOSTVar)
    i.Server_getRequestLength                0x08005a7c   Section        0  serverdriver.o(i.Server_getRequestLength)
    i.Server_putHttpRequestParams            0x08005ae4   Section        0  serverdriver.o(i.Server_putHttpRequestParams)
    i.SoilHygrometerInsolationInit           0x08005b80   Section        0  fun.o(i.SoilHygrometerInsolationInit)
    i.StartSys                               0x08005bb0   Section        0  fun.o(i.StartSys)
    i.SysTick_CLKSourceConfig                0x08005c5c   Section        0  misc.o(i.SysTick_CLKSourceConfig)
    i.SysTick_Handler                        0x08005c84   Section        0  stm32f10x_it.o(i.SysTick_Handler)
    i.SysTick_Init                           0x08005cb0   Section        0  coreinit.o(i.SysTick_Init)
    i.TAMPER_IRQHandler                      0x08005d18   Section        0  stm32f10x_it.o(i.TAMPER_IRQHandler)
    i.TIM1_BRK_IRQHandler                    0x08005d1a   Section        0  stm32f10x_it.o(i.TIM1_BRK_IRQHandler)
    i.TIM1_CC_IRQHandler                     0x08005d1c   Section        0  stm32f10x_it.o(i.TIM1_CC_IRQHandler)
    i.TIM1_TRG_COM_IRQHandler                0x08005d1e   Section        0  stm32f10x_it.o(i.TIM1_TRG_COM_IRQHandler)
    i.TIM1_UP_IRQHandler                     0x08005d20   Section        0  stm32f10x_it.o(i.TIM1_UP_IRQHandler)
    i.TIM2_IRQHandler                        0x08005d22   Section        0  stm32f10x_it.o(i.TIM2_IRQHandler)
    i.TIM3_IRQHandler                        0x08005d24   Section        0  stm32f10x_it.o(i.TIM3_IRQHandler)
    i.TIM4_IRQHandler                        0x08005d26   Section        0  stm32f10x_it.o(i.TIM4_IRQHandler)
    i.TIM_ARRPreloadConfig                   0x08005d28   Section        0  stm32f10x_tim.o(i.TIM_ARRPreloadConfig)
    i.TIM_Cmd                                0x08005d40   Section        0  stm32f10x_tim.o(i.TIM_Cmd)
    i.TIM_CtrlPWMOutputs                     0x08005d58   Section        0  stm32f10x_tim.o(i.TIM_CtrlPWMOutputs)
    i.TIM_OC1Init                            0x08005d78   Section        0  stm32f10x_tim.o(i.TIM_OC1Init)
    i.TIM_OC1PreloadConfig                   0x08005e10   Section        0  stm32f10x_tim.o(i.TIM_OC1PreloadConfig)
    i.TIM_OC2Init                            0x08005e24   Section        0  stm32f10x_tim.o(i.TIM_OC2Init)
    i.TIM_OC2PreloadConfig                   0x08005ec8   Section        0  stm32f10x_tim.o(i.TIM_OC2PreloadConfig)
    i.TIM_OC3Init                            0x08005ee4   Section        0  stm32f10x_tim.o(i.TIM_OC3Init)
    i.TIM_OC3PreloadConfig                   0x08005f84   Section        0  stm32f10x_tim.o(i.TIM_OC3PreloadConfig)
    i.TIM_OC4Init                            0x08005f98   Section        0  stm32f10x_tim.o(i.TIM_OC4Init)
    i.TIM_OC4PreloadConfig                   0x08006014   Section        0  stm32f10x_tim.o(i.TIM_OC4PreloadConfig)
    i.TIM_TimeBaseInit                       0x08006030   Section        0  stm32f10x_tim.o(i.TIM_TimeBaseInit)
    i.TimerBaseInit                          0x080060d4   Section        0  timerhighdrv.o(i.TimerBaseInit)
    i.TimerPWMStart                          0x080060fc   Section        0  timerhighdrv.o(i.TimerPWMStart)
    i.TimerPWMxOutInit                       0x08006130   Section        0  timerhighdrv.o(i.TimerPWMxOutInit)
    i.UART1_getRxData                        0x080061ac   Section        0  uartdrv.o(i.UART1_getRxData)
    i.UART1_init                             0x08006218   Section        0  uartdrv.o(i.UART1_init)
    i.UART1_putStr                           0x08006264   Section        0  uartdrv.o(i.UART1_putStr)
    i.USART1_IRQHandler                      0x0800627c   Section        0  stm32f10x_it.o(i.USART1_IRQHandler)
    i.USART2_IRQHandler                      0x080062d4   Section        0  stm32f10x_it.o(i.USART2_IRQHandler)
    i.USART3_IRQHandler                      0x080062d6   Section        0  stm32f10x_it.o(i.USART3_IRQHandler)
    i.USART_Cmd                              0x080062d8   Section        0  stm32f10x_usart.o(i.USART_Cmd)
    i.USART_DMACmd                           0x080062f0   Section        0  stm32f10x_usart.o(i.USART_DMACmd)
    i.USART_GetITStatus                      0x08006302   Section        0  stm32f10x_usart.o(i.USART_GetITStatus)
    i.USART_ITConfig                         0x08006356   Section        0  stm32f10x_usart.o(i.USART_ITConfig)
    i.USART_Init                             0x080063a0   Section        0  stm32f10x_usart.o(i.USART_Init)
    i.USART_SendData                         0x08006478   Section        0  stm32f10x_usart.o(i.USART_SendData)
    i.USBWakeUp_IRQHandler                   0x08006480   Section        0  stm32f10x_it.o(i.USBWakeUp_IRQHandler)
    i.UsageFault_Handler                     0x08006482   Section        0  stm32f10x_it.o(i.UsageFault_Handler)
    i.WWDG_IRQHandler                        0x08006486   Section        0  stm32f10x_it.o(i.WWDG_IRQHandler)
    i.WiFiInit                               0x08006488   Section        0  fun.o(i.WiFiInit)
    i.WiFi_InitApMode                        0x080065b0   Section        0  wifimgr.o(i.WiFi_InitApMode)
    i.WiFi_InitClientMode                    0x080066b0   Section        0  wifimgr.o(i.WiFi_InitClientMode)
    i.WiFi_IsAsleep                          0x080066e4   Section        0  wifimgr.o(i.WiFi_IsAsleep)
    i.WiFi_IsWiFiConnected                   0x080066f0   Section        0  wifimgr.o(i.WiFi_IsWiFiConnected)
    i.WiFi_Sleep                             0x08006738   Section        0  wifimgr.o(i.WiFi_Sleep)
    i.WiFi_StartWiFiConnecting               0x08006754   Section        0  wifimgr.o(i.WiFi_StartWiFiConnecting)
    i.WiFi_Wakeup                            0x080067a4   Section        0  wifimgr.o(i.WiFi_Wakeup)
    i.__0sprintf                             0x080067ec   Section        0  printfa.o(i.__0sprintf)
    i.__scatterload_copy                     0x08006814   Section       14  handlers.o(i.__scatterload_copy)
    i.__scatterload_null                     0x08006822   Section        2  handlers.o(i.__scatterload_null)
    i.__scatterload_zeroinit                 0x08006824   Section       14  handlers.o(i.__scatterload_zeroinit)
    i._delay_ms                              0x08006832   Section        0  coreinit.o(i._delay_ms)
    i._delay_us                              0x08006844   Section        0  coreinit.o(i._delay_us)
    i._fp_digits                             0x08006880   Section        0  printfa.o(i._fp_digits)
    _fp_digits                               0x08006881   Thumb Code   334  printfa.o(i._fp_digits)
    i._printf_core                           0x080069e4   Section        0  printfa.o(i._printf_core)
    _printf_core                             0x080069e5   Thumb Code  1744  printfa.o(i._printf_core)
    i._printf_post_padding                   0x080070c0   Section        0  printfa.o(i._printf_post_padding)
    _printf_post_padding                     0x080070c1   Thumb Code    36  printfa.o(i._printf_post_padding)
    i._printf_pre_padding                    0x080070e4   Section        0  printfa.o(i._printf_pre_padding)
    _printf_pre_padding                      0x080070e5   Thumb Code    46  printfa.o(i._printf_pre_padding)
    i._sputc                                 0x08007112   Section        0  printfa.o(i._sputc)
    _sputc                                   0x08007113   Thumb Code    10  printfa.o(i._sputc)
    i.esp8266_checkResponse                  0x0800711c   Section        0  esp8266drv.o(i.esp8266_checkResponse)
    i.esp8266_sendAsk                        0x08007158   Section        0  esp8266drv.o(i.esp8266_sendAsk)
    i.esp8266_sendData                       0x08007184   Section        0  esp8266drv.o(i.esp8266_sendData)
    i.esp8266_waitForPrompt                  0x080071b8   Section        0  esp8266drv.o(i.esp8266_waitForPrompt)
    i.esp8266_waitForResp                    0x0800721c   Section        0  esp8266drv.o(i.esp8266_waitForResp)
    i.esp8266_waitForSpecResp                0x08007260   Section        0  esp8266drv.o(i.esp8266_waitForSpecResp)
    i.free                                   0x080072c0   Section        0  malloc.o(i.free)
    i.getButtonState                         0x08007310   Section        0  fun.o(i.getButtonState)
    i.getDHTData                             0x08007340   Section        0  fun.o(i.getDHTData)
    i.getDuration                            0x0800745c   Section        0  coreinit.o(i.getDuration)
    i.getInsolation                          0x08007498   Section        0  fun.o(i.getInsolation)
    i.getSoilMoisture                        0x080074c0   Section        0  fun.o(i.getSoilMoisture)
    i.getTimeStamp                           0x08007514   Section        0  coreinit.o(i.getTimeStamp)
    i.main                                   0x08007538   Section        0  main.o(i.main)
    i.malloc                                 0x08007b1c   Section        0  malloc.o(i.malloc)
    i.uart1_putc                             0x08007b88   Section        0  uartdrv.o(i.uart1_putc)
    .constdata                               0x08007bc8   Section       64  ctype_c.o(.constdata)
    .data                                    0x20000000   Section        5  globalvar.o(.data)
    .data                                    0x20000008   Section        6  serverdriver.o(.data)
    rxListener_readStart                     0x2000000c   Data           2  serverdriver.o(.data)
    .data                                    0x2000000e   Section        1  wifimgr.o(.data)
    .data                                    0x20000010   Section       14  eeprom.o(.data)
    .data                                    0x2000001e   Section       20  stm32f10x_rcc.o(.data)
    APBAHBPrescTable                         0x2000001e   Data          16  stm32f10x_rcc.o(.data)
    ADCPrescTable                            0x2000002e   Data           4  stm32f10x_rcc.o(.data)
    .data                                    0x20000032   Section        3  uartdrv.o(.data)
    key_lastPos                              0x20000034   Data           1  uartdrv.o(.data)
    .data                                    0x20000038   Section        4  mvars.o(.data)
    .data                                    0x2000003c   Section        4  mvars.o(.data)
    .bss                                     0x20000040   Section       12  fun.o(.bss)
    .bss                                     0x2000004c   Section       12  serverdriver.o(.bss)
    .bss                                     0x20000058   Section     2081  uartdrv.o(.bss)
    _UART1_RxLine                            0x20000058   Data        1024  uartdrv.o(.bss)
    UART1_RxLocker                           0x20000458   Data        1025  uartdrv.o(.bss)
    HEAP                                     0x20000880   Section     2048  mod_startup_stm32f10x_md.o(HEAP)
    STACK                                    0x20001080   Section     2048  mod_startup_stm32f10x_md.o(STACK)

    Global Symbols

    Symbol Name                              Value     Ov Type        Size  Object(Section)

    BuildAttributes$$THM_ISAv4$P$D$K$B$S$PE$A:L22UL41UL21$X:L11$S22US41US21$IEEE1$IW$USESV6$~STKCKD$USESV7$~SHL$OSPACE$ROPI$EBA8$MICROLIB$REQ8$PRES8$EABIv2 0x00000000   Number         0  anon$$obj.o ABSOLUTE
    __ARM_use_no_argv                        0x00000000   Number         0  main.o ABSOLUTE
    _printf_a                                0x00000000   Number         0  stubs.o ABSOLUTE
    _printf_c                                0x00000000   Number         0  stubs.o ABSOLUTE
    _printf_charcount                        0x00000000   Number         0  stubs.o ABSOLUTE
    _printf_d                                0x00000000   Number         0  stubs.o ABSOLUTE
    _printf_e                                0x00000000   Number         0  stubs.o ABSOLUTE
    _printf_f                                0x00000000   Number         0  stubs.o ABSOLUTE
    _printf_flags                            0x00000000   Number         0  stubs.o ABSOLUTE
    _printf_fp_dec                           0x00000000   Number         0  stubs.o ABSOLUTE
    _printf_fp_hex                           0x00000000   Number         0  stubs.o ABSOLUTE
    _printf_g                                0x00000000   Number         0  stubs.o ABSOLUTE
    _printf_i                                0x00000000   Number         0  stubs.o ABSOLUTE
    _printf_int_dec                          0x00000000   Number         0  stubs.o ABSOLUTE
    _printf_l                                0x00000000   Number         0  stubs.o ABSOLUTE
    _printf_lc                               0x00000000   Number         0  stubs.o ABSOLUTE
    _printf_ll                               0x00000000   Number         0  stubs.o ABSOLUTE
    _printf_lld                              0x00000000   Number         0  stubs.o ABSOLUTE
    _printf_lli                              0x00000000   Number         0  stubs.o ABSOLUTE
    _printf_llo                              0x00000000   Number         0  stubs.o ABSOLUTE
    _printf_llu                              0x00000000   Number         0  stubs.o ABSOLUTE
    _printf_llx                              0x00000000   Number         0  stubs.o ABSOLUTE
    _printf_longlong_dec                     0x00000000   Number         0  stubs.o ABSOLUTE
    _printf_longlong_hex                     0x00000000   Number         0  stubs.o ABSOLUTE
    _printf_longlong_oct                     0x00000000   Number         0  stubs.o ABSOLUTE
    _printf_ls                               0x00000000   Number         0  stubs.o ABSOLUTE
    _printf_mbtowc                           0x00000000   Number         0  stubs.o ABSOLUTE
    _printf_n                                0x00000000   Number         0  stubs.o ABSOLUTE
    _printf_o                                0x00000000   Number         0  stubs.o ABSOLUTE
    _printf_p                                0x00000000   Number         0  stubs.o ABSOLUTE
    _printf_percent                          0x00000000   Number         0  stubs.o ABSOLUTE
    _printf_pre_padding                      0x00000000   Number         0  stubs.o ABSOLUTE
    _printf_return_value                     0x00000000   Number         0  stubs.o ABSOLUTE
    _printf_s                                0x00000000   Number         0  stubs.o ABSOLUTE
    _printf_sizespec                         0x00000000   Number         0  stubs.o ABSOLUTE
    _printf_str                              0x00000000   Number         0  stubs.o ABSOLUTE
    _printf_truncate_signed                  0x00000000   Number         0  stubs.o ABSOLUTE
    _printf_truncate_unsigned                0x00000000   Number         0  stubs.o ABSOLUTE
    _printf_u                                0x00000000   Number         0  stubs.o ABSOLUTE
    _printf_wc                               0x00000000   Number         0  stubs.o ABSOLUTE
    _printf_wctomb                           0x00000000   Number         0  stubs.o ABSOLUTE
    _printf_widthprec                        0x00000000   Number         0  stubs.o ABSOLUTE
    _printf_x                                0x00000000   Number         0  stubs.o ABSOLUTE
    __cpp_initialize__aeabi_                  - Undefined Weak Reference
    __cxa_finalize                            - Undefined Weak Reference
    __decompress                              - Undefined Weak Reference
    _clock_init                               - Undefined Weak Reference
    _microlib_exit                            - Undefined Weak Reference
    _scanf_longlong                           - Undefined Weak Reference
    _scanf_real                               - Undefined Weak Reference
    _scanf_string                             - Undefined Weak Reference
    __Vectors_Size                           0x000000ec   Number         0  mod_startup_stm32f10x_md.o ABSOLUTE
    __Vectors                                0x08003000   Data           4  mod_startup_stm32f10x_md.o(RESET)
    __Vectors_End                            0x080030ec   Data           0  mod_startup_stm32f10x_md.o(RESET)
    __main                                   0x080030ed   Thumb Code     0  entry.o(.ARM.Collect$$$$00000000)
    _main_stk                                0x080030ed   Thumb Code     0  entry2.o(.ARM.Collect$$$$00000001)
    _main_scatterload                        0x080030f1   Thumb Code     0  entry5.o(.ARM.Collect$$$$00000004)
    __main_after_scatterload                 0x080030f5   Thumb Code     0  entry5.o(.ARM.Collect$$$$00000004)
    _main_clock                              0x080030f5   Thumb Code     0  entry7b.o(.ARM.Collect$$$$00000008)
    _main_cpp_init                           0x080030f5   Thumb Code     0  entry8b.o(.ARM.Collect$$$$0000000A)
    _main_init                               0x080030f5   Thumb Code     0  entry9a.o(.ARM.Collect$$$$0000000B)
    __rt_final_cpp                           0x080030fd   Thumb Code     0  entry10a.o(.ARM.Collect$$$$0000000D)
    __rt_final_exit                          0x080030fd   Thumb Code     0  entry11a.o(.ARM.Collect$$$$0000000F)
    Reset_Handler                            0x08003101   Thumb Code     8  mod_startup_stm32f10x_md.o(.text)
    CAN1_RX1_IRQHandler                      0x0800311b   Thumb Code     0  mod_startup_stm32f10x_md.o(.text)
    CAN1_SCE_IRQHandler                      0x0800311b   Thumb Code     0  mod_startup_stm32f10x_md.o(.text)
    USB_HP_CAN1_TX_IRQHandler                0x0800311b   Thumb Code     0  mod_startup_stm32f10x_md.o(.text)
    USB_LP_CAN1_RX0_IRQHandler               0x0800311b   Thumb Code     0  mod_startup_stm32f10x_md.o(.text)
    strcat                                   0x08003125   Thumb Code    24  strcat.o(.text)
    strstr                                   0x0800313d   Thumb Code    36  strstr.o(.text)
    strncpy                                  0x08003161   Thumb Code    24  strncpy.o(.text)
    strlen                                   0x08003179   Thumb Code    14  strlen.o(.text)
    strcmp                                   0x08003187   Thumb Code    28  strcmp.o(.text)
    __0sscanf                                0x080031a5   Thumb Code    48  __0sscanf.o(.text)
    _scanf_int                               0x080031dd   Thumb Code   332  _scanf_int.o(.text)
    __aeabi_uidiv                            0x08003329   Thumb Code     0  uidiv.o(.text)
    __aeabi_uidivmod                         0x08003329   Thumb Code    44  uidiv.o(.text)
    __aeabi_uldivmod                         0x08003355   Thumb Code    98  uldiv.o(.text)
    _chval                                   0x080033b7   Thumb Code    28  _chval.o(.text)
    __vfscanf_char                           0x080033e1   Thumb Code    20  scanf_char.o(.text)
    _sgetc                                   0x080033fd   Thumb Code    30  _sgetc.o(.text)
    _sbackspace                              0x0800341b   Thumb Code    34  _sgetc.o(.text)
    __I$use$fp                               0x0800343d   Thumb Code     0  iusefp.o(.text)
    __aeabi_dadd                             0x0800343d   Thumb Code   322  dadd.o(.text)
    __aeabi_dsub                             0x0800357f   Thumb Code     6  dadd.o(.text)
    __aeabi_drsub                            0x08003585   Thumb Code     6  dadd.o(.text)
    __aeabi_dmul                             0x0800358b   Thumb Code   228  dmul.o(.text)
    __aeabi_ddiv                             0x0800366f   Thumb Code   222  ddiv.o(.text)
    __aeabi_d2ulz                            0x0800374d   Thumb Code    48  dfixul.o(.text)
    __aeabi_cdrcmple                         0x0800377d   Thumb Code    48  cdrcmple.o(.text)
    __scatterload                            0x080037ad   Thumb Code    28  init.o(.text)
    __scatterload_rt2                        0x080037ad   Thumb Code     0  init.o(.text)
    __aeabi_llsl                             0x080037d1   Thumb Code    30  llshl.o(.text)
    _ll_shift_l                              0x080037d1   Thumb Code     0  llshl.o(.text)
    __aeabi_llsr                             0x080037ef   Thumb Code    32  llushr.o(.text)
    _ll_ushift_r                             0x080037ef   Thumb Code     0  llushr.o(.text)
    __aeabi_lasr                             0x0800380f   Thumb Code    36  llsshr.o(.text)
    _ll_sshift_r                             0x0800380f   Thumb Code     0  llsshr.o(.text)
    isspace                                  0x08003833   Thumb Code    10  isspace_c.o(.text)
    __vfscanf                                0x0800383d   Thumb Code   808  _scanf.o(.text)
    _double_round                            0x08003b69   Thumb Code    30  depilogue.o(.text)
    _double_epilogue                         0x08003b87   Thumb Code   156  depilogue.o(.text)
    __ctype_lookup                           0x08003c25   Thumb Code    34  ctype_c.o(.text)
    ADC1_2_IRQHandler                        0x08003c4d   Thumb Code     2  stm32f10x_it.o(i.ADC1_2_IRQHandler)
    ADC_Cmd                                  0x08003c4f   Thumb Code    22  stm32f10x_adc.o(i.ADC_Cmd)
    ADC_DMACmd                               0x08003c65   Thumb Code    22  stm32f10x_adc.o(i.ADC_DMACmd)
    ADC_GetCalibrationStatus                 0x08003c7b   Thumb Code    20  stm32f10x_adc.o(i.ADC_GetCalibrationStatus)
    ADC_GetResetCalibrationStatus            0x08003c8f   Thumb Code    20  stm32f10x_adc.o(i.ADC_GetResetCalibrationStatus)
    ADC_Init                                 0x08003ca5   Thumb Code    70  stm32f10x_adc.o(i.ADC_Init)
    ADC_RegularChannelConfig                 0x08003cf5   Thumb Code   184  stm32f10x_adc.o(i.ADC_RegularChannelConfig)
    ADC_ResetCalibration                     0x08003dad   Thumb Code    10  stm32f10x_adc.o(i.ADC_ResetCalibration)
    ADC_SoftwareStartConvCmd                 0x08003db7   Thumb Code    22  stm32f10x_adc.o(i.ADC_SoftwareStartConvCmd)
    ADC_StartCalibration                     0x08003dcd   Thumb Code    10  stm32f10x_adc.o(i.ADC_StartCalibration)
    ADC_config                               0x08003dd9   Thumb Code   170  adchighdrv.o(i.ADC_config)
    BKP_DeInit                               0x08003e89   Thumb Code    16  stm32f10x_bkp.o(i.BKP_DeInit)
    BlinkError                               0x08003e99   Thumb Code    52  fun.o(i.BlinkError)
    BuildAPResponse                          0x08003ed1   Thumb Code   240  fun.o(i.BuildAPResponse)
    BusFault_Handler                         0x08004019   Thumb Code     4  stm32f10x_it.o(i.BusFault_Handler)
    CoreInit                                 0x080040d1   Thumb Code    28  coreinit.o(i.CoreInit)
    DHT11Init                                0x080040f1   Thumb Code    76  fun.o(i.DHT11Init)
    DHT11_waitFor                            0x08004141   Thumb Code    70  fun.o(i.DHT11_waitFor)
    DMA1_Channel1_IRQHandler                 0x08004191   Thumb Code     2  stm32f10x_it.o(i.DMA1_Channel1_IRQHandler)
    DMA1_Channel2_IRQHandler                 0x08004193   Thumb Code     2  stm32f10x_it.o(i.DMA1_Channel2_IRQHandler)
    DMA1_Channel3_IRQHandler                 0x08004195   Thumb Code     2  stm32f10x_it.o(i.DMA1_Channel3_IRQHandler)
    DMA1_Channel4_IRQHandler                 0x08004197   Thumb Code     2  stm32f10x_it.o(i.DMA1_Channel4_IRQHandler)
    DMA1_Channel5_IRQHandler                 0x08004199   Thumb Code     2  stm32f10x_it.o(i.DMA1_Channel5_IRQHandler)
    DMA1_Channel6_IRQHandler                 0x0800419b   Thumb Code     2  stm32f10x_it.o(i.DMA1_Channel6_IRQHandler)
    DMA1_Channel7_IRQHandler                 0x0800419d   Thumb Code     2  stm32f10x_it.o(i.DMA1_Channel7_IRQHandler)
    DMA_Cmd                                  0x0800419f   Thumb Code    24  stm32f10x_dma.o(i.DMA_Cmd)
    DMA_DeInit                               0x080041b9   Thumb Code   324  stm32f10x_dma.o(i.DMA_DeInit)
    DMA_Init                                 0x08004305   Thumb Code    60  stm32f10x_dma.o(i.DMA_Init)
    DMAforADC_config                         0x08004341   Thumb Code    74  dmadrv.o(i.DMAforADC_config)
    DMAforUART1_RX_config                    0x08004395   Thumb Code    86  dmadrv.o(i.DMAforUART1_RX_config)
    DebugMon_Handler                         0x080043f5   Thumb Code     2  stm32f10x_it.o(i.DebugMon_Handler)
    EEInit                                   0x080043f9   Thumb Code   118  eeprom.o(i.EEInit)
    EERead_Byte                              0x08004481   Thumb Code     4  eeprom.o(i.EERead_Byte)
    EERead_String                            0x08004485   Thumb Code    62  eeprom.o(i.EERead_String)
    EEWrite_Byte                             0x080044c9   Thumb Code   112  eeprom.o(i.EEWrite_Byte)
    EEWrite_String                           0x08004545   Thumb Code   292  eeprom.o(i.EEWrite_String)
    EXTI0_IRQHandler                         0x08004675   Thumb Code     2  stm32f10x_it.o(i.EXTI0_IRQHandler)
    EXTI15_10_IRQHandler                     0x08004677   Thumb Code     2  stm32f10x_it.o(i.EXTI15_10_IRQHandler)
    EXTI1_IRQHandler                         0x08004679   Thumb Code     2  stm32f10x_it.o(i.EXTI1_IRQHandler)
    EXTI2_IRQHandler                         0x0800467b   Thumb Code     2  stm32f10x_it.o(i.EXTI2_IRQHandler)
    EXTI3_IRQHandler                         0x0800467d   Thumb Code     2  stm32f10x_it.o(i.EXTI3_IRQHandler)
    EXTI4_IRQHandler                         0x0800467f   Thumb Code     2  stm32f10x_it.o(i.EXTI4_IRQHandler)
    EXTI9_5_IRQHandler                       0x08004681   Thumb Code     2  stm32f10x_it.o(i.EXTI9_5_IRQHandler)
    EngineInit                               0x08004683   Thumb Code    36  fun.o(i.EngineInit)
    FLASH_ClearFlag                          0x080046a9   Thumb Code     6  stm32f10x_flash.o(i.FLASH_ClearFlag)
    FLASH_ErasePage                          0x080046b5   Thumb Code    72  stm32f10x_flash.o(i.FLASH_ErasePage)
    FLASH_GetBank1Status                     0x08004701   Thumb Code    48  stm32f10x_flash.o(i.FLASH_GetBank1Status)
    FLASH_IRQHandler                         0x08004735   Thumb Code     2  stm32f10x_it.o(i.FLASH_IRQHandler)
    FLASH_Lock                               0x08004739   Thumb Code    14  stm32f10x_flash.o(i.FLASH_Lock)
    FLASH_PrefetchBufferCmd                  0x0800474d   Thumb Code    22  stm32f10x_flash.o(i.FLASH_PrefetchBufferCmd)
    FLASH_ProgramWord                        0x08004769   Thumb Code   102  stm32f10x_flash.o(i.FLASH_ProgramWord)
    FLASH_SetLatency                         0x080047d5   Thumb Code    18  stm32f10x_flash.o(i.FLASH_SetLatency)
    FLASH_Unlock                             0x080047ed   Thumb Code    12  stm32f10x_flash.o(i.FLASH_Unlock)
    FLASH_WaitForLastOperation               0x08004805   Thumb Code    38  stm32f10x_flash.o(i.FLASH_WaitForLastOperation)
    GPIO_Init                                0x08004909   Thumb Code   278  stm32f10x_gpio.o(i.GPIO_Init)
    GPIO_PinRemapConfig                      0x08004a21   Thumb Code   138  stm32f10x_gpio.o(i.GPIO_PinRemapConfig)
    GPIO_config                              0x08004ab1   Thumb Code   316  coreinit.o(i.GPIO_config)
    HardFault_Handler                        0x08004bfd   Thumb Code    16  stm32f10x_it.o(i.HardFault_Handler)
    I2C1_ER_IRQHandler                       0x08004c11   Thumb Code     2  stm32f10x_it.o(i.I2C1_ER_IRQHandler)
    I2C1_EV_IRQHandler                       0x08004c13   Thumb Code     2  stm32f10x_it.o(i.I2C1_EV_IRQHandler)
    I2C2_ER_IRQHandler                       0x08004c15   Thumb Code     2  stm32f10x_it.o(i.I2C2_ER_IRQHandler)
    I2C2_EV_IRQHandler                       0x08004c17   Thumb Code     2  stm32f10x_it.o(i.I2C2_EV_IRQHandler)
    JSON_getJValue                           0x08004c35   Thumb Code   126  json.o(i.JSON_getJValue)
    MemManage_Handler                        0x08004cb9   Thumb Code     4  stm32f10x_it.o(i.MemManage_Handler)
    MemoryInit                               0x08004cbd   Thumb Code   136  fun.o(i.MemoryInit)
    NMI_Handler                              0x08004d5d   Thumb Code     2  stm32f10x_it.o(i.NMI_Handler)
    NVIC_Init                                0x08004d61   Thumb Code   100  misc.o(i.NVIC_Init)
    NVIC_PriorityGroupConfig                 0x08004dd1   Thumb Code    10  misc.o(i.NVIC_PriorityGroupConfig)
    NVIC_config                              0x08004de5   Thumb Code    42  coreinit.o(i.NVIC_config)
    PVD_IRQHandler                           0x08004e0f   Thumb Code     2  stm32f10x_it.o(i.PVD_IRQHandler)
    PWR_BackupAccessCmd                      0x08004e11   Thumb Code     6  stm32f10x_pwr.o(i.PWR_BackupAccessCmd)
    PendSV_Handler                           0x08004e1d   Thumb Code     2  stm32f10x_it.o(i.PendSV_Handler)
    RCC_ADCCLKConfig                         0x08004e21   Thumb Code    18  stm32f10x_rcc.o(i.RCC_ADCCLKConfig)
    RCC_AHBPeriphClockCmd                    0x08004e39   Thumb Code    26  stm32f10x_rcc.o(i.RCC_AHBPeriphClockCmd)
    RCC_APB1PeriphClockCmd                   0x08004e59   Thumb Code    26  stm32f10x_rcc.o(i.RCC_APB1PeriphClockCmd)
    RCC_APB2PeriphClockCmd                   0x08004e79   Thumb Code    26  stm32f10x_rcc.o(i.RCC_APB2PeriphClockCmd)
    RCC_BackupResetCmd                       0x08004e99   Thumb Code     6  stm32f10x_rcc.o(i.RCC_BackupResetCmd)
    RCC_DeInit                               0x08004ea5   Thumb Code    64  stm32f10x_rcc.o(i.RCC_DeInit)
    RCC_GetClocksFreq                        0x08004ef1   Thumb Code   192  stm32f10x_rcc.o(i.RCC_GetClocksFreq)
    RCC_GetFlagStatus                        0x08004fc5   Thumb Code    56  stm32f10x_rcc.o(i.RCC_GetFlagStatus)
    RCC_GetSYSCLKSource                      0x08005001   Thumb Code    10  stm32f10x_rcc.o(i.RCC_GetSYSCLKSource)
    RCC_HCLKConfig                           0x08005011   Thumb Code    18  stm32f10x_rcc.o(i.RCC_HCLKConfig)
    RCC_HSEConfig                            0x08005029   Thumb Code    70  stm32f10x_rcc.o(i.RCC_HSEConfig)
    RCC_IRQHandler                           0x08005075   Thumb Code     2  stm32f10x_it.o(i.RCC_IRQHandler)
    RCC_LSICmd                               0x08005079   Thumb Code     6  stm32f10x_rcc.o(i.RCC_LSICmd)
    RCC_PCLK1Config                          0x08005085   Thumb Code    18  stm32f10x_rcc.o(i.RCC_PCLK1Config)
    RCC_PCLK2Config                          0x0800509d   Thumb Code    20  stm32f10x_rcc.o(i.RCC_PCLK2Config)
    RCC_PLLCmd                               0x080050b5   Thumb Code     6  stm32f10x_rcc.o(i.RCC_PLLCmd)
    RCC_PLLConfig                            0x080050c1   Thumb Code    24  stm32f10x_rcc.o(i.RCC_PLLConfig)
    RCC_RTCCLKCmd                            0x080050dd   Thumb Code     6  stm32f10x_rcc.o(i.RCC_RTCCLKCmd)
    RCC_RTCCLKConfig                         0x080050e9   Thumb Code    12  stm32f10x_rcc.o(i.RCC_RTCCLKConfig)
    RCC_SYSCLKConfig                         0x080050f9   Thumb Code    18  stm32f10x_rcc.o(i.RCC_SYSCLKConfig)
    RCC_WaitForHSEStartUp                    0x08005111   Thumb Code    56  stm32f10x_rcc.o(i.RCC_WaitForHSEStartUp)
    RCC_config                               0x08005149   Thumb Code   204  coreinit.o(i.RCC_config)
    RTCAlarm_IRQHandler                      0x08005215   Thumb Code     2  stm32f10x_it.o(i.RTCAlarm_IRQHandler)
    RTC_EnterConfigMode                      0x08005219   Thumb Code    14  stm32f10x_rtc.o(i.RTC_EnterConfigMode)
    RTC_ExitConfigMode                       0x0800522d   Thumb Code    16  stm32f10x_rtc.o(i.RTC_ExitConfigMode)
    RTC_IRQHandler                           0x08005241   Thumb Code     2  stm32f10x_it.o(i.RTC_IRQHandler)
    RTC_Init                                 0x08005243   Thumb Code    66  coreinit.o(i.RTC_Init)
    RTC_SetPrescaler                         0x08005285   Thumb Code    26  stm32f10x_rtc.o(i.RTC_SetPrescaler)
    RTC_WaitForLastTask                      0x080052a5   Thumb Code    16  stm32f10x_rtc.o(i.RTC_WaitForLastTask)
    RTC_WaitForSynchro                       0x080052b9   Thumb Code    30  stm32f10x_rtc.o(i.RTC_WaitForSynchro)
    RegisterToServer                         0x080052dd   Thumb Code   354  fun.o(i.RegisterToServer)
    SPI1_IRQHandler                          0x080054cd   Thumb Code     2  stm32f10x_it.o(i.SPI1_IRQHandler)
    SPI2_IRQHandler                          0x080054cf   Thumb Code     2  stm32f10x_it.o(i.SPI2_IRQHandler)
    SVC_Handler                              0x080054d1   Thumb Code     2  stm32f10x_it.o(i.SVC_Handler)
    Server_ConnectTo                         0x080054d5   Thumb Code    54  serverdriver.o(i.Server_ConnectTo)
    Server_GetBody                           0x08005535   Thumb Code    70  serverdriver.o(i.Server_GetBody)
    Server_GetPOSTVars                       0x080055b9   Thumb Code    80  serverdriver.o(i.Server_GetPOSTVars)
    Server_Request                           0x0800563d   Thumb Code   290  serverdriver.o(i.Server_Request)
    Server_RxListen                          0x08005799   Thumb Code   242  serverdriver.o(i.Server_RxListen)
    Server_SendData                          0x080058ed   Thumb Code    96  serverdriver.o(i.Server_SendData)
    Server_StartRxListener                   0x08005999   Thumb Code    22  serverdriver.o(i.Server_StartRxListener)
    Server_checkForResponse                  0x080059c1   Thumb Code    40  serverdriver.o(i.Server_checkForResponse)
    Server_getPOSTVar                        0x080059f9   Thumb Code   126  serverdriver.o(i.Server_getPOSTVar)
    Server_getRequestLength                  0x08005a7d   Thumb Code   102  serverdriver.o(i.Server_getRequestLength)
    Server_putHttpRequestParams              0x08005ae5   Thumb Code    96  serverdriver.o(i.Server_putHttpRequestParams)
    SoilHygrometerInsolationInit             0x08005b81   Thumb Code    36  fun.o(i.SoilHygrometerInsolationInit)
    StartSys                                 0x08005bb1   Thumb Code   164  fun.o(i.StartSys)
    SysTick_CLKSourceConfig                  0x08005c5d   Thumb Code    40  misc.o(i.SysTick_CLKSourceConfig)
    SysTick_Handler                          0x08005c85   Thumb Code    34  stm32f10x_it.o(i.SysTick_Handler)
    SysTick_Init                             0x08005cb1   Thumb Code    94  coreinit.o(i.SysTick_Init)
    TAMPER_IRQHandler                        0x08005d19   Thumb Code     2  stm32f10x_it.o(i.TAMPER_IRQHandler)
    TIM1_BRK_IRQHandler                      0x08005d1b   Thumb Code     2  stm32f10x_it.o(i.TIM1_BRK_IRQHandler)
    TIM1_CC_IRQHandler                       0x08005d1d   Thumb Code     2  stm32f10x_it.o(i.TIM1_CC_IRQHandler)
    TIM1_TRG_COM_IRQHandler                  0x08005d1f   Thumb Code     2  stm32f10x_it.o(i.TIM1_TRG_COM_IRQHandler)
    TIM1_UP_IRQHandler                       0x08005d21   Thumb Code     2  stm32f10x_it.o(i.TIM1_UP_IRQHandler)
    TIM2_IRQHandler                          0x08005d23   Thumb Code     2  stm32f10x_it.o(i.TIM2_IRQHandler)
    TIM3_IRQHandler                          0x08005d25   Thumb Code     2  stm32f10x_it.o(i.TIM3_IRQHandler)
    TIM4_IRQHandler                          0x08005d27   Thumb Code     2  stm32f10x_it.o(i.TIM4_IRQHandler)
    TIM_ARRPreloadConfig                     0x08005d29   Thumb Code    24  stm32f10x_tim.o(i.TIM_ARRPreloadConfig)
    TIM_Cmd                                  0x08005d41   Thumb Code    24  stm32f10x_tim.o(i.TIM_Cmd)
    TIM_CtrlPWMOutputs                       0x08005d59   Thumb Code    30  stm32f10x_tim.o(i.TIM_CtrlPWMOutputs)
    TIM_OC1Init                              0x08005d79   Thumb Code   132  stm32f10x_tim.o(i.TIM_OC1Init)
    TIM_OC1PreloadConfig                     0x08005e11   Thumb Code    18  stm32f10x_tim.o(i.TIM_OC1PreloadConfig)
    TIM_OC2Init                              0x08005e25   Thumb Code   154  stm32f10x_tim.o(i.TIM_OC2Init)
    TIM_OC2PreloadConfig                     0x08005ec9   Thumb Code    26  stm32f10x_tim.o(i.TIM_OC2PreloadConfig)
    TIM_OC3Init                              0x08005ee5   Thumb Code   150  stm32f10x_tim.o(i.TIM_OC3Init)
    TIM_OC3PreloadConfig                     0x08005f85   Thumb Code    18  stm32f10x_tim.o(i.TIM_OC3PreloadConfig)
    TIM_OC4Init                              0x08005f99   Thumb Code   114  stm32f10x_tim.o(i.TIM_OC4Init)
    TIM_OC4PreloadConfig                     0x08006015   Thumb Code    26  stm32f10x_tim.o(i.TIM_OC4PreloadConfig)
    TIM_TimeBaseInit                         0x08006031   Thumb Code   122  stm32f10x_tim.o(i.TIM_TimeBaseInit)
    TimerBaseInit                            0x080060d5   Thumb Code    40  timerhighdrv.o(i.TimerBaseInit)
    TimerPWMStart                            0x080060fd   Thumb Code    42  timerhighdrv.o(i.TimerPWMStart)
    TimerPWMxOutInit                         0x08006131   Thumb Code   124  timerhighdrv.o(i.TimerPWMxOutInit)
    UART1_getRxData                          0x080061ad   Thumb Code    92  uartdrv.o(i.UART1_getRxData)
    UART1_init                               0x08006219   Thumb Code    66  uartdrv.o(i.UART1_init)
    UART1_putStr                             0x08006265   Thumb Code    22  uartdrv.o(i.UART1_putStr)
    USART1_IRQHandler                        0x0800627d   Thumb Code    70  stm32f10x_it.o(i.USART1_IRQHandler)
    USART2_IRQHandler                        0x080062d5   Thumb Code     2  stm32f10x_it.o(i.USART2_IRQHandler)
    USART3_IRQHandler                        0x080062d7   Thumb Code     2  stm32f10x_it.o(i.USART3_IRQHandler)
    USART_Cmd                                0x080062d9   Thumb Code    24  stm32f10x_usart.o(i.USART_Cmd)
    USART_DMACmd                             0x080062f1   Thumb Code    18  stm32f10x_usart.o(i.USART_DMACmd)
    USART_GetITStatus                        0x08006303   Thumb Code    84  stm32f10x_usart.o(i.USART_GetITStatus)
    USART_ITConfig                           0x08006357   Thumb Code    74  stm32f10x_usart.o(i.USART_ITConfig)
    USART_Init                               0x080063a1   Thumb Code   210  stm32f10x_usart.o(i.USART_Init)
    USART_SendData                           0x08006479   Thumb Code     8  stm32f10x_usart.o(i.USART_SendData)
    USBWakeUp_IRQHandler                     0x08006481   Thumb Code     2  stm32f10x_it.o(i.USBWakeUp_IRQHandler)
    UsageFault_Handler                       0x08006483   Thumb Code     4  stm32f10x_it.o(i.UsageFault_Handler)
    WWDG_IRQHandler                          0x08006487   Thumb Code     2  stm32f10x_it.o(i.WWDG_IRQHandler)
    WiFiInit                                 0x08006489   Thumb Code   236  fun.o(i.WiFiInit)
    WiFi_InitApMode                          0x080065b1   Thumb Code   170  wifimgr.o(i.WiFi_InitApMode)
    WiFi_InitClientMode                      0x080066b1   Thumb Code    34  wifimgr.o(i.WiFi_InitClientMode)
    WiFi_IsAsleep                            0x080066e5   Thumb Code     6  wifimgr.o(i.WiFi_IsAsleep)
    WiFi_IsWiFiConnected                     0x080066f1   Thumb Code    50  wifimgr.o(i.WiFi_IsWiFiConnected)
    WiFi_Sleep                               0x08006739   Thumb Code    20  wifimgr.o(i.WiFi_Sleep)
    WiFi_StartWiFiConnecting                 0x08006755   Thumb Code    54  wifimgr.o(i.WiFi_StartWiFiConnecting)
    WiFi_Wakeup                              0x080067a5   Thumb Code    52  wifimgr.o(i.WiFi_Wakeup)
    __0sprintf                               0x080067ed   Thumb Code    34  printfa.o(i.__0sprintf)
    __1sprintf                               0x080067ed   Thumb Code     0  printfa.o(i.__0sprintf)
    __2sprintf                               0x080067ed   Thumb Code     0  printfa.o(i.__0sprintf)
    __c89sprintf                             0x080067ed   Thumb Code     0  printfa.o(i.__0sprintf)
    sprintf                                  0x080067ed   Thumb Code     0  printfa.o(i.__0sprintf)
    __scatterload_copy                       0x08006815   Thumb Code    14  handlers.o(i.__scatterload_copy)
    __scatterload_null                       0x08006823   Thumb Code     2  handlers.o(i.__scatterload_null)
    __scatterload_zeroinit                   0x08006825   Thumb Code    14  handlers.o(i.__scatterload_zeroinit)
    _delay_ms                                0x08006833   Thumb Code    18  coreinit.o(i._delay_ms)
    _delay_us                                0x08006845   Thumb Code    52  coreinit.o(i._delay_us)
    esp8266_checkResponse                    0x0800711d   Thumb Code    48  esp8266drv.o(i.esp8266_checkResponse)
    esp8266_sendAsk                          0x08007159   Thumb Code    30  esp8266drv.o(i.esp8266_sendAsk)
    esp8266_sendData                         0x08007185   Thumb Code    38  esp8266drv.o(i.esp8266_sendData)
    esp8266_waitForPrompt                    0x080071b9   Thumb Code    90  esp8266drv.o(i.esp8266_waitForPrompt)
    esp8266_waitForResp                      0x0800721d   Thumb Code    62  esp8266drv.o(i.esp8266_waitForResp)
    esp8266_waitForSpecResp                  0x08007261   Thumb Code    92  esp8266drv.o(i.esp8266_waitForSpecResp)
    free                                     0x080072c1   Thumb Code    76  malloc.o(i.free)
    getButtonState                           0x08007311   Thumb Code    46  fun.o(i.getButtonState)
    getDHTData                               0x08007341   Thumb Code   278  fun.o(i.getDHTData)
    getDuration                              0x0800745d   Thumb Code    52  coreinit.o(i.getDuration)
    getInsolation                            0x08007499   Thumb Code    36  fun.o(i.getInsolation)
    getSoilMoisture                          0x080074c1   Thumb Code    74  fun.o(i.getSoilMoisture)
    getTimeStamp                             0x08007515   Thumb Code    32  coreinit.o(i.getTimeStamp)
    main                                     0x08007539   Thumb Code  1492  main.o(i.main)
    malloc                                   0x08007b1d   Thumb Code    92  malloc.o(i.malloc)
    uart1_putc                               0x08007b89   Thumb Code    46  uartdrv.o(i.uart1_putc)
    __ctype_categories                       0x08007bc8   Data          64  ctype_c.o(.constdata)
    Region$$Table$$Base                      0x08007c08   Number         0  anon$$obj.o(Region$$Table)
    Region$$Table$$Limit                     0x08007c28   Number         0  anon$$obj.o(Region$$Table)
    seconds                                  0x20000000   Data           4  globalvar.o(.data)
    runMode                                  0x20000004   Data           1  globalvar.o(.data)
    serverResp                               0x20000008   Data           4  serverdriver.o(.data)
    sleep                                    0x2000000e   Data           1  wifimgr.o(.data)
    sla                                      0x20000010   Data           1  eeprom.o(.data)
    currentPageNo                            0x20000011   Data           1  eeprom.o(.data)
    pagesAdr                                 0x20000014   Data           8  eeprom.o(.data)
    offset                                   0x2000001c   Data           2  eeprom.o(.data)
    _UART1_TxHead                            0x20000032   Data           1  uartdrv.o(.data)
    _UART1_TxTail                            0x20000033   Data           1  uartdrv.o(.data)
    __microlib_freelist                      0x20000038   Data           4  mvars.o(.data)
    __microlib_freelist_initialised          0x2000003c   Data           4  mvars.o(.data)
    adcData                                  0x20000040   Data          12  fun.o(.bss)
    client                                   0x2000004c   Data          12  serverdriver.o(.bss)
    UART1_TxLine                             0x20000859   Data          32  uartdrv.o(.bss)
    __heap_base                              0x20000880   Data           0  mod_startup_stm32f10x_md.o(HEAP)
    __heap_limit                             0x20001080   Data           0  mod_startup_stm32f10x_md.o(HEAP)
    __initial_sp                             0x20001880   Data           0  mod_startup_stm32f10x_md.o(STACK)



==============================================================================

Memory Map of the image

  Image Entry point : 0x080030ed

  Load Region LR_IROM1 (Base: 0x08003000, Size: 0x00004c68, Max: 0x00010000, ABSOLUTE)

    Execution Region ER_IROM1 (Base: 0x08003000, Size: 0x00004c28, Max: 0x00010000, ABSOLUTE)

    Base Addr    Size         Type   Attr      Idx    E Section Name        Object

    0x08003000   0x000000ec   Data   RO         3094    RESET               mod_startup_stm32f10x_md.o
    0x080030ec   0x00000000   Code   RO         3144  * .ARM.Collect$$$$00000000  mc_w.l(entry.o)
    0x080030ec   0x00000004   Code   RO         3452    .ARM.Collect$$$$00000001  mc_w.l(entry2.o)
    0x080030f0   0x00000004   Code   RO         3455    .ARM.Collect$$$$00000004  mc_w.l(entry5.o)
    0x080030f4   0x00000000   Code   RO         3457    .ARM.Collect$$$$00000008  mc_w.l(entry7b.o)
    0x080030f4   0x00000000   Code   RO         3459    .ARM.Collect$$$$0000000A  mc_w.l(entry8b.o)
    0x080030f4   0x00000008   Code   RO         3460    .ARM.Collect$$$$0000000B  mc_w.l(entry9a.o)
    0x080030fc   0x00000000   Code   RO         3462    .ARM.Collect$$$$0000000D  mc_w.l(entry10a.o)
    0x080030fc   0x00000000   Code   RO         3464    .ARM.Collect$$$$0000000F  mc_w.l(entry11a.o)
    0x080030fc   0x00000004   Code   RO         3453    .ARM.Collect$$$$00002712  mc_w.l(entry2.o)
    0x08003100   0x00000024   Code   RO         3095    .text               mod_startup_stm32f10x_md.o
    0x08003124   0x00000018   Code   RO         3147    .text               mc_w.l(strcat.o)
    0x0800313c   0x00000024   Code   RO         3149    .text               mc_w.l(strstr.o)
    0x08003160   0x00000018   Code   RO         3151    .text               mc_w.l(strncpy.o)
    0x08003178   0x0000000e   Code   RO         3153    .text               mc_w.l(strlen.o)
    0x08003186   0x0000001c   Code   RO         3155    .text               mc_w.l(strcmp.o)
    0x080031a2   0x00000002   PAD
    0x080031a4   0x00000038   Code   RO         3446    .text               mc_w.l(__0sscanf.o)
    0x080031dc   0x0000014c   Code   RO         3448    .text               mc_w.l(_scanf_int.o)
    0x08003328   0x0000002c   Code   RO         3469    .text               mc_w.l(uidiv.o)
    0x08003354   0x00000062   Code   RO         3471    .text               mc_w.l(uldiv.o)
    0x080033b6   0x0000001c   Code   RO         3479    .text               mc_w.l(_chval.o)
    0x080033d2   0x00000002   PAD
    0x080033d4   0x00000028   Code   RO         3481    .text               mc_w.l(scanf_char.o)
    0x080033fc   0x00000040   Code   RO         3483    .text               mc_w.l(_sgetc.o)
    0x0800343c   0x00000000   Code   RO         3485    .text               mc_w.l(iusefp.o)
    0x0800343c   0x0000014e   Code   RO         3486    .text               mf_w.l(dadd.o)
    0x0800358a   0x000000e4   Code   RO         3488    .text               mf_w.l(dmul.o)
    0x0800366e   0x000000de   Code   RO         3490    .text               mf_w.l(ddiv.o)
    0x0800374c   0x00000030   Code   RO         3492    .text               mf_w.l(dfixul.o)
    0x0800377c   0x00000030   Code   RO         3494    .text               mf_w.l(cdrcmple.o)
    0x080037ac   0x00000024   Code   RO         3496    .text               mc_w.l(init.o)
    0x080037d0   0x0000001e   Code   RO         3499    .text               mc_w.l(llshl.o)
    0x080037ee   0x00000020   Code   RO         3501    .text               mc_w.l(llushr.o)
    0x0800380e   0x00000024   Code   RO         3503    .text               mc_w.l(llsshr.o)
    0x08003832   0x0000000a   Code   RO         3505    .text               mc_w.l(isspace_c.o)
    0x0800383c   0x0000032c   Code   RO         3507    .text               mc_w.l(_scanf.o)
    0x08003b68   0x000000ba   Code   RO         3510    .text               mf_w.l(depilogue.o)
    0x08003c22   0x00000002   PAD
    0x08003c24   0x00000028   Code   RO         3512    .text               mc_w.l(ctype_c.o)
    0x08003c4c   0x00000002   Code   RO         2590    i.ADC1_2_IRQHandler  stm32f10x_it.o
    0x08003c4e   0x00000016   Code   RO          646    i.ADC_Cmd           stm32f10x_adc.o
    0x08003c64   0x00000016   Code   RO          647    i.ADC_DMACmd        stm32f10x_adc.o
    0x08003c7a   0x00000014   Code   RO          654    i.ADC_GetCalibrationStatus  stm32f10x_adc.o
    0x08003c8e   0x00000014   Code   RO          660    i.ADC_GetResetCalibrationStatus  stm32f10x_adc.o
    0x08003ca2   0x00000002   PAD
    0x08003ca4   0x00000050   Code   RO          664    i.ADC_Init          stm32f10x_adc.o
    0x08003cf4   0x000000b8   Code   RO          668    i.ADC_RegularChannelConfig  stm32f10x_adc.o
    0x08003dac   0x0000000a   Code   RO          669    i.ADC_ResetCalibration  stm32f10x_adc.o
    0x08003db6   0x00000016   Code   RO          671    i.ADC_SoftwareStartConvCmd  stm32f10x_adc.o
    0x08003dcc   0x0000000a   Code   RO          673    i.ADC_StartCalibration  stm32f10x_adc.o
    0x08003dd6   0x00000002   PAD
    0x08003dd8   0x000000b0   Code   RO         2381    i.ADC_config        adchighdrv.o
    0x08003e88   0x00000010   Code   RO          864    i.BKP_DeInit        stm32f10x_bkp.o
    0x08003e98   0x00000038   Code   RO          147    i.BlinkError        fun.o
    0x08003ed0   0x00000148   Code   RO          148    i.BuildAPResponse   fun.o
    0x08004018   0x00000004   Code   RO         2592    i.BusFault_Handler  stm32f10x_it.o
    0x0800401c   0x000000b4   Code   RO          528    i.ChangePage        eeprom.o
    0x080040d0   0x00000020   Code   RO         3021    i.CoreInit          coreinit.o
    0x080040f0   0x00000050   Code   RO          149    i.DHT11Init         fun.o
    0x08004140   0x00000050   Code   RO          150    i.DHT11_waitFor     fun.o
    0x08004190   0x00000002   Code   RO         2595    i.DMA1_Channel1_IRQHandler  stm32f10x_it.o
    0x08004192   0x00000002   Code   RO         2596    i.DMA1_Channel2_IRQHandler  stm32f10x_it.o
    0x08004194   0x00000002   Code   RO         2597    i.DMA1_Channel3_IRQHandler  stm32f10x_it.o
    0x08004196   0x00000002   Code   RO         2598    i.DMA1_Channel4_IRQHandler  stm32f10x_it.o
    0x08004198   0x00000002   Code   RO         2599    i.DMA1_Channel5_IRQHandler  stm32f10x_it.o
    0x0800419a   0x00000002   Code   RO         2600    i.DMA1_Channel6_IRQHandler  stm32f10x_it.o
    0x0800419c   0x00000002   Code   RO         2601    i.DMA1_Channel7_IRQHandler  stm32f10x_it.o
    0x0800419e   0x00000018   Code   RO          942    i.DMA_Cmd           stm32f10x_dma.o
    0x080041b6   0x00000002   PAD
    0x080041b8   0x0000014c   Code   RO          943    i.DMA_DeInit        stm32f10x_dma.o
    0x08004304   0x0000003c   Code   RO          948    i.DMA_Init          stm32f10x_dma.o
    0x08004340   0x00000054   Code   RO         2414    i.DMAforADC_config  dmadrv.o
    0x08004394   0x00000060   Code   RO         2415    i.DMAforUART1_RX_config  dmadrv.o
    0x080043f4   0x00000002   Code   RO         2606    i.DebugMon_Handler  stm32f10x_it.o
    0x080043f6   0x00000002   PAD
    0x080043f8   0x00000088   Code   RO          529    i.EEInit            eeprom.o
    0x08004480   0x00000004   Code   RO          530    i.EERead_Byte       eeprom.o
    0x08004484   0x00000044   Code   RO          531    i.EERead_String     eeprom.o
    0x080044c8   0x0000007c   Code   RO          532    i.EEWrite_Byte      eeprom.o
    0x08004544   0x00000130   Code   RO          533    i.EEWrite_String    eeprom.o
    0x08004674   0x00000002   Code   RO         2607    i.EXTI0_IRQHandler  stm32f10x_it.o
    0x08004676   0x00000002   Code   RO         2608    i.EXTI15_10_IRQHandler  stm32f10x_it.o
    0x08004678   0x00000002   Code   RO         2609    i.EXTI1_IRQHandler  stm32f10x_it.o
    0x0800467a   0x00000002   Code   RO         2610    i.EXTI2_IRQHandler  stm32f10x_it.o
    0x0800467c   0x00000002   Code   RO         2611    i.EXTI3_IRQHandler  stm32f10x_it.o
    0x0800467e   0x00000002   Code   RO         2612    i.EXTI4_IRQHandler  stm32f10x_it.o
    0x08004680   0x00000002   Code   RO         2613    i.EXTI9_5_IRQHandler  stm32f10x_it.o
    0x08004682   0x00000024   Code   RO          151    i.EngineInit        fun.o
    0x080046a6   0x00000002   PAD
    0x080046a8   0x0000000c   Code   RO         1012    i.FLASH_ClearFlag   stm32f10x_flash.o
    0x080046b4   0x0000004c   Code   RO         1017    i.FLASH_ErasePage   stm32f10x_flash.o
    0x08004700   0x00000034   Code   RO         1018    i.FLASH_GetBank1Status  stm32f10x_flash.o
    0x08004734   0x00000002   Code   RO         2614    i.FLASH_IRQHandler  stm32f10x_it.o
    0x08004736   0x00000002   PAD
    0x08004738   0x00000014   Code   RO         1027    i.FLASH_Lock        stm32f10x_flash.o
    0x0800474c   0x0000001c   Code   RO         1029    i.FLASH_PrefetchBufferCmd  stm32f10x_flash.o
    0x08004768   0x0000006c   Code   RO         1032    i.FLASH_ProgramWord  stm32f10x_flash.o
    0x080047d4   0x00000018   Code   RO         1034    i.FLASH_SetLatency  stm32f10x_flash.o
    0x080047ec   0x00000018   Code   RO         1035    i.FLASH_Unlock      stm32f10x_flash.o
    0x08004804   0x00000026   Code   RO         1039    i.FLASH_WaitForLastOperation  stm32f10x_flash.o
    0x0800482a   0x0000004a   Code   RO          534    i.FindMaxLessThan   eeprom.o
    0x08004874   0x0000003c   Code   RO          535    i.FindOffset        eeprom.o
    0x080048b0   0x00000058   Code   RO          536    i.FindVarAddress    eeprom.o
    0x08004908   0x00000116   Code   RO         1192    i.GPIO_Init         stm32f10x_gpio.o
    0x08004a1e   0x00000002   PAD
    0x08004a20   0x00000090   Code   RO         1194    i.GPIO_PinRemapConfig  stm32f10x_gpio.o
    0x08004ab0   0x0000014c   Code   RO         3022    i.GPIO_config       coreinit.o
    0x08004bfc   0x00000014   Code   RO         2616    i.HardFault_Handler  stm32f10x_it.o
    0x08004c10   0x00000002   Code   RO         2617    i.I2C1_ER_IRQHandler  stm32f10x_it.o
    0x08004c12   0x00000002   Code   RO         2618    i.I2C1_EV_IRQHandler  stm32f10x_it.o
    0x08004c14   0x00000002   Code   RO         2619    i.I2C2_ER_IRQHandler  stm32f10x_it.o
    0x08004c16   0x00000002   Code   RO         2620    i.I2C2_EV_IRQHandler  stm32f10x_it.o
    0x08004c18   0x0000001c   Code   RO          537    i.IsEnoughtMemory   eeprom.o
    0x08004c34   0x00000084   Code   RO          409    i.JSON_getJValue    json.o
    0x08004cb8   0x00000004   Code   RO         2621    i.MemManage_Handler  stm32f10x_it.o
    0x08004cbc   0x000000a0   Code   RO          152    i.MemoryInit        fun.o
    0x08004d5c   0x00000002   Code   RO         2622    i.NMI_Handler       stm32f10x_it.o
    0x08004d5e   0x00000002   PAD
    0x08004d60   0x00000070   Code   RO          604    i.NVIC_Init         misc.o
    0x08004dd0   0x00000014   Code   RO          605    i.NVIC_PriorityGroupConfig  misc.o
    0x08004de4   0x0000002a   Code   RO         3023    i.NVIC_config       coreinit.o
    0x08004e0e   0x00000002   Code   RO         2623    i.PVD_IRQHandler    stm32f10x_it.o
    0x08004e10   0x0000000c   Code   RO         1300    i.PWR_BackupAccessCmd  stm32f10x_pwr.o
    0x08004e1c   0x00000002   Code   RO         2624    i.PendSV_Handler    stm32f10x_it.o
    0x08004e1e   0x00000002   PAD
    0x08004e20   0x00000018   Code   RO         1450    i.RCC_ADCCLKConfig  stm32f10x_rcc.o
    0x08004e38   0x00000020   Code   RO         1451    i.RCC_AHBPeriphClockCmd  stm32f10x_rcc.o
    0x08004e58   0x00000020   Code   RO         1452    i.RCC_APB1PeriphClockCmd  stm32f10x_rcc.o
    0x08004e78   0x00000020   Code   RO         1454    i.RCC_APB2PeriphClockCmd  stm32f10x_rcc.o
    0x08004e98   0x0000000c   Code   RO         1457    i.RCC_BackupResetCmd  stm32f10x_rcc.o
    0x08004ea4   0x0000004c   Code   RO         1461    i.RCC_DeInit        stm32f10x_rcc.o
    0x08004ef0   0x000000d4   Code   RO         1462    i.RCC_GetClocksFreq  stm32f10x_rcc.o
    0x08004fc4   0x0000003c   Code   RO         1463    i.RCC_GetFlagStatus  stm32f10x_rcc.o
    0x08005000   0x00000010   Code   RO         1465    i.RCC_GetSYSCLKSource  stm32f10x_rcc.o
    0x08005010   0x00000018   Code   RO         1466    i.RCC_HCLKConfig    stm32f10x_rcc.o
    0x08005028   0x0000004c   Code   RO         1467    i.RCC_HSEConfig     stm32f10x_rcc.o
    0x08005074   0x00000002   Code   RO         2625    i.RCC_IRQHandler    stm32f10x_it.o
    0x08005076   0x00000002   PAD
    0x08005078   0x0000000c   Code   RO         1471    i.RCC_LSICmd        stm32f10x_rcc.o
    0x08005084   0x00000018   Code   RO         1473    i.RCC_PCLK1Config   stm32f10x_rcc.o
    0x0800509c   0x00000018   Code   RO         1474    i.RCC_PCLK2Config   stm32f10x_rcc.o
    0x080050b4   0x0000000c   Code   RO         1475    i.RCC_PLLCmd        stm32f10x_rcc.o
    0x080050c0   0x0000001c   Code   RO         1476    i.RCC_PLLConfig     stm32f10x_rcc.o
    0x080050dc   0x0000000c   Code   RO         1477    i.RCC_RTCCLKCmd     stm32f10x_rcc.o
    0x080050e8   0x00000010   Code   RO         1478    i.RCC_RTCCLKConfig  stm32f10x_rcc.o
    0x080050f8   0x00000018   Code   RO         1479    i.RCC_SYSCLKConfig  stm32f10x_rcc.o
    0x08005110   0x00000038   Code   RO         1481    i.RCC_WaitForHSEStartUp  stm32f10x_rcc.o
    0x08005148   0x000000cc   Code   RO         3024    i.RCC_config        coreinit.o
    0x08005214   0x00000002   Code   RO         2626    i.RTCAlarm_IRQHandler  stm32f10x_it.o
    0x08005216   0x00000002   PAD
    0x08005218   0x00000014   Code   RO         1362    i.RTC_EnterConfigMode  stm32f10x_rtc.o
    0x0800522c   0x00000014   Code   RO         1363    i.RTC_ExitConfigMode  stm32f10x_rtc.o
    0x08005240   0x00000002   Code   RO         2627    i.RTC_IRQHandler    stm32f10x_it.o
    0x08005242   0x00000042   Code   RO         3025    i.RTC_Init          coreinit.o
    0x08005284   0x00000020   Code   RO         1371    i.RTC_SetPrescaler  stm32f10x_rtc.o
    0x080052a4   0x00000014   Code   RO         1372    i.RTC_WaitForLastTask  stm32f10x_rtc.o
    0x080052b8   0x00000024   Code   RO         1373    i.RTC_WaitForSynchro  stm32f10x_rtc.o
    0x080052dc   0x000001f0   Code   RO          153    i.RegisterToServer  fun.o
    0x080054cc   0x00000002   Code   RO         2629    i.SPI1_IRQHandler   stm32f10x_it.o
    0x080054ce   0x00000002   Code   RO         2630    i.SPI2_IRQHandler   stm32f10x_it.o
    0x080054d0   0x00000002   Code   RO         2632    i.SVC_Handler       stm32f10x_it.o
    0x080054d2   0x00000002   PAD
    0x080054d4   0x00000060   Code   RO          330    i.Server_ConnectTo  serverdriver.o
    0x08005534   0x00000084   Code   RO          331    i.Server_GetBody    serverdriver.o
    0x080055b8   0x00000084   Code   RO          332    i.Server_GetPOSTVars  serverdriver.o
    0x0800563c   0x0000015c   Code   RO          333    i.Server_Request    serverdriver.o
    0x08005798   0x00000154   Code   RO          334    i.Server_RxListen   serverdriver.o
    0x080058ec   0x000000ac   Code   RO          335    i.Server_SendData   serverdriver.o
    0x08005998   0x00000028   Code   RO          336    i.Server_StartRxListener  serverdriver.o
    0x080059c0   0x00000038   Code   RO          337    i.Server_checkForResponse  serverdriver.o
    0x080059f8   0x00000084   Code   RO          338    i.Server_getPOSTVar  serverdriver.o
    0x08005a7c   0x00000066   Code   RO          339    i.Server_getRequestLength  serverdriver.o
    0x08005ae2   0x00000002   PAD
    0x08005ae4   0x0000009c   Code   RO          340    i.Server_putHttpRequestParams  serverdriver.o
    0x08005b80   0x00000030   Code   RO          154    i.SoilHygrometerInsolationInit  fun.o
    0x08005bb0   0x000000ac   Code   RO          155    i.StartSys          fun.o
    0x08005c5c   0x00000028   Code   RO          608    i.SysTick_CLKSourceConfig  misc.o
    0x08005c84   0x0000002c   Code   RO         2633    i.SysTick_Handler   stm32f10x_it.o
    0x08005cb0   0x00000068   Code   RO         3026    i.SysTick_Init      coreinit.o
    0x08005d18   0x00000002   Code   RO         2634    i.TAMPER_IRQHandler  stm32f10x_it.o
    0x08005d1a   0x00000002   Code   RO         2635    i.TIM1_BRK_IRQHandler  stm32f10x_it.o
    0x08005d1c   0x00000002   Code   RO         2636    i.TIM1_CC_IRQHandler  stm32f10x_it.o
    0x08005d1e   0x00000002   Code   RO         2637    i.TIM1_TRG_COM_IRQHandler  stm32f10x_it.o
    0x08005d20   0x00000002   Code   RO         2638    i.TIM1_UP_IRQHandler  stm32f10x_it.o
    0x08005d22   0x00000002   Code   RO         2639    i.TIM2_IRQHandler   stm32f10x_it.o
    0x08005d24   0x00000002   Code   RO         2640    i.TIM3_IRQHandler   stm32f10x_it.o
    0x08005d26   0x00000002   Code   RO         2641    i.TIM4_IRQHandler   stm32f10x_it.o
    0x08005d28   0x00000018   Code   RO         1834    i.TIM_ARRPreloadConfig  stm32f10x_tim.o
    0x08005d40   0x00000018   Code   RO         1846    i.TIM_Cmd           stm32f10x_tim.o
    0x08005d58   0x0000001e   Code   RO         1848    i.TIM_CtrlPWMOutputs  stm32f10x_tim.o
    0x08005d76   0x00000002   PAD
    0x08005d78   0x00000098   Code   RO         1875    i.TIM_OC1Init       stm32f10x_tim.o
    0x08005e10   0x00000012   Code   RO         1878    i.TIM_OC1PreloadConfig  stm32f10x_tim.o
    0x08005e22   0x00000002   PAD
    0x08005e24   0x000000a4   Code   RO         1880    i.TIM_OC2Init       stm32f10x_tim.o
    0x08005ec8   0x0000001a   Code   RO         1883    i.TIM_OC2PreloadConfig  stm32f10x_tim.o
    0x08005ee2   0x00000002   PAD
    0x08005ee4   0x000000a0   Code   RO         1885    i.TIM_OC3Init       stm32f10x_tim.o
    0x08005f84   0x00000012   Code   RO         1888    i.TIM_OC3PreloadConfig  stm32f10x_tim.o
    0x08005f96   0x00000002   PAD
    0x08005f98   0x0000007c   Code   RO         1890    i.TIM_OC4Init       stm32f10x_tim.o
    0x08006014   0x0000001a   Code   RO         1892    i.TIM_OC4PreloadConfig  stm32f10x_tim.o
    0x0800602e   0x00000002   PAD
    0x08006030   0x000000a4   Code   RO         1917    i.TIM_TimeBaseInit  stm32f10x_tim.o
    0x080060d4   0x00000028   Code   RO         2432    i.TimerBaseInit     timerhighdrv.o
    0x080060fc   0x00000034   Code   RO         2436    i.TimerPWMStart     timerhighdrv.o
    0x08006130   0x0000007c   Code   RO         2437    i.TimerPWMxOutInit  timerhighdrv.o
    0x080061ac   0x0000006c   Code   RO         2481    i.UART1_getRxData   uartdrv.o
    0x08006218   0x0000004c   Code   RO         2482    i.UART1_init        uartdrv.o
    0x08006264   0x00000016   Code   RO         2492    i.UART1_putStr      uartdrv.o
    0x0800627a   0x00000002   PAD
    0x0800627c   0x00000058   Code   RO         2651    i.USART1_IRQHandler  stm32f10x_it.o
    0x080062d4   0x00000002   Code   RO         2652    i.USART2_IRQHandler  stm32f10x_it.o
    0x080062d6   0x00000002   Code   RO         2653    i.USART3_IRQHandler  stm32f10x_it.o
    0x080062d8   0x00000018   Code   RO         1654    i.USART_Cmd         stm32f10x_usart.o
    0x080062f0   0x00000012   Code   RO         1655    i.USART_DMACmd      stm32f10x_usart.o
    0x08006302   0x00000054   Code   RO         1658    i.USART_GetITStatus  stm32f10x_usart.o
    0x08006356   0x0000004a   Code   RO         1660    i.USART_ITConfig    stm32f10x_usart.o
    0x080063a0   0x000000d8   Code   RO         1661    i.USART_Init        stm32f10x_usart.o
    0x08006478   0x00000008   Code   RO         1671    i.USART_SendData    stm32f10x_usart.o
    0x08006480   0x00000002   Code   RO         2654    i.USBWakeUp_IRQHandler  stm32f10x_it.o
    0x08006482   0x00000004   Code   RO         2657    i.UsageFault_Handler  stm32f10x_it.o
    0x08006486   0x00000002   Code   RO         2658    i.WWDG_IRQHandler   stm32f10x_it.o
    0x08006488   0x00000128   Code   RO          156    i.WiFiInit          fun.o
    0x080065b0   0x00000100   Code   RO          450    i.WiFi_InitApMode   wifimgr.o
    0x080066b0   0x00000034   Code   RO          451    i.WiFi_InitClientMode  wifimgr.o
    0x080066e4   0x0000000c   Code   RO          452    i.WiFi_IsAsleep     wifimgr.o
    0x080066f0   0x00000048   Code   RO          453    i.WiFi_IsWiFiConnected  wifimgr.o
    0x08006738   0x0000001c   Code   RO          454    i.WiFi_Sleep        wifimgr.o
    0x08006754   0x00000050   Code   RO          455    i.WiFi_StartWiFiConnecting  wifimgr.o
    0x080067a4   0x00000048   Code   RO          456    i.WiFi_Wakeup       wifimgr.o
    0x080067ec   0x00000028   Code   RO         3392    i.__0sprintf        mc_w.l(printfa.o)
    0x08006814   0x0000000e   Code   RO         3517    i.__scatterload_copy  mc_w.l(handlers.o)
    0x08006822   0x00000002   Code   RO         3518    i.__scatterload_null  mc_w.l(handlers.o)
    0x08006824   0x0000000e   Code   RO         3519    i.__scatterload_zeroinit  mc_w.l(handlers.o)
    0x08006832   0x00000012   Code   RO         3027    i._delay_ms         coreinit.o
    0x08006844   0x0000003c   Code   RO         3028    i._delay_us         coreinit.o
    0x08006880   0x00000164   Code   RO         3397    i._fp_digits        mc_w.l(printfa.o)
    0x080069e4   0x000006dc   Code   RO         3398    i._printf_core      mc_w.l(printfa.o)
    0x080070c0   0x00000024   Code   RO         3399    i._printf_post_padding  mc_w.l(printfa.o)
    0x080070e4   0x0000002e   Code   RO         3400    i._printf_pre_padding  mc_w.l(printfa.o)
    0x08007112   0x0000000a   Code   RO         3402    i._sputc            mc_w.l(printfa.o)
    0x0800711c   0x0000003c   Code   RO          261    i.esp8266_checkResponse  esp8266drv.o
    0x08007158   0x0000002c   Code   RO          263    i.esp8266_sendAsk   esp8266drv.o
    0x08007184   0x00000034   Code   RO          265    i.esp8266_sendData  esp8266drv.o
    0x080071b8   0x00000064   Code   RO          266    i.esp8266_waitForPrompt  esp8266drv.o
    0x0800721c   0x00000044   Code   RO          267    i.esp8266_waitForResp  esp8266drv.o
    0x08007260   0x00000060   Code   RO          269    i.esp8266_waitForSpecResp  esp8266drv.o
    0x080072c0   0x00000050   Code   RO         3418    i.free              mc_w.l(malloc.o)
    0x08007310   0x0000002e   Code   RO          157    i.getButtonState    fun.o
    0x0800733e   0x00000002   PAD
    0x08007340   0x0000011c   Code   RO          158    i.getDHTData        fun.o
    0x0800745c   0x0000003c   Code   RO         3029    i.getDuration       coreinit.o
    0x08007498   0x00000028   Code   RO          159    i.getInsolation     fun.o
    0x080074c0   0x00000054   Code   RO          160    i.getSoilMoisture   fun.o
    0x08007514   0x00000024   Code   RO         3030    i.getTimeStamp      coreinit.o
    0x08007538   0x000005e4   Code   RO           66    i.main              main.o
    0x08007b1c   0x0000006c   Code   RO         3419    i.malloc            mc_w.l(malloc.o)
    0x08007b88   0x00000040   Code   RO         2495    i.uart1_putc        uartdrv.o
    0x08007bc8   0x00000040   Data   RO         3513    .constdata          mc_w.l(ctype_c.o)
    0x08007c08   0x00000020   Data   RO         3515    Region$$Table       anon$$obj.o


    Execution Region RW_IRAM1 (Base: 0x20000000, Size: 0x00001880, Max: 0x0000c000, ABSOLUTE)

    Base Addr    Size         Type   Attr      Idx    E Section Name        Object

    0x20000000   0x00000005   Data   RW            2    .data               globalvar.o
    0x20000005   0x00000003   PAD
    0x20000008   0x00000006   Data   RW          342    .data               serverdriver.o
    0x2000000e   0x00000001   Data   RW          457    .data               wifimgr.o
    0x2000000f   0x00000001   PAD
    0x20000010   0x0000000e   Data   RW          538    .data               eeprom.o
    0x2000001e   0x00000014   Data   RW         1482    .data               stm32f10x_rcc.o
    0x20000032   0x00000003   Data   RW         2497    .data               uartdrv.o
    0x20000035   0x00000003   PAD
    0x20000038   0x00000004   Data   RW         3477    .data               mc_w.l(mvars.o)
    0x2000003c   0x00000004   Data   RW         3478    .data               mc_w.l(mvars.o)
    0x20000040   0x0000000c   Zero   RW          162    .bss                fun.o
    0x2000004c   0x0000000c   Zero   RW          341    .bss                serverdriver.o
    0x20000058   0x00000821   Zero   RW         2496    .bss                uartdrv.o
    0x20000879   0x00000007   PAD
    0x20000880   0x00000800   Zero   RW         3093    HEAP                mod_startup_stm32f10x_md.o
    0x20001080   0x00000800   Zero   RW         3092    STACK               mod_startup_stm32f10x_md.o


==============================================================================

Image component sizes


      Code (inc. data)   RO Data    RW Data    ZI Data      Debug   Object Name

       176          6          0          0          0        601   adchighdrv.o
       954         50          0          0          0      21068   coreinit.o
       180         20          0          0          0       1391   dmadrv.o
      1066         72          0         14          0       6739   eeprom.o
       420         60          0          0          0       3721   esp8266drv.o
      2206        372          0          0         12      10923   fun.o
         0          0          0          5          0     280607   globalvar.o
       132          6          0          0          0        769   json.o
      1508        290          0          0          0       3571   main.o
       172         22          0          0          0       2613   misc.o
        36          8        236          0       4096        824   mod_startup_stm32f10x_md.o
      1706        488          0          6         12       8943   serverdriver.o
       390         10          0          0          0       8701   stm32f10x_adc.o
        16          0          0          0          0        605   stm32f10x_bkp.o
       416          8          0          0          0       3970   stm32f10x_dma.o
       382         50          0          0          0       7769   stm32f10x_flash.o
       422          6          0          0          0       3234   stm32f10x_gpio.o
       248         32          0          0          0      20319   stm32f10x_it.o
        12          6          0          0          0        634   stm32f10x_pwr.o
       804        126          0         20          0      16374   stm32f10x_rcc.o
       128         26          0          0          0       3077   stm32f10x_rtc.o
       930         92          0          0          0       9737   stm32f10x_tim.o
       424          6          0          0          0       6510   stm32f10x_usart.o
       216         10          0          0          0       2311   timerhighdrv.o
       270         44          0          3       2081       3593   uartdrv.o
       572        186          0          1          0       4397   wifimgr.o

    ----------------------------------------------------------------------
     13826       1996        268         56       6208     433001   Object Totals
         0          0         32          0          0          0   (incl. Generated)
        40          0          0          7          7          0   (incl. Padding)

    ----------------------------------------------------------------------

      Code (inc. data)   RO Data    RW Data    ZI Data      Debug   Library Member Name

        56          8          0          0          0         84   __0sscanf.o
        28          0          0          0          0         68   _chval.o
       812          4          0          0          0        112   _scanf.o
       332          0          0          0          0         96   _scanf_int.o
        64          0          0          0          0         84   _sgetc.o
        40          6         64          0          0         68   ctype_c.o
         0          0          0          0          0          0   entry.o
         0          0          0          0          0          0   entry10a.o
         0          0          0          0          0          0   entry11a.o
         8          4          0          0          0          0   entry2.o
         4          0          0          0          0          0   entry5.o
         0          0          0          0          0          0   entry7b.o
         0          0          0          0          0          0   entry8b.o
         8          4          0          0          0          0   entry9a.o
        30          0          0          0          0          0   handlers.o
        36          8          0          0          0         68   init.o
        10          0          0          0          0         68   isspace_c.o
         0          0          0          0          0          0   iusefp.o
        30          0          0          0          0         68   llshl.o
        36          0          0          0          0         68   llsshr.o
        32          0          0          0          0         68   llushr.o
       188         20          0          0          0        160   malloc.o
         0          0          0          8          0          0   mvars.o
      2244         86          0          0          0        512   printfa.o
        40          8          0          0          0         84   scanf_char.o
        24          0          0          0          0         68   strcat.o
        28          0          0          0          0         76   strcmp.o
        14          0          0          0          0         68   strlen.o
        24          0          0          0          0         76   strncpy.o
        36          0          0          0          0         80   strstr.o
        44          0          0          0          0         80   uidiv.o
        98          0          0          0          0         92   uldiv.o
        48          0          0          0          0         68   cdrcmple.o
       334          0          0          0          0        148   dadd.o
       222          0          0          0          0        100   ddiv.o
       186          0          0          0          0        176   depilogue.o
        48          0          0          0          0         68   dfixul.o
       228          0          0          0          0         96   dmul.o

    ----------------------------------------------------------------------
      5338        148         64          8          0       2804   Library Totals
         6          0          0          0          0          0   (incl. Padding)

    ----------------------------------------------------------------------

      Code (inc. data)   RO Data    RW Data    ZI Data      Debug   Library Name

      4266        148         64          8          0       2148   mc_w.l
      1066          0          0          0          0        656   mf_w.l

    ----------------------------------------------------------------------
      5338        148         64          8          0       2804   Library Totals

    ----------------------------------------------------------------------

==============================================================================


      Code (inc. data)   RO Data    RW Data    ZI Data      Debug   

     19164       2144        332         64       6208     424777   Grand Totals
     19164       2144        332         64       6208     424777   ELF Image Totals
     19164       2144        332         64          0          0   ROM Totals

==============================================================================

    Total RO  Size (Code + RO Data)                19496 (  19.04kB)
    Total RW  Size (RW Data + ZI Data)              6272 (   6.13kB)
    Total ROM Size (Code + RO Data + RW Data)      19560 (  19.10kB)

==============================================================================

