<html>
<body>
<pre>
<h1>µVision Build Log</h1>
<h2>Tool Versions:</h2>
IDE-Version: µVision V5.18a
Copyright (C) 2016 ARM Ltd and ARM Germany GmbH. All rights reserved.
License Information: d d, d, LIC=----
 
Tool Versions:
Toolchain:       MDK-Lite  Version: 5.18a
Toolchain Path:  C:\Keil_v5\ARM\ARMCC\Bin
C Compiler:      Armcc.exe V5.06 update 1 (build 61)
Assembler:       Armasm.exe V5.06 update 1 (build 61)
Linker/Locator:  ArmLink.exe V5.06 update 1 (build 61)
Library Manager: ArmAr.exe V5.06 update 1 (build 61)
Hex Converter:   FromElf.exe V5.06 update 1 (build 61)
CPU DLL:         SARMCM3.DLL V5.18a
Dialog DLL:      DCM.DLL V1.13.6.0
Target DLL:      STLink\ST-LINKIII-KEIL_SWO.dll V2.0.18.0
Dialog DLL:      TCM.DLL V1.14.8.0
 
<h2>Project:</h2>
C:\Documents and Settings\dkulpa\My Documents\ARM\projects\MioGiapicco\MioGiapicco.uvprojx
Project File Date:  08/01/2016

<h2>Output:</h2>
*** Using Compiler 'V5.06 update 1 (build 61)', folder: 'C:\Keil_v5\ARM\ARMCC\Bin'
Build target 'Target 1'
compiling main.c...
main.c(281): warning:  #111-D: statement is unreachable
        return 0;
main.c: 1 warning, 0 errors
compiling fun.c...
fun\fun.c(107): warning:  #177-D: variable "j" was declared but never referenced
        uint32_t j;
fun\fun.c(206): warning:  #167-D: argument of type "volatile char *" is incompatible with parameter of type "char *"
                                        server_responseStr=Server_GetBody(_UART1_RxLine);
fun\fun.c: 2 warnings, 0 errors
compiling esp8266Drv.c...
fun\esp8266Drv.c(90): warning:  #1-D: last line of file ends without a newline
  #endif
fun\esp8266Drv.c: 1 warning, 0 errors
compiling ServerDriver.c...
fun\ServerDriver.c(102): warning:  #181-D: argument is incompatible with corresponding format string conversion
                sscanf((const char*)_UART1_RxLine, "+IPD,%d,", &client.id);
fun\ServerDriver.c(295): warning:  #177-D: variable "dataP" was declared but never referenced
        char *dataP;
fun\ServerDriver.c: 2 warnings, 0 errors
compiling WiFiMgr.c...
fun\WiFiMgr.c(48): warning:  #940-D: missing return statement at end of non-void function "WiFi_InitClientMode"
  }
fun\WiFiMgr.c(42): warning:  #177-D: variable "apData" was declared but never referenced
        char apData[60];
fun\WiFiMgr.c(53): warning:  #940-D: missing return statement at end of non-void function "WiFi_Sleep"
  }
fun\WiFiMgr.c(61): warning:  #940-D: missing return statement at end of non-void function "WiFi_Wakeup"
  }
fun\WiFiMgr.c(72): warning:  #940-D: missing return statement at end of non-void function "WiFi_StartWiFiConnecting"
  }
fun\WiFiMgr.c: 5 warnings, 0 errors
compiling eeprom.c...
fun\eeprom.c(95): warning:  #167-D: argument of type "char *" is incompatible with parameter of type "uint8_t *"
                                I2C2_write16_buf(sla, adr+1+i, 1, &(str[i]));
fun\eeprom.c: 1 warning, 0 errors
compiling DMADrv.c...
compiling UartDrv.c...
compiling I2cDrv.c...
compiling stm32f10x_it.c...
compiling coreInit.c...
linking...
Program Size: Code=18732 RO-data=332 RW-data=44 ZI-data=5692  
FromELF: creating hex file...
".\obj\MioGiapicco.axf" - 0 Error(s), 12 Warning(s).

<h2>Collection of Component include folders:</h2>
  C:\Documents and Settings\dkulpa\My Documents\ARM\projects\MioGiapicco\RTE
  C:\Keil_v5\ARM\PACK\Keil\STM32F1xx_DFP\2.1.0\Device\Include

<h2>Collection of Component Files used:</h2>
Build Time Elapsed:  00:00:06
</pre>
</body>
</html>
